04-24 08:01:46.208  1092  7960 D android.hardware.gnss-service.ranchu: Gnss:onGnssLocationCb:321
04-24 08:01:46.208  1092  7960 D android.hardware.gnss-service.ranchu: GnssHwListener:consume:87 sz=64
04-24 08:01:46.224  1092  7960 D android.hardware.gnss-service.ranchu: GnssHwListener:consume:87 sz=64
04-24 08:01:46.224  1092  7960 D android.hardware.gnss-service.ranchu: Gnss:onGnssLocationCb:311
04-24 08:01:46.225  1092  7960 D android.hardware.gnss-service.ranchu: Gnss:onGnssLocationCb:321
04-24 08:01:46.225  1092  7960 D android.hardware.gnss-service.ranchu: GnssHwListener:consume:87 sz=64
04-24 08:01:46.233  1092  7960 D android.hardware.gnss-service.ranchu: GnssHwListener:consume:87 sz=64
04-24 08:01:46.234  1092  7960 D android.hardware.gnss-service.ranchu: Gnss:onGnssLocationCb:311
04-24 08:01:46.235  1092  7960 D android.hardware.gnss-service.ranchu: Gnss:onGnssLocationCb:321
04-24 08:01:46.235  1092  7960 D android.hardware.gnss-service.ranchu: GnssHwListener:consume:87 sz=64
04-24 08:01:46.237  1092  7960 D android.hardware.gnss-service.ranchu: GnssHwListener:consume:87 sz=64
04-24 08:01:46.238  1092  7960 D android.hardware.gnss-service.ranchu: Gnss:onGnssLocationCb:311
04-24 08:01:46.239  1092  7960 D android.hardware.gnss-service.ranchu: Gnss:onGnssLocationCb:321
04-24 08:01:46.239  1092  7960 D android.hardware.gnss-service.ranchu: GnssHwListener:consume:87 sz=64
04-24 08:01:46.241  1092  7960 D android.hardware.gnss-service.ranchu: GnssHwListener:consume:87 sz=64
04-24 08:01:46.242  1092  7960 D android.hardware.gnss-service.ranchu: Gnss:onGnssLocationCb:311
04-24 08:01:46.242  1092  7960 D android.hardware.gnss-service.ranchu: Gnss:onGnssLocationCb:321
04-24 08:01:46.242  1092  7960 D android.hardware.gnss-service.ranchu: GnssHwListener:consume:87 sz=64
04-24 08:01:46.262  1092  7960 D android.hardware.gnss-service.ranchu: GnssHwListener:consume:87 sz=64
04-24 08:01:46.262  1092  7960 D android.hardware.gnss-service.ranchu: Gnss:onGnssLocationCb:311
04-24 08:01:46.262  1092  7960 D android.hardware.gnss-service.ranchu: Gnss:onGnssLocationCb:321
04-24 08:01:46.263  1092  7960 D android.hardware.gnss-service.ranchu: GnssHwListener:consume:87 sz=64
04-24 08:01:46.271  1092  7960 D android.hardware.gnss-service.ranchu: GnssHwListener:consume:87 sz=64
04-24 08:01:46.271  1092  7960 D android.hardware.gnss-service.ranchu: Gnss:onGnssLocationCb:311
04-24 08:01:46.272  1092  7960 D android.hardware.gnss-service.ranchu: Gnss:onGnssLocationCb:321
04-24 08:01:46.272  1092  7960 D android.hardware.gnss-service.ranchu: GnssHwListener:consume:87 sz=64
04-24 08:01:46.284  1092  7960 D android.hardware.gnss-service.ranchu: GnssHwListener:consume:87 sz=64
04-24 08:01:46.284  1092  7960 D android.hardware.gnss-service.ranchu: Gnss:onGnssLocationCb:311
04-24 08:01:46.284  1092  7960 D android.hardware.gnss-service.ranchu: Gnss:onGnssLocationCb:321
04-24 08:01:46.284  1092  7960 D android.hardware.gnss-service.ranchu: GnssHwListener:consume:87 sz=64
04-24 08:01:46.293  1092  7960 D android.hardware.gnss-service.ranchu: GnssHwListener:consume:87 sz=64
04-24 08:01:46.295  1092  7960 D android.hardware.gnss-service.ranchu: Gnss:onGnssLocationCb:311
04-24 08:01:46.295  1092  7960 D android.hardware.gnss-service.ranchu: Gnss:onGnssLocationCb:321
04-24 08:01:46.295  1092  7960 D android.hardware.gnss-service.ranchu: GnssHwListener:consume:87 sz=64
04-24 08:01:46.320  1092  7960 D android.hardware.gnss-service.ranchu: GnssHwListener:consume:87 sz=64
04-24 08:01:46.320  1092  7960 D android.hardware.gnss-service.ranchu: Gnss:onGnssLocationCb:311
04-24 08:01:46.321  1092  7960 D android.hardware.gnss-service.ranchu: Gnss:onGnssLocationCb:321
04-24 08:01:46.321  1092  7960 D android.hardware.gnss-service.ranchu: GnssHwListener:consume:87 sz=64
04-24 08:01:46.332  1092  7960 D android.hardware.gnss-service.ranchu: GnssHwListener:consume:87 sz=64
04-24 08:01:46.332  1092  7960 D android.hardware.gnss-service.ranchu: Gnss:onGnssLocationCb:311
04-24 08:01:46.332  1092  7960 D android.hardware.gnss-service.ranchu: Gnss:onGnssLocationCb:321
04-24 08:01:46.333  1092  7960 D android.hardware.gnss-service.ranchu: GnssHwListener:consume:87 sz=64
04-24 08:01:46.338  1092  7960 D android.hardware.gnss-service.ranchu: GnssHwListener:consume:87 sz=64
04-24 08:01:46.338  1092  7960 D android.hardware.gnss-service.ranchu: Gnss:onGnssLocationCb:311
04-24 08:01:46.338  1092  7960 D android.hardware.gnss-service.ranchu: Gnss:onGnssLocationCb:321
04-24 08:01:46.338  1092  7960 D android.hardware.gnss-service.ranchu: GnssHwListener:consume:87 sz=64
04-24 08:01:46.349  1092  7960 D android.hardware.gnss-service.ranchu: GnssHwListener:consume:87 sz=64
04-24 08:01:46.350  1092  7960 D android.hardware.gnss-service.ranchu: Gnss:onGnssLocationCb:311
04-24 08:01:46.351  1092  7960 D android.hardware.gnss-service.ranchu: Gnss:onGnssLocationCb:321
04-24 08:01:46.351  1092  7960 D android.hardware.gnss-service.ranchu: GnssHwListener:consume:87 sz=64
04-24 08:01:46.353  1092  7960 D android.hardware.gnss-service.ranchu: GnssHwListener:consume:87 sz=64
04-24 08:01:46.353  1092  7960 D android.hardware.gnss-service.ranchu: Gnss:onGnssLocationCb:311
04-24 08:01:46.354  1092  7960 D android.hardware.gnss-service.ranchu: Gnss:onGnssLocationCb:321
04-24 08:01:46.354  1092  7960 D android.hardware.gnss-service.ranchu: GnssHwListener:consume:87 sz=64
04-24 08:01:46.356  1092  7960 D android.hardware.gnss-service.ranchu: GnssHwListener:consume:87 sz=64
04-24 08:01:46.356  1092  7960 D android.hardware.gnss-service.ranchu: Gnss:onGnssLocationCb:311
04-24 08:01:46.357  1092  7960 D android.hardware.gnss-service.ranchu: Gnss:onGnssLocationCb:321
04-24 08:01:46.357  1092  7960 D android.hardware.gnss-service.ranchu: GnssHwListener:consume:87 sz=64
04-24 08:01:46.363  1092  7960 D android.hardware.gnss-service.ranchu: GnssHwListener:consume:87 sz=64
04-24 08:01:46.364  1092  7960 D android.hardware.gnss-service.ranchu: Gnss:onGnssLocationCb:311
04-24 08:01:46.364  1092  7960 D android.hardware.gnss-service.ranchu: Gnss:onGnssLocationCb:333
04-24 08:01:46.415  1092  7960 D android.hardware.gnss-service.ranchu: GnssHwListener:consume:87 sz=64
04-24 08:01:46.426  1092  7960 D android.hardware.gnss-service.ranchu: GnssHwListener:consume:87 sz=64
04-24 08:01:46.426  1092  7960 D android.hardware.gnss-service.ranchu: Gnss:onGnssLocationCb:311
04-24 08:01:46.426  1092  7960 D android.hardware.gnss-service.ranchu: Gnss:onGnssLocationCb:333
04-24 08:01:46.429  1092  7960 D android.hardware.gnss-service.ranchu: GnssHwListener:consume:87 sz=64
04-24 08:01:46.438  1092  7960 D android.hardware.gnss-service.ranchu: GnssHwListener:consume:87 sz=64
04-24 08:01:46.439  1092  7960 D android.hardware.gnss-service.ranchu: Gnss:onGnssLocationCb:311
04-24 08:01:46.439  1092  7960 D android.hardware.gnss-service.ranchu: Gnss:onGnssLocationCb:333
04-24 08:01:46.442  1092  7960 D android.hardware.gnss-service.ranchu: GnssHwListener:consume:87 sz=64
04-24 08:01:46.446   753   779 E AppOps  : attributionTag UwbCountryCode not declared in manifest of android
04-24 08:01:46.460  1092  7960 D android.hardware.gnss-service.ranchu: GnssHwListener:consume:87 sz=64
04-24 08:01:46.460  1092  7960 D android.hardware.gnss-service.ranchu: Gnss:onGnssLocationCb:311
04-24 08:01:46.461  1092  7960 D android.hardware.gnss-service.ranchu: Gnss:onGnssLocationCb:333
04-24 08:01:46.463  1092  7960 D android.hardware.gnss-service.ranchu: GnssHwListener:consume:87 sz=64
04-24 08:01:46.468  1092  7960 D android.hardware.gnss-service.ranchu: GnssHwListener:consume:87 sz=64
04-24 08:01:46.468  1092  7960 D android.hardware.gnss-service.ranchu: Gnss:onGnssLocationCb:311
04-24 08:01:46.469  1092  7960 D android.hardware.gnss-service.ranchu: Gnss:onGnssLocationCb:333
04-24 08:01:46.471  1092  7960 D android.hardware.gnss-service.ranchu: GnssHwListener:consume:87 sz=64
04-24 08:01:46.484  1092  7960 D android.hardware.gnss-service.ranchu: GnssHwListener:consume:87 sz=64
04-24 08:01:46.484  1092  7960 D android.hardware.gnss-service.ranchu: Gnss:onGnssLocationCb:311
04-24 08:01:46.484  1092  7960 D android.hardware.gnss-service.ranchu: Gnss:onGnssLocationCb:333
04-24 08:01:46.488  1092  7960 D android.hardware.gnss-service.ranchu: GnssHwListener:consume:87 sz=64
04-24 08:01:46.490  1092  7960 D android.hardware.gnss-service.ranchu: GnssHwListener:consume:87 sz=64
04-24 08:01:46.492  1092  7960 D android.hardware.gnss-service.ranchu: Gnss:onGnssLocationCb:311
04-24 08:01:46.492  1092  7960 D android.hardware.gnss-service.ranchu: Gnss:onGnssLocationCb:333
04-24 08:01:46.526  1092  7960 D android.hardware.gnss-service.ranchu: GnssHwListener:consume:87 sz=64
04-24 08:01:46.532  1092  7960 D android.hardware.gnss-service.ranchu: GnssHwListener:consume:87 sz=64
04-24 08:01:46.533  1092  7960 D android.hardware.gnss-service.ranchu: Gnss:onGnssLocationCb:311
04-24 08:01:46.533  1092  7960 D android.hardware.gnss-service.ranchu: Gnss:onGnssLocationCb:333
04-24 08:01:46.535  1092  7960 D android.hardware.gnss-service.ranchu: GnssHwListener:consume:87 sz=64
04-24 08:01:46.540  1092  7960 D android.hardware.gnss-service.ranchu: GnssHwListener:consume:87 sz=64
04-24 08:01:46.540  1092  7960 D android.hardware.gnss-service.ranchu: Gnss:onGnssLocationCb:311
04-24 08:01:46.543  1092  7960 D android.hardware.gnss-service.ranchu: Gnss:onGnssLocationCb:333
04-24 08:01:46.556  1092  7960 D android.hardware.gnss-service.ranchu: GnssHwListener:consume:87 sz=64
04-24 08:01:46.559  1092  7960 D android.hardware.gnss-service.ranchu: GnssHwListener:consume:87 sz=64
04-24 08:01:46.561  1092  7960 D android.hardware.gnss-service.ranchu: Gnss:onGnssLocationCb:311
04-24 08:01:46.561  1092  7960 D android.hardware.gnss-service.ranchu: Gnss:onGnssLocationCb:333
04-24 08:01:46.575  1092  7960 D android.hardware.gnss-service.ranchu: GnssHwListener:consume:87 sz=64
04-24 08:01:46.590  1092  7960 D android.hardware.gnss-service.ranchu: GnssHwListener:consume:87 sz=64
04-24 08:01:46.604  1092  7960 D android.hardware.gnss-service.ranchu: Gnss:onGnssLocationCb:311
04-24 08:01:46.605  1092  7960 D android.hardware.gnss-service.ranchu: Gnss:onGnssLocationCb:333
04-24 08:01:46.609  1092  7960 D android.hardware.gnss-service.ranchu: GnssHwListener:consume:87 sz=64
04-24 08:01:46.621  1092  7960 D android.hardware.gnss-service.ranchu: GnssHwListener:consume:87 sz=64
04-24 08:01:46.622  1092  7960 D android.hardware.gnss-service.ranchu: Gnss:onGnssLocationCb:311
04-24 08:01:46.623  1092  7960 D android.hardware.gnss-service.ranchu: Gnss:onGnssLocationCb:333
04-24 08:01:46.629  4869  4987 W PersonalSafety: LastLocation was null: no distance computed [CONTEXT service_id=310 ]
04-24 08:01:46.637  4869  7791 I GmsCoreXrpcWrapper: (REDACTED) Returning a channel provider with trafficStatsTag=%d trafficStatsUid=%d
04-24 08:01:46.639  1092  7960 D android.hardware.gnss-service.ranchu: GnssHwListener:consume:87 sz=64
04-24 08:01:46.641  1092  7960 D android.hardware.gnss-service.ranchu: GnssHwListener:consume:87 sz=64
04-24 08:01:46.643  1092  7960 D android.hardware.gnss-service.ranchu: Gnss:onGnssLocationCb:311
04-24 08:01:46.645  1092  7960 D android.hardware.gnss-service.ranchu: Gnss:onGnssLocationCb:333
04-24 08:01:46.652  1092  7960 D android.hardware.gnss-service.ranchu: GnssHwListener:consume:87 sz=64
04-24 08:01:46.671  1092  7960 D android.hardware.gnss-service.ranchu: GnssHwListener:consume:87 sz=64
04-24 08:01:46.672  1092  7960 D android.hardware.gnss-service.ranchu: Gnss:onGnssLocationCb:311
04-24 08:01:46.672  1092  7960 D android.hardware.gnss-service.ranchu: Gnss:onGnssLocationCb:333
04-24 08:01:46.677  1092  7960 D android.hardware.gnss-service.ranchu: GnssHwListener:consume:87 sz=64
04-24 08:01:46.717  4869  4987 W PersonalSafety: Ble scanner not running, ignore location update [CONTEXT service_id=310 ]
04-24 08:01:46.722  1092  7960 D android.hardware.gnss-service.ranchu: GnssHwListener:consume:87 sz=64
04-24 08:01:46.723  1092  7960 D android.hardware.gnss-service.ranchu: Gnss:onGnssLocationCb:311
04-24 08:01:46.723  1092  7960 D android.hardware.gnss-service.ranchu: Gnss:onGnssLocationCb:333
04-24 08:01:46.767  1092  7960 D android.hardware.gnss-service.ranchu: GnssHwListener:consume:87 sz=64
04-24 08:01:46.771   753  1018 D OomAdjuster: Not killing cached processes
04-24 08:01:46.772  4869  4920 I FusedLocation: (REDACTED) location delivery to %s blocked - too fast
04-24 08:01:46.773  4869  4920 I FusedLocation: (REDACTED) location delivery to %s blocked - too fast
04-24 08:01:46.775  4869  4920 I FusedLocation: (REDACTED) location delivery to %s blocked - too fast
04-24 08:01:46.785   753  1018 D ActivityManager: sync unfroze 4899 com.google.android.gms for 6
04-24 08:01:46.795   753   981 D BackgroundInstallControlService: Package event received: 0
04-24 08:01:46.802  1092  7960 D android.hardware.gnss-service.ranchu: GnssHwListener:consume:87 sz=64
04-24 08:01:46.802  1092  7960 D android.hardware.gnss-service.ranchu: Gnss:onGnssLocationCb:311
04-24 08:01:46.802  1092  7960 D android.hardware.gnss-service.ranchu: Gnss:onGnssLocationCb:333
04-24 08:01:46.804  1092  7960 D android.hardware.gnss-service.ranchu: GnssHwListener:consume:87 sz=64
04-24 08:01:46.806  1092  7960 D android.hardware.gnss-service.ranchu: GnssHwListener:consume:87 sz=64
04-24 08:01:46.806  1092  7960 D android.hardware.gnss-service.ranchu: Gnss:onGnssLocationCb:311
04-24 08:01:46.807  1092  7960 D android.hardware.gnss-service.ranchu: Gnss:onGnssLocationCb:333
04-24 08:01:46.810  1092  7960 D android.hardware.gnss-service.ranchu: GnssHwListener:consume:87 sz=64
04-24 08:01:46.813  1092  7960 D android.hardware.gnss-service.ranchu: GnssHwListener:consume:87 sz=64
04-24 08:01:46.815  1092  7960 D android.hardware.gnss-service.ranchu: Gnss:onGnssLocationCb:311
04-24 08:01:46.815  1092  7960 D android.hardware.gnss-service.ranchu: Gnss:onGnssLocationCb:333
04-24 08:01:46.817  1092  7960 D android.hardware.gnss-service.ranchu: GnssHwListener:consume:87 sz=64
04-24 08:01:46.848  1092  7960 D android.hardware.gnss-service.ranchu: GnssHwListener:consume:87 sz=64
04-24 08:01:46.848  1092  7960 D android.hardware.gnss-service.ranchu: Gnss:onGnssLocationCb:311
04-24 08:01:46.849  1092  7960 D android.hardware.gnss-service.ranchu: Gnss:onGnssLocationCb:333
04-24 08:01:46.852  1092  7960 D android.hardware.gnss-service.ranchu: GnssHwListener:consume:87 sz=64
04-24 08:01:46.855  1092  7960 D android.hardware.gnss-service.ranchu: GnssHwListener:consume:87 sz=64
04-24 08:01:46.856  1092  7960 D android.hardware.gnss-service.ranchu: Gnss:onGnssLocationCb:311
04-24 08:01:46.856  1092  7960 D android.hardware.gnss-service.ranchu: Gnss:onGnssLocationCb:333
04-24 08:01:46.860  1092  7960 D android.hardware.gnss-service.ranchu: GnssHwListener:consume:87 sz=64
04-24 08:01:46.861  4869  4972 I FusedLocation: (REDACTED) stationary throttling engaged @%s
04-24 08:01:46.864  1092  7960 D android.hardware.gnss-service.ranchu: GnssHwListener:consume:87 sz=64
04-24 08:01:46.864  1092  7960 D android.hardware.gnss-service.ranchu: Gnss:onGnssLocationCb:311
04-24 08:01:46.864  1092  7960 D android.hardware.gnss-service.ranchu: Gnss:onGnssLocationCb:333
04-24 08:01:46.866  1092  7960 D android.hardware.gnss-service.ranchu: GnssHwListener:consume:87 sz=64
04-24 08:01:46.883  4869  4920 I FusedLocation: (REDACTED) location delivery to %s blocked - too fast
04-24 08:01:46.887  4869  4920 I FusedLocation: (REDACTED) location delivery to %s blocked - too fast
04-24 08:01:46.888  4869  4920 I FusedLocation: (REDACTED) location delivery to %s blocked - too fast
04-24 08:01:46.888  1092  7960 D android.hardware.gnss-service.ranchu: GnssHwListener:consume:87 sz=64
04-24 08:01:46.889  1092  7960 D android.hardware.gnss-service.ranchu: Gnss:onGnssLocationCb:311
04-24 08:01:46.889  1092  7960 D android.hardware.gnss-service.ranchu: Gnss:onGnssLocationCb:333
04-24 08:01:46.891  1092  7960 D android.hardware.gnss-service.ranchu: GnssHwListener:consume:87 sz=64
04-24 08:01:46.906  1092  7960 D android.hardware.gnss-service.ranchu: GnssHwListener:consume:87 sz=64
04-24 08:01:46.906  1092  7960 D android.hardware.gnss-service.ranchu: Gnss:onGnssLocationCb:311
04-24 08:01:46.907  4869  4920 I FusedLocation: (REDACTED) location delivery to %s blocked - too fast
04-24 08:01:46.908  1092  7960 D android.hardware.gnss-service.ranchu: Gnss:onGnssLocationCb:333
04-24 08:01:46.909  1092  7960 D android.hardware.gnss-service.ranchu: GnssHwListener:consume:87 sz=64
04-24 08:01:46.914  1092  7960 D android.hardware.gnss-service.ranchu: GnssHwListener:consume:87 sz=64
04-24 08:01:46.915  1092  7960 D android.hardware.gnss-service.ranchu: Gnss:onGnssLocationCb:311
04-24 08:01:46.915  1092  7960 D android.hardware.gnss-service.ranchu: Gnss:onGnssLocationCb:333
04-24 08:01:46.920  1092  7960 D android.hardware.gnss-service.ranchu: GnssHwListener:consume:87 sz=64
04-24 08:01:46.923  4869  4920 I FusedLocation: (REDACTED) location delivery to %s blocked - too fast
04-24 08:01:46.924  4869  4920 I FusedLocation: (REDACTED) location delivery to %s blocked - too fast
04-24 08:01:46.932  4869  4920 I FusedLocation: (REDACTED) location delivery to %s blocked - too fast
04-24 08:01:46.933  4869  4920 I FusedLocation: (REDACTED) location delivery to %s blocked - too fast
04-24 08:01:46.936  4869  4920 I FusedLocation: (REDACTED) location delivery to %s blocked - too fast
04-24 08:01:46.938  1092  7960 D android.hardware.gnss-service.ranchu: GnssHwListener:consume:87 sz=64
04-24 08:01:46.938  1092  7960 D android.hardware.gnss-service.ranchu: Gnss:onGnssLocationCb:311
04-24 08:01:46.938  1092  7960 D android.hardware.gnss-service.ranchu: Gnss:onGnssLocationCb:333
04-24 08:01:46.939  4869  4920 I FusedLocation: (REDACTED) location delivery to %s blocked - too fast
04-24 08:01:46.940  4869  4920 I FusedLocation: (REDACTED) location delivery to %s blocked - too fast
04-24 08:01:46.941  4869  4920 I FusedLocation: (REDACTED) location delivery to %s blocked - too fast
04-24 08:01:46.948  4869  4920 I FusedLocation: (REDACTED) location delivery to %s blocked - too fast
04-24 08:01:46.948  1092  7960 D android.hardware.gnss-service.ranchu: GnssHwListener:consume:87 sz=64
04-24 08:01:46.949  4869  4920 I FusedLocation: (REDACTED) location delivery to %s blocked - too fast
04-24 08:01:46.951  4869  4920 I FusedLocation: (REDACTED) location delivery to %s blocked - too fast
04-24 08:01:46.960  1092  7960 D android.hardware.gnss-service.ranchu: GnssHwListener:consume:87 sz=64
04-24 08:01:46.960  1092  7960 D android.hardware.gnss-service.ranchu: Gnss:onGnssLocationCb:311
04-24 08:01:46.961  1092  7960 D android.hardware.gnss-service.ranchu: Gnss:onGnssLocationCb:333
04-24 08:01:46.965  4869  4898 D CompatChangeReporter: Compat change id reported: 288912692; UID 10155; state: ENABLED
04-24 08:01:46.967  1092  7960 D android.hardware.gnss-service.ranchu: GnssHwListener:consume:87 sz=64
04-24 08:01:46.969  1092  7960 D android.hardware.gnss-service.ranchu: GnssHwListener:consume:87 sz=64
04-24 08:01:46.969  1092  7960 D android.hardware.gnss-service.ranchu: Gnss:onGnssLocationCb:311
04-24 08:01:46.969  1092  7960 D android.hardware.gnss-service.ranchu: Gnss:onGnssLocationCb:333
04-24 08:01:46.971  4869  4920 I FusedLocation: (REDACTED) location delivery to %s blocked - too fast
04-24 08:01:46.971  4869  4920 I FusedLocation: (REDACTED) location delivery to %s blocked - too fast
04-24 08:01:46.972  4869  4920 I FusedLocation: (REDACTED) location delivery to %s blocked - too fast
04-24 08:01:46.975  1092  7960 D android.hardware.gnss-service.ranchu: GnssHwListener:consume:87 sz=64
04-24 08:01:46.982  4899  4899 D BoundBrokerSvc: onBind: Intent { act=com.google.android.gms.auth.service.START xflg=0x4 pkg=com.google.android.gms }
04-24 08:01:46.983  1092  7960 D android.hardware.gnss-service.ranchu: GnssHwListener:consume:87 sz=64
04-24 08:01:46.983  1092  7960 D android.hardware.gnss-service.ranchu: Gnss:onGnssLocationCb:311
04-24 08:01:46.983  1092  7960 D android.hardware.gnss-service.ranchu: Gnss:onGnssLocationCb:333
04-24 08:01:46.985  4899  4899 D BoundBrokerSvc: Loading bound service for intent: Intent { act=com.google.android.gms.auth.service.START xflg=0x4 pkg=com.google.android.gms }
04-24 08:01:46.990  1092  7960 D android.hardware.gnss-service.ranchu: GnssHwListener:consume:87 sz=64
04-24 08:01:46.993  1092  7960 D android.hardware.gnss-service.ranchu: GnssHwListener:consume:87 sz=64
04-24 08:01:46.994  1092  7960 D android.hardware.gnss-service.ranchu: Gnss:onGnssLocationCb:311
04-24 08:01:46.994  1092  7960 D android.hardware.gnss-service.ranchu: Gnss:onGnssLocationCb:333
04-24 08:01:46.996  1092  7960 D android.hardware.gnss-service.ranchu: GnssHwListener:consume:87 sz=64
04-24 08:01:47.009  1092  7960 D android.hardware.gnss-service.ranchu: GnssHwListener:consume:87 sz=64
04-24 08:01:47.011  1092  7960 D android.hardware.gnss-service.ranchu: Gnss:onGnssLocationCb:311
04-24 08:01:47.012  1092  7960 D android.hardware.gnss-service.ranchu: Gnss:onGnssLocationCb:333
04-24 08:01:47.013  1092  7960 D android.hardware.gnss-service.ranchu: GnssHwListener:consume:87 sz=64
04-24 08:01:47.013  4869  4920 I FusedLocation: (REDACTED) location delivery to %s blocked - too fast
04-24 08:01:47.016  1092  7960 D android.hardware.gnss-service.ranchu: GnssHwListener:consume:87 sz=64
04-24 08:01:47.017  1092  7960 D android.hardware.gnss-service.ranchu: Gnss:onGnssLocationCb:311
04-24 08:01:47.017  1092  7960 D android.hardware.gnss-service.ranchu: Gnss:onGnssLocationCb:333
04-24 08:01:47.019  1092  7960 D android.hardware.gnss-service.ranchu: GnssHwListener:consume:87 sz=64
04-24 08:01:47.019   753  1932 W ProcessStats: Tracking association SourceState{35314a7 com.google.android.gms.persistent/10155 BTop #4878} whose proc state 2 is better than process ProcessState{b385133 com.google.android.gms/10155 pkg=com.google.android.gms} proc state 14 (0 skipped)
04-24 08:01:47.020  4869  4920 I FusedLocation: (REDACTED) location delivery to %s blocked - too fast
04-24 08:01:47.021  1092  7960 D android.hardware.gnss-service.ranchu: GnssHwListener:consume:87 sz=64
04-24 08:01:47.022  1092  7960 D android.hardware.gnss-service.ranchu: Gnss:onGnssLocationCb:311
04-24 08:01:47.022  1092  7960 D android.hardware.gnss-service.ranchu: Gnss:onGnssLocationCb:333
04-24 08:01:47.024  1092  7960 D android.hardware.gnss-service.ranchu: GnssHwListener:consume:87 sz=64
04-24 08:01:47.028  1092  7960 D android.hardware.gnss-service.ranchu: GnssHwListener:consume:87 sz=64
04-24 08:01:47.031  1092  7960 D android.hardware.gnss-service.ranchu: Gnss:onGnssLocationCb:311
04-24 08:01:47.031  1092  7960 D android.hardware.gnss-service.ranchu: Gnss:onGnssLocationCb:333
04-24 08:01:47.037  1092  7960 D android.hardware.gnss-service.ranchu: GnssHwListener:consume:87 sz=64
04-24 08:01:47.037  4869  4920 I FusedLocation: (REDACTED) location delivery to %s blocked - too fast
04-24 08:01:47.053  1092  7960 D android.hardware.gnss-service.ranchu: GnssHwListener:consume:87 sz=64
04-24 08:01:47.053  1092  7960 D android.hardware.gnss-service.ranchu: Gnss:onGnssLocationCb:311
04-24 08:01:47.053  1092  7960 D android.hardware.gnss-service.ranchu: Gnss:onGnssLocationCb:333
04-24 08:01:47.057  1092  7960 D android.hardware.gnss-service.ranchu: GnssHwListener:consume:87 sz=64
04-24 08:01:47.060  1092  7960 D android.hardware.gnss-service.ranchu: GnssHwListener:consume:87 sz=64
04-24 08:01:47.061  1092  7960 D android.hardware.gnss-service.ranchu: Gnss:onGnssLocationCb:311
04-24 08:01:47.061  1092  7960 D android.hardware.gnss-service.ranchu: Gnss:onGnssLocationCb:333
04-24 08:01:47.069  1092  7960 D android.hardware.gnss-service.ranchu: GnssHwListener:consume:87 sz=64
04-24 08:01:47.074  1092  7960 D android.hardware.gnss-service.ranchu: GnssHwListener:consume:87 sz=64
04-24 08:01:47.075  1092  7960 D android.hardware.gnss-service.ranchu: Gnss:onGnssLocationCb:311
04-24 08:01:47.076  1092  7960 D android.hardware.gnss-service.ranchu: Gnss:onGnssLocationCb:333
04-24 08:01:47.079  4869  4920 I FusedLocation: (REDACTED) location delivery to %s blocked - too fast
04-24 08:01:47.083  1092  7960 D android.hardware.gnss-service.ranchu: GnssHwListener:consume:87 sz=64
04-24 08:01:47.085  4869  4920 I FusedLocation: (REDACTED) location delivery to %s blocked - too fast
04-24 08:01:47.087  4869  4920 I FusedLocation: (REDACTED) location delivery to %s blocked - too fast
04-24 08:01:47.091  4869  4920 I FusedLocation: (REDACTED) location delivery to %s blocked - too fast
04-24 08:01:47.091  4869  4920 I FusedLocation: (REDACTED) location delivery to %s blocked - too fast
04-24 08:01:47.092  4869  4920 I FusedLocation: (REDACTED) location delivery to %s blocked - too fast
04-24 08:01:47.100  4869  4920 I FusedLocation: (REDACTED) location delivery to %s blocked - too fast
04-24 08:01:47.100  4869  4920 I FusedLocation: (REDACTED) location delivery to %s blocked - too fast
04-24 08:01:47.102  1092  7960 D android.hardware.gnss-service.ranchu: GnssHwListener:consume:87 sz=64
04-24 08:01:47.102  1092  7960 D android.hardware.gnss-service.ranchu: Gnss:onGnssLocationCb:311
04-24 08:01:47.103  1092  7960 D android.hardware.gnss-service.ranchu: Gnss:onGnssLocationCb:333
04-24 08:01:47.105  1092  7960 D android.hardware.gnss-service.ranchu: GnssHwListener:consume:87 sz=64
04-24 08:01:47.105  4869  4920 I FusedLocation: (REDACTED) location delivery to %s blocked - too fast
04-24 08:01:47.108  4869  4920 I FusedLocation: (REDACTED) location delivery to %s blocked - too fast
04-24 08:01:47.108  4869  4920 I FusedLocation: (REDACTED) location delivery to %s blocked - too fast
04-24 08:01:47.109  4869  4920 I FusedLocation: (REDACTED) location delivery to %s blocked - too fast
04-24 08:01:47.115  4869  4920 I FusedLocation: (REDACTED) location delivery to %s blocked - too fast
04-24 08:01:47.116  4869  4920 I FusedLocation: (REDACTED) location delivery to %s blocked - too fast
04-24 08:01:47.116  4869  4920 I FusedLocation: (REDACTED) location delivery to %s blocked - too fast
04-24 08:01:47.118  1092  7960 D android.hardware.gnss-service.ranchu: GnssHwListener:consume:87 sz=64
04-24 08:01:47.118  1092  7960 D android.hardware.gnss-service.ranchu: Gnss:onGnssLocationCb:311
04-24 08:01:47.118  1092  7960 D android.hardware.gnss-service.ranchu: Gnss:onGnssLocationCb:333
04-24 08:01:47.120   753   779 W Looper  : Slow delivery took 243ms android.fg app=system_server main=false group=FOREGROUND h=android.os.Handler c=com.android.server.location.gnss.GnssLocationProvider$$ExternalSyntheticLambda23@ad4dd54 m=0
04-24 08:01:47.121  1092  7960 D android.hardware.gnss-service.ranchu: GnssHwListener:consume:87 sz=64
04-24 08:01:47.129  1092  7960 D android.hardware.gnss-service.ranchu: GnssHwListener:consume:87 sz=64
04-24 08:01:47.129  1092  7960 D android.hardware.gnss-service.ranchu: Gnss:onGnssLocationCb:311
04-24 08:01:47.129  1092  7960 D android.hardware.gnss-service.ranchu: Gnss:onGnssLocationCb:333
04-24 08:01:47.132  1092  7960 D android.hardware.gnss-service.ranchu: GnssHwListener:consume:87 sz=64
04-24 08:01:47.137  1092  7960 D android.hardware.gnss-service.ranchu: GnssHwListener:consume:87 sz=64
04-24 08:01:47.137  1092  7960 D android.hardware.gnss-service.ranchu: Gnss:onGnssLocationCb:311
04-24 08:01:47.137  1092  7960 D android.hardware.gnss-service.ranchu: Gnss:onGnssLocationCb:333
04-24 08:01:47.140  1092  7960 D android.hardware.gnss-service.ranchu: GnssHwListener:consume:87 sz=64
04-24 08:01:47.154  1092  7960 D android.hardware.gnss-service.ranchu: GnssHwListener:consume:87 sz=64
04-24 08:01:47.154  1092  7960 D android.hardware.gnss-service.ranchu: Gnss:onGnssLocationCb:311
04-24 08:01:47.155  1092  7960 D android.hardware.gnss-service.ranchu: Gnss:onGnssLocationCb:333
04-24 08:01:47.156  1092  7960 D android.hardware.gnss-service.ranchu: GnssHwListener:consume:87 sz=64
04-24 08:01:47.162  1092  7960 D android.hardware.gnss-service.ranchu: GnssHwListener:consume:87 sz=64
04-24 08:01:47.163  1092  7960 D android.hardware.gnss-service.ranchu: Gnss:onGnssLocationCb:311
04-24 08:01:47.164  1092  7960 D android.hardware.gnss-service.ranchu: Gnss:onGnssLocationCb:333
04-24 08:01:47.165  1092  7960 D android.hardware.gnss-service.ranchu: GnssHwListener:consume:87 sz=64
04-24 08:01:47.172  1092  7960 D android.hardware.gnss-service.ranchu: GnssHwListener:consume:87 sz=64
04-24 08:01:47.173  1092  7960 D android.hardware.gnss-service.ranchu: Gnss:onGnssLocationCb:311
04-24 08:01:47.173  1092  7960 D android.hardware.gnss-service.ranchu: Gnss:onGnssLocationCb:333
04-24 08:01:47.176  1092  7960 D android.hardware.gnss-service.ranchu: GnssHwListener:consume:87 sz=64
04-24 08:01:47.185  1092  7960 D android.hardware.gnss-service.ranchu: GnssHwListener:consume:87 sz=64
04-24 08:01:47.185  1092  7960 D android.hardware.gnss-service.ranchu: Gnss:onGnssLocationCb:311
04-24 08:01:47.185  1092  7960 D android.hardware.gnss-service.ranchu: Gnss:onGnssLocationCb:333
04-24 08:01:47.188  1092  7960 D android.hardware.gnss-service.ranchu: GnssHwListener:consume:87 sz=64
04-24 08:01:47.189  1092  7960 D android.hardware.gnss-service.ranchu: GnssHwListener:consume:87 sz=64
04-24 08:01:47.190  1092  7960 D android.hardware.gnss-service.ranchu: Gnss:onGnssLocationCb:311
04-24 08:01:47.190  1092  7960 D android.hardware.gnss-service.ranchu: Gnss:onGnssLocationCb:333
04-24 08:01:47.191  1092  7960 D android.hardware.gnss-service.ranchu: GnssHwListener:consume:87 sz=64
04-24 08:01:47.194  1092  7960 D android.hardware.gnss-service.ranchu: GnssHwListener:consume:87 sz=64
04-24 08:01:47.195  1092  7960 D android.hardware.gnss-service.ranchu: Gnss:onGnssLocationCb:311
04-24 08:01:47.195  1092  7960 D android.hardware.gnss-service.ranchu: Gnss:onGnssLocationCb:333
04-24 08:01:47.196  1092  7960 D android.hardware.gnss-service.ranchu: GnssHwListener:consume:87 sz=64
04-24 08:01:47.198  1092  7960 D android.hardware.gnss-service.ranchu: GnssHwListener:consume:87 sz=64
04-24 08:01:47.199  1092  7960 D android.hardware.gnss-service.ranchu: Gnss:onGnssLocationCb:311
04-24 08:01:47.199  1092  7960 D android.hardware.gnss-service.ranchu: Gnss:onGnssLocationCb:333
04-24 08:01:47.201  1092  7960 D android.hardware.gnss-service.ranchu: GnssHwListener:consume:87 sz=64
04-24 08:01:47.203  1092  7960 D android.hardware.gnss-service.ranchu: GnssHwListener:consume:87 sz=64
04-24 08:01:47.204  1092  7960 D android.hardware.gnss-service.ranchu: Gnss:onGnssLocationCb:311
04-24 08:01:47.204  1092  7960 D android.hardware.gnss-service.ranchu: Gnss:onGnssLocationCb:333
04-24 08:01:47.205  1092  7960 D android.hardware.gnss-service.ranchu: GnssHwListener:consume:87 sz=64
04-24 08:01:47.207  1092  7960 D android.hardware.gnss-service.ranchu: GnssHwListener:consume:87 sz=64
04-24 08:01:47.207  1092  7960 D android.hardware.gnss-service.ranchu: Gnss:onGnssLocationCb:311
04-24 08:01:47.207  1092  7960 D android.hardware.gnss-service.ranchu: Gnss:onGnssLocationCb:333
04-24 08:01:47.211  1092  7960 D android.hardware.gnss-service.ranchu: GnssHwListener:consume:87 sz=64
04-24 08:01:47.214  1092  7960 D android.hardware.gnss-service.ranchu: GnssHwListener:consume:87 sz=64
04-24 08:01:47.214  1092  7960 D android.hardware.gnss-service.ranchu: Gnss:onGnssLocationCb:311
04-24 08:01:47.214  1092  7960 D android.hardware.gnss-service.ranchu: Gnss:onGnssLocationCb:333
04-24 08:01:47.216  1092  7960 D android.hardware.gnss-service.ranchu: GnssHwListener:consume:87 sz=64
04-24 08:01:47.220  1092  7960 D android.hardware.gnss-service.ranchu: GnssHwListener:consume:87 sz=64
04-24 08:01:47.220  1092  7960 D android.hardware.gnss-service.ranchu: Gnss:onGnssLocationCb:311
04-24 08:01:47.221  1092  7960 D android.hardware.gnss-service.ranchu: Gnss:onGnssLocationCb:333
04-24 08:01:47.222  1092  7960 D android.hardware.gnss-service.ranchu: GnssHwListener:consume:87 sz=64
04-24 08:01:47.224  1092  7960 D android.hardware.gnss-service.ranchu: GnssHwListener:consume:87 sz=64
04-24 08:01:47.224  4869  6013 I FusedOrientationManager: Unregistering orientation client. [CONTEXT service_id=6 ]
04-24 08:01:47.226  1092  7960 D android.hardware.gnss-service.ranchu: Gnss:onGnssLocationCb:311
04-24 08:01:47.226  1092  7960 D android.hardware.gnss-service.ranchu: Gnss:onGnssLocationCb:333
04-24 08:01:47.228  1092  7960 D android.hardware.gnss-service.ranchu: GnssHwListener:consume:87 sz=64
04-24 08:01:47.229  1092  7960 D android.hardware.gnss-service.ranchu: GnssHwListener:consume:87 sz=64
04-24 08:01:47.229  1092  7960 D android.hardware.gnss-service.ranchu: Gnss:onGnssLocationCb:311
04-24 08:01:47.230  1092  7960 D android.hardware.gnss-service.ranchu: Gnss:onGnssLocationCb:333
04-24 08:01:47.231  1092  7960 D android.hardware.gnss-service.ranchu: GnssHwListener:consume:87 sz=64
04-24 08:01:47.233  1092  7960 D android.hardware.gnss-service.ranchu: GnssHwListener:consume:87 sz=64
04-24 08:01:47.233  1092  7960 D android.hardware.gnss-service.ranchu: Gnss:onGnssLocationCb:311
04-24 08:01:47.234  1092  7960 D android.hardware.gnss-service.ranchu: Gnss:onGnssLocationCb:333
04-24 08:01:47.236  1092  7960 D android.hardware.gnss-service.ranchu: GnssHwListener:consume:87 sz=64
04-24 08:01:47.238  1092  7960 D android.hardware.gnss-service.ranchu: GnssHwListener:consume:87 sz=64
04-24 08:01:47.239  1092  7960 D android.hardware.gnss-service.ranchu: Gnss:onGnssLocationCb:311
04-24 08:01:47.239  1092  7960 D android.hardware.gnss-service.ranchu: Gnss:onGnssLocationCb:333
04-24 08:01:47.241  1092  7960 D android.hardware.gnss-service.ranchu: GnssHwListener:consume:87 sz=64
04-24 08:01:47.248  1092  7960 D android.hardware.gnss-service.ranchu: GnssHwListener:consume:87 sz=64
04-24 08:01:47.248  1092  7960 D android.hardware.gnss-service.ranchu: Gnss:onGnssLocationCb:311
04-24 08:01:47.248  1092  7960 D android.hardware.gnss-service.ranchu: Gnss:onGnssLocationCb:333
04-24 08:01:47.249  1092  7960 D android.hardware.gnss-service.ranchu: GnssHwListener:consume:87 sz=64
04-24 08:01:47.251  1092  7960 D android.hardware.gnss-service.ranchu: GnssHwListener:consume:87 sz=64
04-24 08:01:47.252  1092  7960 D android.hardware.gnss-service.ranchu: Gnss:onGnssLocationCb:311
04-24 08:01:47.252  1092  7960 D android.hardware.gnss-service.ranchu: Gnss:onGnssLocationCb:333
04-24 08:01:47.254  1092  7960 D android.hardware.gnss-service.ranchu: GnssHwListener:consume:87 sz=64
04-24 08:01:47.258  1092  7960 D android.hardware.gnss-service.ranchu: GnssHwListener:consume:87 sz=64
04-24 08:01:47.259  1092  7960 D android.hardware.gnss-service.ranchu: Gnss:onGnssLocationCb:311
04-24 08:01:47.259  1092  7960 D android.hardware.gnss-service.ranchu: Gnss:onGnssLocationCb:333
04-24 08:01:47.261  1092  7960 D android.hardware.gnss-service.ranchu: GnssHwListener:consume:87 sz=64
04-24 08:01:47.263  1092  7960 D android.hardware.gnss-service.ranchu: GnssHwListener:consume:87 sz=64
04-24 08:01:47.263  1092  7960 D android.hardware.gnss-service.ranchu: Gnss:onGnssLocationCb:311
04-24 08:01:47.263  1092  7960 D android.hardware.gnss-service.ranchu: Gnss:onGnssLocationCb:333
04-24 08:01:47.265  1092  7960 D android.hardware.gnss-service.ranchu: GnssHwListener:consume:87 sz=64
04-24 08:01:47.267  1092  7960 D android.hardware.gnss-service.ranchu: GnssHwListener:consume:87 sz=64
04-24 08:01:47.267  1092  7960 D android.hardware.gnss-service.ranchu: Gnss:onGnssLocationCb:311
04-24 08:01:47.268  1092  7960 D android.hardware.gnss-service.ranchu: Gnss:onGnssLocationCb:333
04-24 08:01:47.269  1092  7960 D android.hardware.gnss-service.ranchu: GnssHwListener:consume:87 sz=64
04-24 08:01:47.280  1092  7960 D android.hardware.gnss-service.ranchu: GnssHwListener:consume:87 sz=64
04-24 08:01:47.280  1092  7960 D android.hardware.gnss-service.ranchu: Gnss:onGnssLocationCb:311
04-24 08:01:47.280  1092  7960 D android.hardware.gnss-service.ranchu: Gnss:onGnssLocationCb:333
04-24 08:01:47.282  1092  7960 D android.hardware.gnss-service.ranchu: GnssHwListener:consume:87 sz=64
04-24 08:01:47.292  1092  7960 D android.hardware.gnss-service.ranchu: GnssHwListener:consume:87 sz=64
04-24 08:01:47.293  1092  7960 D android.hardware.gnss-service.ranchu: Gnss:onGnssLocationCb:311
04-24 08:01:47.293  1092  7960 D android.hardware.gnss-service.ranchu: Gnss:onGnssLocationCb:333
04-24 08:01:47.296  1092  7960 D android.hardware.gnss-service.ranchu: GnssHwListener:consume:87 sz=64
04-24 08:01:47.297  1092  7960 D android.hardware.gnss-service.ranchu: GnssHwListener:consume:87 sz=64
04-24 08:01:47.298  1092  7960 D android.hardware.gnss-service.ranchu: Gnss:onGnssLocationCb:311
04-24 08:01:47.299  1092  7960 D android.hardware.gnss-service.ranchu: Gnss:onGnssLocationCb:333
04-24 08:01:47.300  1092  7960 D android.hardware.gnss-service.ranchu: GnssHwListener:consume:87 sz=64
04-24 08:01:47.302  1092  7960 D android.hardware.gnss-service.ranchu: GnssHwListener:consume:87 sz=64
04-24 08:01:47.303  1092  7960 D android.hardware.gnss-service.ranchu: Gnss:onGnssLocationCb:311
04-24 08:01:47.303  1092  7960 D android.hardware.gnss-service.ranchu: Gnss:onGnssLocationCb:333
04-24 08:01:47.305  1092  7960 D android.hardware.gnss-service.ranchu: GnssHwListener:consume:87 sz=64
04-24 08:01:47.319  1092  7960 D android.hardware.gnss-service.ranchu: GnssHwListener:consume:87 sz=64
04-24 08:01:47.321  1092  7960 D android.hardware.gnss-service.ranchu: Gnss:onGnssLocationCb:311
04-24 08:01:47.323  1092  7960 D android.hardware.gnss-service.ranchu: Gnss:onGnssLocationCb:337
04-24 08:01:47.324  1092  7960 D android.hardware.gnss-service.ranchu: GnssHwListener:consume:87 sz=64
04-24 08:01:47.326  1092  7960 D android.hardware.gnss-service.ranchu: GnssHwListener:consume:87 sz=64
04-24 08:01:47.327  1092  7960 D android.hardware.gnss-service.ranchu: Gnss:onGnssLocationCb:311
04-24 08:01:47.327  1092  7960 D android.hardware.gnss-service.ranchu: Gnss:onGnssLocationCb:337
04-24 08:01:47.328  1092  7960 D android.hardware.gnss-service.ranchu: GnssHwListener:consume:87 sz=64
04-24 08:01:47.328  1092  7960 D android.hardware.gnss-service.ranchu: GnssHwListener:consume:87 sz=64
04-24 08:01:47.328  1092  7960 D android.hardware.gnss-service.ranchu: Gnss:onGnssLocationCb:311
04-24 08:01:47.328  1092  7960 D android.hardware.gnss-service.ranchu: Gnss:onGnssLocationCb:337
04-24 08:01:47.328  1092  7960 D android.hardware.gnss-service.ranchu: GnssHwListener:consume:87 sz=64
04-24 08:01:47.329  1092  7960 D android.hardware.gnss-service.ranchu: GnssHwListener:consume:87 sz=64
04-24 08:01:47.329  1092  7960 D android.hardware.gnss-service.ranchu: Gnss:onGnssLocationCb:311
04-24 08:01:47.329  1092  7960 D android.hardware.gnss-service.ranchu: Gnss:onGnssLocationCb:337
04-24 08:01:47.329  1092  7960 D android.hardware.gnss-service.ranchu: GnssHwListener:consume:87 sz=64
04-24 08:01:47.329  1092  7960 D android.hardware.gnss-service.ranchu: GnssHwListener:consume:87 sz=64
04-24 08:01:47.329  1092  7960 D android.hardware.gnss-service.ranchu: Gnss:onGnssLocationCb:311
04-24 08:01:47.329  1092  7960 D android.hardware.gnss-service.ranchu: Gnss:onGnssLocationCb:337
04-24 08:01:47.330  1092  7960 D android.hardware.gnss-service.ranchu: GnssHwListener:consume:87 sz=64
04-24 08:01:47.330  1092  7960 D android.hardware.gnss-service.ranchu: GnssHwListener:consume:87 sz=64
04-24 08:01:47.330  1092  7960 D android.hardware.gnss-service.ranchu: Gnss:onGnssLocationCb:311
04-24 08:01:47.330  1092  7960 D android.hardware.gnss-service.ranchu: Gnss:onGnssLocationCb:337
04-24 08:01:47.330  1092  7960 D android.hardware.gnss-service.ranchu: GnssHwListener:consume:87 sz=64
04-24 08:01:47.331  1092  7960 D android.hardware.gnss-service.ranchu: GnssHwListener:consume:87 sz=64
04-24 08:01:47.331  1092  7960 D android.hardware.gnss-service.ranchu: Gnss:onGnssLocationCb:311
04-24 08:01:47.332  1092  7960 D android.hardware.gnss-service.ranchu: Gnss:onGnssLocationCb:337
04-24 08:01:47.332  1092  7960 D android.hardware.gnss-service.ranchu: GnssHwListener:consume:87 sz=64
04-24 08:01:47.333  1092  7960 D android.hardware.gnss-service.ranchu: GnssHwListener:consume:87 sz=64
04-24 08:01:47.333  1092  7960 D android.hardware.gnss-service.ranchu: Gnss:onGnssLocationCb:311
04-24 08:01:47.333  1092  7960 D android.hardware.gnss-service.ranchu: Gnss:onGnssLocationCb:337
04-24 08:01:47.333  1092  7960 D android.hardware.gnss-service.ranchu: GnssHwListener:consume:87 sz=64
04-24 08:01:47.334  1092  7960 D android.hardware.gnss-service.ranchu: GnssHwListener:consume:87 sz=64
04-24 08:01:47.334  1092  7960 D android.hardware.gnss-service.ranchu: Gnss:onGnssLocationCb:311
04-24 08:01:47.334  1092  7960 D android.hardware.gnss-service.ranchu: Gnss:onGnssLocationCb:337
04-24 08:01:47.334  1092  7960 D android.hardware.gnss-service.ranchu: GnssHwListener:consume:87 sz=64
04-24 08:01:47.334  1092  7960 D android.hardware.gnss-service.ranchu: GnssHwListener:consume:87 sz=64
04-24 08:01:47.336  1092  7960 D android.hardware.gnss-service.ranchu: Gnss:onGnssLocationCb:311
04-24 08:01:47.337  1092  7960 D android.hardware.gnss-service.ranchu: Gnss:onGnssLocationCb:337
04-24 08:01:47.337  1092  7960 D android.hardware.gnss-service.ranchu: GnssHwListener:consume:87 sz=64
04-24 08:01:47.337  1092  7960 D android.hardware.gnss-service.ranchu: GnssHwListener:consume:87 sz=64
04-24 08:01:47.337  1092  7960 D android.hardware.gnss-service.ranchu: Gnss:onGnssLocationCb:311
04-24 08:01:47.337  1092  7960 D android.hardware.gnss-service.ranchu: Gnss:onGnssLocationCb:337
04-24 08:01:47.337  1092  7960 D android.hardware.gnss-service.ranchu: GnssHwListener:consume:87 sz=64
04-24 08:01:47.337  1092  7960 D android.hardware.gnss-service.ranchu: GnssHwListener:consume:87 sz=64
04-24 08:01:47.338  1092  7960 D android.hardware.gnss-service.ranchu: Gnss:onGnssLocationCb:311
04-24 08:01:47.338  4869  4877 W GLSUser : [DeviceKeyStore] Cannot load key: Device key file not found.
04-24 08:01:47.338  1092  7960 D android.hardware.gnss-service.ranchu: Gnss:onGnssLocationCb:337
04-24 08:01:47.338  1092  7960 D android.hardware.gnss-service.ranchu: GnssHwListener:consume:87 sz=64
04-24 08:01:47.338  1092  7960 D android.hardware.gnss-service.ranchu: GnssHwListener:consume:87 sz=64
04-24 08:01:47.339  1092  7960 D android.hardware.gnss-service.ranchu: Gnss:onGnssLocationCb:311
04-24 08:01:47.339  1092  7960 D android.hardware.gnss-service.ranchu: Gnss:onGnssLocationCb:337
04-24 08:01:47.340  1092  7960 D android.hardware.gnss-service.ranchu: GnssHwListener:consume:87 sz=64
04-24 08:01:47.340  1092  7960 D android.hardware.gnss-service.ranchu: GnssHwListener:consume:87 sz=64
04-24 08:01:47.341  1092  7960 D android.hardware.gnss-service.ranchu: Gnss:onGnssLocationCb:311
04-24 08:01:47.341  1092  7960 D android.hardware.gnss-service.ranchu: Gnss:onGnssLocationCb:337
04-24 08:01:47.341  1092  7960 D android.hardware.gnss-service.ranchu: GnssHwListener:consume:87 sz=64
04-24 08:01:47.342  1092  7960 D android.hardware.gnss-service.ranchu: GnssHwListener:consume:87 sz=64
04-24 08:01:47.342  1092  7960 D android.hardware.gnss-service.ranchu: Gnss:onGnssLocationCb:311
04-24 08:01:47.342  1092  7960 D android.hardware.gnss-service.ranchu: Gnss:onGnssLocationCb:337
04-24 08:01:47.342  1092  7960 D android.hardware.gnss-service.ranchu: GnssHwListener:consume:87 sz=64
04-24 08:01:47.343  1092  7960 D android.hardware.gnss-service.ranchu: GnssHwListener:consume:87 sz=64
04-24 08:01:47.344  1092  7960 D android.hardware.gnss-service.ranchu: Gnss:onGnssLocationCb:311
04-24 08:01:47.344  1092  7960 D android.hardware.gnss-service.ranchu: Gnss:onGnssLocationCb:337
04-24 08:01:47.344  1092  7960 D android.hardware.gnss-service.ranchu: GnssHwListener:consume:87 sz=64
04-24 08:01:47.345  1092  7960 D android.hardware.gnss-service.ranchu: GnssHwListener:consume:87 sz=64
04-24 08:01:47.345  1092  7960 D android.hardware.gnss-service.ranchu: Gnss:onGnssLocationCb:311
04-24 08:01:47.345  1092  7960 D android.hardware.gnss-service.ranchu: Gnss:onGnssLocationCb:337
04-24 08:01:47.345  1092  7960 D android.hardware.gnss-service.ranchu: GnssHwListener:consume:87 sz=64
04-24 08:01:47.346  1092  7960 D android.hardware.gnss-service.ranchu: GnssHwListener:consume:87 sz=64
04-24 08:01:47.346  1092  7960 D android.hardware.gnss-service.ranchu: Gnss:onGnssLocationCb:311
04-24 08:01:47.346  1092  7960 D android.hardware.gnss-service.ranchu: Gnss:onGnssLocationCb:337
04-24 08:01:47.346  1092  7960 D android.hardware.gnss-service.ranchu: GnssHwListener:consume:87 sz=64
04-24 08:01:47.346  1092  7960 D android.hardware.gnss-service.ranchu: GnssHwListener:consume:87 sz=64
04-24 08:01:47.347  1092  7960 D android.hardware.gnss-service.ranchu: Gnss:onGnssLocationCb:311
04-24 08:01:47.347  1092  7960 D android.hardware.gnss-service.ranchu: Gnss:onGnssLocationCb:337
04-24 08:01:47.348  1092  7960 D android.hardware.gnss-service.ranchu: GnssHwListener:consume:87 sz=64
04-24 08:01:47.348  1092  7960 D android.hardware.gnss-service.ranchu: GnssHwListener:consume:87 sz=64
04-24 08:01:47.349  1092  7960 D android.hardware.gnss-service.ranchu: Gnss:onGnssLocationCb:311
04-24 08:01:47.349  1092  7960 D android.hardware.gnss-service.ranchu: Gnss:onGnssLocationCb:337
04-24 08:01:47.349  1092  7960 D android.hardware.gnss-service.ranchu: GnssHwListener:consume:87 sz=64
04-24 08:01:47.349  1092  7960 D android.hardware.gnss-service.ranchu: GnssHwListener:consume:87 sz=64
04-24 08:01:47.350  1092  7960 D android.hardware.gnss-service.ranchu: Gnss:onGnssLocationCb:311
04-24 08:01:47.350  1092  7960 D android.hardware.gnss-service.ranchu: Gnss:onGnssLocationCb:337
04-24 08:01:47.350  1092  7960 D android.hardware.gnss-service.ranchu: GnssHwListener:consume:87 sz=64
04-24 08:01:47.351  1092  7960 D android.hardware.gnss-service.ranchu: GnssHwListener:consume:87 sz=64
04-24 08:01:47.351  1092  7960 D android.hardware.gnss-service.ranchu: Gnss:onGnssLocationCb:311
04-24 08:01:47.351  1092  7960 D android.hardware.gnss-service.ranchu: Gnss:onGnssLocationCb:337
04-24 08:01:47.351  1092  7960 D android.hardware.gnss-service.ranchu: GnssHwListener:consume:87 sz=64
04-24 08:01:47.351  1092  7960 D android.hardware.gnss-service.ranchu: GnssHwListener:consume:87 sz=64
04-24 08:01:47.351  1092  7960 D android.hardware.gnss-service.ranchu: Gnss:onGnssLocationCb:311
04-24 08:01:47.351  1092  7960 D android.hardware.gnss-service.ranchu: Gnss:onGnssLocationCb:337
04-24 08:01:47.352  1092  7960 D android.hardware.gnss-service.ranchu: GnssHwListener:consume:87 sz=64
04-24 08:01:47.352  1092  7960 D android.hardware.gnss-service.ranchu: GnssHwListener:consume:87 sz=64
04-24 08:01:47.352  1092  7960 D android.hardware.gnss-service.ranchu: Gnss:onGnssLocationCb:311
04-24 08:01:47.352  1092  7960 D android.hardware.gnss-service.ranchu: Gnss:onGnssLocationCb:337
04-24 08:01:47.352  1092  7960 D android.hardware.gnss-service.ranchu: GnssHwListener:consume:87 sz=64
04-24 08:01:47.352  1092  7960 D android.hardware.gnss-service.ranchu: GnssHwListener:consume:87 sz=64
04-24 08:01:47.353  1092  7960 D android.hardware.gnss-service.ranchu: Gnss:onGnssLocationCb:311
04-24 08:01:47.353  1092  7960 D android.hardware.gnss-service.ranchu: Gnss:onGnssLocationCb:337
04-24 08:01:47.353  1092  7960 D android.hardware.gnss-service.ranchu: GnssHwListener:consume:87 sz=64
04-24 08:01:47.353  1092  7960 D android.hardware.gnss-service.ranchu: GnssHwListener:consume:87 sz=64
04-24 08:01:47.353  1092  7960 D android.hardware.gnss-service.ranchu: Gnss:onGnssLocationCb:311
04-24 08:01:47.354  1092  7960 D android.hardware.gnss-service.ranchu: Gnss:onGnssLocationCb:337
04-24 08:01:47.354  1092  7960 D android.hardware.gnss-service.ranchu: GnssHwListener:consume:87 sz=64
04-24 08:01:47.354  1092  7960 D android.hardware.gnss-service.ranchu: GnssHwListener:consume:87 sz=64
04-24 08:01:47.355  1092  7960 D android.hardware.gnss-service.ranchu: Gnss:onGnssLocationCb:311
04-24 08:01:47.355  1092  7960 D android.hardware.gnss-service.ranchu: Gnss:onGnssLocationCb:337
04-24 08:01:47.355  1092  7960 D android.hardware.gnss-service.ranchu: GnssHwListener:consume:87 sz=64
04-24 08:01:47.356  1092  7960 D android.hardware.gnss-service.ranchu: GnssHwListener:consume:87 sz=64
04-24 08:01:47.356  1092  7960 D android.hardware.gnss-service.ranchu: Gnss:onGnssLocationCb:311
04-24 08:01:47.356  1092  7960 D android.hardware.gnss-service.ranchu: Gnss:onGnssLocationCb:337
04-24 08:01:47.357  1092  7960 D android.hardware.gnss-service.ranchu: GnssHwListener:consume:87 sz=64
04-24 08:01:47.357  1092  7960 D android.hardware.gnss-service.ranchu: GnssHwListener:consume:87 sz=64
04-24 08:01:47.357  1092  7960 D android.hardware.gnss-service.ranchu: Gnss:onGnssLocationCb:311
04-24 08:01:47.358  1092  7960 D android.hardware.gnss-service.ranchu: Gnss:onGnssLocationCb:337
04-24 08:01:47.358  1092  7960 D android.hardware.gnss-service.ranchu: GnssHwListener:consume:87 sz=64
04-24 08:01:47.359  1092  7960 D android.hardware.gnss-service.ranchu: GnssHwListener:consume:87 sz=64
04-24 08:01:47.359  1092  7960 D android.hardware.gnss-service.ranchu: Gnss:onGnssLocationCb:311
04-24 08:01:47.360  1092  7960 D android.hardware.gnss-service.ranchu: Gnss:onGnssLocationCb:337
04-24 08:01:47.360  1092  7960 D android.hardware.gnss-service.ranchu: GnssHwListener:consume:87 sz=64
04-24 08:01:47.360  1092  7960 D android.hardware.gnss-service.ranchu: GnssHwListener:consume:87 sz=64
04-24 08:01:47.361  1092  7960 D android.hardware.gnss-service.ranchu: Gnss:onGnssLocationCb:311
04-24 08:01:47.361  1092  7960 D android.hardware.gnss-service.ranchu: Gnss:onGnssLocationCb:337
04-24 08:01:47.361  1092  7960 D android.hardware.gnss-service.ranchu: GnssHwListener:consume:87 sz=64
04-24 08:01:47.361  1092  7960 D android.hardware.gnss-service.ranchu: GnssHwListener:consume:87 sz=64
