--------- beginning of main
04-24 08:00:13.255  6944  7161 D [FlClash]: RemoveEventListener false
04-24 08:00:13.258  6688  6753 D [FlClash]: [ServicePlugin] handleInit() SUCCESS on attempt 1
04-24 08:00:13.261  6688  6688 I flutter : [APP] [CoreLib] preload() init result: ""
04-24 08:00:13.261  6688  6688 I flutter : [APP] [CoreLib] preload() completer completed
04-24 08:00:13.262  6688  6688 I flutter : [APP] [CoreLib] preload() calling syncState...
04-24 08:00:13.286  6688  6688 I flutter : [APP] [CoreLib] preload() syncState result: ""
04-24 08:00:13.300  6688  6688 I flutter : [APP] [Controller] handleUnexpectedStop() message="已断开", currentStatus=CoreStatus.connecting
04-24 08:00:13.301  6688  6688 I flutter : [APP] [CoreLib] shutdown() called, completer.isCompleted=true
04-24 08:00:13.314  6944  6944 D [FlClash]: Remote service destroy
04-24 08:00:13.332  6688  6688 I flutter : [APP] message: 已断开
04-24 08:00:13.541  6688  6688 I flutter : [APP] [Controller] _connectCore() preload result: ""
04-24 08:00:13.542  6688  6688 I flutter : [APP] [Controller] _connectCore() SUCCESS, setting connected
04-24 08:00:14.262   753  1730 W AppSearchManagerService: Received persistToDisk call. Use AppSearchManagerService persistence schedule.
04-24 08:00:14.846   753   922 I HalDevMgr: bestIfaceCreationProposal is null, requestIface=STA, existingIface=[name=wlan0 type=STA]
04-24 08:00:15.999   533  4333 D android.hardware.audio@7.1-impl.ranchu: threadLoop: entering standby, frames: 4459712
04-24 08:00:16.000   533  4333 D android.hardware.audio@7.1-impl.ranchu: ~TinyalsaSink: joining consumeThread
04-24 08:00:16.006   533  7649 D android.hardware.audio@7.1-impl.ranchu: consumeThread: exiting
04-24 08:00:16.006   533  4333 D android.hardware.audio@7.1-impl.ranchu: ~TinyalsaSink: stopping PCM stream
--------- beginning of system
04-24 08:00:17.213  1032  1070 D ShellBackPreview: Finishing gesture with event action: 1
04-24 08:00:17.213  1032  1070 D ShellBackPreview: onGestureFinished called while no gesture is started
04-24 08:00:17.223   753  2128 W AS.PlaybackActivityMon: No piid assigned for invalid/internal port id 15
04-24 08:00:17.229   590   687 D AudioFlinger: mixer(0x7aaa87e5e790) throttle end: throttle time(31)
04-24 08:00:17.658  1196  1354 D SatelliteController: iisInCarrierRoamingNbIotNtn: satellite is disabled
04-24 08:00:17.661  1196  1354 D SatelliteController: getCarrierRoamingNtnConnectType: Falling back to global carrier config connect type: 0
04-24 08:00:17.859   753   867 D ActivityManager: freezing 2714 com.google.android.dialer
04-24 08:00:17.864   753   867 D ActivityManager: freezing 1798 android.process.acore
04-24 08:00:17.869   753   932 D InetDiagMessage: Destroyed 0 sockets, proto=IPPROTO_TCP, family=AF_INET, states=14
04-24 08:00:17.870   753   932 D InetDiagMessage: Destroyed 0 sockets, proto=IPPROTO_TCP, family=AF_INET6, states=14
04-24 08:00:17.870   753   932 D InetDiagMessage: Destroyed live tcp sockets for uids={10146} in 1ms
04-24 08:00:17.875   753   922 I HalDevMgr: bestIfaceCreationProposal is null, requestIface=STA, existingIface=[name=wlan0 type=STA]
04-24 08:00:17.912   753   932 D InetDiagMessage: Destroyed 0 sockets, proto=IPPROTO_TCP, family=AF_INET, states=14
04-24 08:00:17.913   753   932 D InetDiagMessage: Destroyed 0 sockets, proto=IPPROTO_TCP, family=AF_INET6, states=14
04-24 08:00:17.913   753   932 D InetDiagMessage: Destroyed live tcp sockets for uids={10104} in 1ms
04-24 08:00:18.464   602  7620 I adbd    : host-61: connection terminated: read failed
04-24 08:00:18.470   753  1702 W AS.PlaybackActivityMon: No piid assigned for invalid/internal port id 15
04-24 08:00:18.498   590   687 D AudioFlinger: mixer(0x7aaa87e5e790) throttle end: throttle time(29)
04-24 08:00:18.768  6688  6688 I flutter : [APP] [Controller] tryStartCore() isCompleted=false
04-24 08:00:18.768  6688  6688 I flutter : [APP] [Controller] restartCore() start, start=true
04-24 08:00:18.768  6688  6688 I flutter : [APP] [CoreLib] shutdown() called, completer.isCompleted=false
04-24 08:00:18.769  6688  6688 I flutter : [APP] [Controller] _connectCore() start
04-24 08:00:18.770  6688  6688 I flutter : [APP] [CoreLib] preload() start
04-24 08:00:18.770  6688  6688 I flutter : [APP] [CoreLib] preload() calling service.init()...
04-24 08:00:18.772  6688  6688 D [FlClash]: [ServicePlugin] handleInit() start
04-24 08:00:18.774  6688  7003 D [FlClash]: [ServicePlugin] handleInit() attempt 1
04-24 08:00:18.787   753  1730 D OomAdjuster: Not killing cached processes
04-24 08:00:18.791   753   981 D BackgroundInstallControlService: Package event received: 0
04-24 08:00:18.810  6944  6953 D [FlClash]: RemoveEventListener false
04-24 08:00:18.813  6688  7003 D [FlClash]: [ServicePlugin] handleInit() SUCCESS on attempt 1
04-24 08:00:18.821  6688  6688 I flutter : [APP] [CoreLib] preload() init result: ""
04-24 08:00:18.821  6688  6688 I flutter : [APP] [CoreLib] preload() completer completed
04-24 08:00:18.821  6688  6688 I flutter : [APP] [CoreLib] preload() calling syncState...
04-24 08:00:18.837  6688  6688 I flutter : [APP] [CoreLib] preload() syncState result: ""
04-24 08:00:18.869  6688  6688 I flutter : [APP] setup ===>
04-24 08:00:19.003  6944  6953 D [FlClash]: remote startService
04-24 08:00:19.060  6944  7005 D [FlClash]: [ServiceDelegate] onServiceDisconnected: , waiting for rebind...
04-24 08:00:19.060  6944  7005 D [FlClash]: Background service disconnected: 
04-24 08:00:19.078  6688  6688 I flutter : [APP] [Controller] _connectCore() preload result: ""
04-24 08:00:19.082  6688  6688 I flutter : [APP] [Controller] _connectCore() SUCCESS, setting connected
04-24 08:00:19.112  6688  6693 I ollow.clash.dev: Background young concurrent mark compact GC freed 1444KB AllocSpace bytes, 55(1564KB) LOS objects, 45% free, 3600KB/6601KB, paused 20.399ms,7.492ms total 152.286ms
04-24 08:00:19.128  6944  6962 W lash.dev:remote: Weak pointer dereference blocked for 19 milliseconds.
04-24 08:00:19.289  6688  6688 I flutter : [APP] setup ===>
04-24 08:00:19.393  6944  6953 D [FlClash]: remote startService
04-24 08:00:20.095   753   867 D ActivityManager: freezing 4796 com.android.keychain
04-24 08:00:20.099   753   867 D ActivityManager: freezing 3556 com.android.dynsystem:dynsystem
04-24 08:00:20.628   602   602 I adbd    : adbd_auth: loading keys from /data/misc/adb/adb_keys
04-24 08:00:20.957   753   922 I HalDevMgr: bestIfaceCreationProposal is null, requestIface=STA, existingIface=[name=wlan0 type=STA]
04-24 08:00:21.178  1016  1016 I wpa_supplicant: wlan0: CTRL-EVENT-BEACON-LOSS 
04-24 08:00:21.574   533  4333 D android.hardware.audio@7.1-impl.ranchu: threadLoop: entering standby, frames: 4670784
04-24 08:00:21.574   533  4333 D android.hardware.audio@7.1-impl.ranchu: ~TinyalsaSink: joining consumeThread
04-24 08:00:21.593   533  7653 D android.hardware.audio@7.1-impl.ranchu: consumeThread: exiting
04-24 08:00:21.593   533  4333 D android.hardware.audio@7.1-impl.ranchu: ~TinyalsaSink: stopping PCM stream
04-24 08:00:21.700  6944  7132 I lash.dev:remote: IncrementDisableThreadFlip blocked for 5.937ms
04-24 08:00:22.893   602   602 I adbd    : adbd_auth: loading keys from /data/misc/adb/adb_keys
04-24 08:00:23.530  7672  7672 W libbinder.BackendUnifiedServiceManager: Thread Pool max thread count is 0. Cannot cache binder as linkToDeath cannot be implemented. serviceName: package
04-24 08:00:23.703   753   768 I system_server: Background concurrent mark compact GC freed 19MB AllocSpace bytes, 70(5460KB) LOS objects, 42% free, 32MB/56MB, paused 9.435ms,3.304ms total 148.111ms
04-24 08:00:23.704   753   769 I libbinder.BpBinder: onLastStrongRef automatically unlinking death recipients for descriptor: '(not cached)'
04-24 08:00:23.987   753   922 I HalDevMgr: bestIfaceCreationProposal is null, requestIface=STA, existingIface=[name=wlan0 type=STA]
04-24 08:00:24.240  3310  4797 I artd    : GetBestInfo: odex next to the dex file (/data/app/~~RghKpCGWsmkPNMtqjhlKcQ==/com.google.android.gms-TUL0yIEABMSvkP75GRcj3g==/oat/x86_64/PrebuiltGmsCore.odex) is kOatUpToDate with filter 'speed' executable 'false'
04-24 08:00:24.252  3310  4797 I artd    : GetBestInfo: odex next to the dex file (/data/app/~~RghKpCGWsmkPNMtqjhlKcQ==/com.google.android.gms-TUL0yIEABMSvkP75GRcj3g==/oat/x86_64/split_AdsDynamite_installtime.odex) is kOatUpToDate with filter 'speed' executable 'false'
04-24 08:00:24.256  3310  4797 I artd    : GetBestInfo: odex next to the dex file (/data/app/~~RghKpCGWsmkPNMtqjhlKcQ==/com.google.android.gms-TUL0yIEABMSvkP75GRcj3g==/oat/x86_64/split_CronetDynamite_installtime.odex) is kOatUpToDate with filter 'speed' executable 'false'
04-24 08:00:24.265  3310  4797 I artd    : GetBestInfo: odex next to the dex file (/data/app/~~RghKpCGWsmkPNMtqjhlKcQ==/com.google.android.gms-TUL0yIEABMSvkP75GRcj3g==/oat/x86_64/split_DynamiteLoader_installtime.odex) is kOatUpToDate with filter 'speed' executable 'false'
04-24 08:00:24.269  3310  4797 I artd    : GetBestInfo: odex next to the dex file (/data/app/~~RghKpCGWsmkPNMtqjhlKcQ==/com.google.android.gms-TUL0yIEABMSvkP75GRcj3g==/oat/x86_64/split_DynamiteModulesA_installtime.odex) is kOatUpToDate with filter 'speed' executable 'false'
04-24 08:00:24.271  3310  4797 I artd    : GetBestInfo: odex next to the dex file (/data/app/~~RghKpCGWsmkPNMtqjhlKcQ==/com.google.android.gms-TUL0yIEABMSvkP75GRcj3g==/oat/x86_64/split_DynamiteModulesC_installtime.odex) is kOatUpToDate with filter 'speed' executable 'false'
04-24 08:00:24.273  3310  4797 I artd    : GetBestInfo: odex next to the dex file (/data/app/~~RghKpCGWsmkPNMtqjhlKcQ==/com.google.android.gms-TUL0yIEABMSvkP75GRcj3g==/oat/x86_64/split_GoogleCertificates_installtime.odex) is kOatUpToDate with filter 'speed' executable 'false'
04-24 08:00:24.284  3310  3314 I artd    : GetBestInfo: odex next to the dex file (/data/app/~~RghKpCGWsmkPNMtqjhlKcQ==/com.google.android.gms-TUL0yIEABMSvkP75GRcj3g==/oat/x86_64/split_MapsDynamite_installtime.odex) is kOatUpToDate with filter 'speed' executable 'false'
04-24 08:00:24.287  3310  3314 I artd    : GetBestInfo: odex next to the dex file (/data/app/~~RghKpCGWsmkPNMtqjhlKcQ==/com.google.android.gms-TUL0yIEABMSvkP75GRcj3g==/oat/x86_64/split_MeasurementDynamite_installtime.odex) is kOatUpToDate with filter 'speed' executable 'false'
04-24 08:00:24.289  3310  4797 I artd    : GetBestInfo: /data/user_de/0/com.google.android.gms/app_chimera/m/00000008/dl-MlkitOcrCommon.optional_253434100800.apk has no usable artifacts
04-24 08:00:24.291  3310  4797 I artd    : GetBestInfo: /data/user_de/0/com.google.android.gms/app_chimera/m/0000000c/dl-MlkitBarcodeUi.optional_253434100800.apk has no usable artifacts
04-24 08:00:24.294  3310  4797 I artd    : GetBestInfo: vdex next to the dex file (/data/user/0/com.google.android.gms/app_dg_cache/B3ED91DEC21F0EB5284BE10D982ABEAAC45F5C48/oat/x86_64/the.vdex) is kOatUpToDate with filter 'verify' executable 'false'
04-24 08:00:24.296  3310  3314 I artd    : GetBestInfo: /data/user_de/0/com.google.android.gms/app_chimera/m/0000000a/dl-TfliteDynamiteDynamite.integ_252130102100800.apk has no usable artifacts
04-24 08:00:24.298  3310  3314 I artd    : GetBestInfo: /data/user_de/0/com.google.android.gms/app_chimera/m/00000001/CronetDynamite.apk has no usable artifacts
04-24 08:00:24.302  3310  3314 I artd    : GetBestInfo: /data/user_de/0/com.google.android.gms/app_chimera/m/00000009/dl-VisionOcr.optional_253434100000.apk has no usable artifacts
04-24 08:00:24.303  3310  3314 I artd    : GetBestInfo: /data/user_de/0/com.google.android.gms/app_chimera/m/00000002/DynamiteLoader.apk has no usable artifacts
04-24 08:00:24.305  3310  3314 I artd    : GetBestInfo: /data/user_de/0/com.google.android.gms/app_chimera/m/0000000f/dl-PlayCloudSearch.optional_253434100000.apk has no usable artifacts
04-24 08:00:24.307  3310  4797 I artd    : GetBestInfo: /data/user_de/0/com.google.android.gms/app_chimera/m/0000000e/dl-Appsearch.optional_253434100800.apk has no usable artifacts
04-24 08:00:24.309  3310  4797 I artd    : GetBestInfo: /data/user_de/0/com.google.android.gms/app_chimera/m/00000005/GoogleCertificates.apk has no usable artifacts
04-24 08:00:24.311  3310  4797 I artd    : GetBestInfo: /data/user_de/0/com.google.android.gms/app_chimera/m/00000007/MeasurementDynamite.apk has no usable artifacts
04-24 08:00:24.623   602  7670 I adbd    : host-61: connection terminated: read failed
04-24 08:00:25.064  1613  3264 I libbinder.IPCThreadState: oneway function results for code 2 on binder at 0x72687f0b9410 will be dropped but finished with status UNKNOWN_TRANSACTION
04-24 08:00:25.070   753  1929 D OomAdjuster: Not killing cached processes
04-24 08:00:25.233   753  1730 W AS.PlaybackActivityMon: No piid assigned for invalid/internal port id 15
04-24 08:00:26.823   602   602 I adbd    : adbd_auth: loading keys from /data/misc/adb/adb_keys
04-24 08:00:26.873  7684  7684 W libbinder.BackendUnifiedServiceManager: Thread Pool max thread count is 0. Cannot cache binder as linkToDeath cannot be implemented. serviceName: activity
04-24 08:00:27.013   753   922 I HalDevMgr: bestIfaceCreationProposal is null, requestIface=STA, existingIface=[name=wlan0 type=STA]
04-24 08:00:27.658  1196  1354 D SatelliteController: iisInCarrierRoamingNbIotNtn: satellite is disabled
04-24 08:00:27.663  1196  1354 D SatelliteController: getCarrierRoamingNtnConnectType: Falling back to global carrier config connect type: 0
04-24 08:00:28.285   533  4333 D android.hardware.audio@7.1-impl.ranchu: threadLoop: entering standby, frames: 4819840
04-24 08:00:28.286   533  4333 D android.hardware.audio@7.1-impl.ranchu: ~TinyalsaSink: joining consumeThread
04-24 08:00:28.304   533  7677 D android.hardware.audio@7.1-impl.ranchu: consumeThread: exiting
04-24 08:00:28.306   533  4333 D android.hardware.audio@7.1-impl.ranchu: ~TinyalsaSink: stopping PCM stream
04-24 08:00:28.491  7707  7707 W libbinder.BackendUnifiedServiceManager: Thread Pool max thread count is 0. Cannot cache binder as linkToDeath cannot be implemented. serviceName: package
04-24 08:00:28.861  3310  4797 I artd    : GetBestInfo: odex next to the dex file (/data/app/~~RghKpCGWsmkPNMtqjhlKcQ==/com.google.android.gms-TUL0yIEABMSvkP75GRcj3g==/oat/x86_64/PrebuiltGmsCore.odex) is kOatUpToDate with filter 'speed' executable 'false'
04-24 08:00:28.866  3310  4797 I artd    : GetBestInfo: odex next to the dex file (/data/app/~~RghKpCGWsmkPNMtqjhlKcQ==/com.google.android.gms-TUL0yIEABMSvkP75GRcj3g==/oat/x86_64/split_AdsDynamite_installtime.odex) is kOatUpToDate with filter 'speed' executable 'false'
04-24 08:00:28.870  3310  4797 I artd    : GetBestInfo: odex next to the dex file (/data/app/~~RghKpCGWsmkPNMtqjhlKcQ==/com.google.android.gms-TUL0yIEABMSvkP75GRcj3g==/oat/x86_64/split_CronetDynamite_installtime.odex) is kOatUpToDate with filter 'speed' executable 'false'
04-24 08:00:28.872  3310  4797 I artd    : GetBestInfo: odex next to the dex file (/data/app/~~RghKpCGWsmkPNMtqjhlKcQ==/com.google.android.gms-TUL0yIEABMSvkP75GRcj3g==/oat/x86_64/split_DynamiteLoader_installtime.odex) is kOatUpToDate with filter 'speed' executable 'false'
04-24 08:00:28.876  3310  4797 I artd    : GetBestInfo: odex next to the dex file (/data/app/~~RghKpCGWsmkPNMtqjhlKcQ==/com.google.android.gms-TUL0yIEABMSvkP75GRcj3g==/oat/x86_64/split_DynamiteModulesA_installtime.odex) is kOatUpToDate with filter 'speed' executable 'false'
04-24 08:00:28.879  3310  3314 I artd    : GetBestInfo: odex next to the dex file (/data/app/~~RghKpCGWsmkPNMtqjhlKcQ==/com.google.android.gms-TUL0yIEABMSvkP75GRcj3g==/oat/x86_64/split_DynamiteModulesC_installtime.odex) is kOatUpToDate with filter 'speed' executable 'false'
04-24 08:00:28.881  3310  3314 I artd    : GetBestInfo: odex next to the dex file (/data/app/~~RghKpCGWsmkPNMtqjhlKcQ==/com.google.android.gms-TUL0yIEABMSvkP75GRcj3g==/oat/x86_64/split_GoogleCertificates_installtime.odex) is kOatUpToDate with filter 'speed' executable 'false'
04-24 08:00:28.884  3310  3314 I artd    : GetBestInfo: odex next to the dex file (/data/app/~~RghKpCGWsmkPNMtqjhlKcQ==/com.google.android.gms-TUL0yIEABMSvkP75GRcj3g==/oat/x86_64/split_MapsDynamite_installtime.odex) is kOatUpToDate with filter 'speed' executable 'false'
04-24 08:00:28.886  3310  4797 I artd    : GetBestInfo: odex next to the dex file (/data/app/~~RghKpCGWsmkPNMtqjhlKcQ==/com.google.android.gms-TUL0yIEABMSvkP75GRcj3g==/oat/x86_64/split_MeasurementDynamite_installtime.odex) is kOatUpToDate with filter 'speed' executable 'false'
04-24 08:00:28.889  3310  3314 I artd    : GetBestInfo: /data/user_de/0/com.google.android.gms/app_chimera/m/00000008/dl-MlkitOcrCommon.optional_253434100800.apk has no usable artifacts
04-24 08:00:28.891  3310  3314 I artd    : GetBestInfo: /data/user_de/0/com.google.android.gms/app_chimera/m/0000000c/dl-MlkitBarcodeUi.optional_253434100800.apk has no usable artifacts
04-24 08:00:28.895  3310  3314 I artd    : GetBestInfo: vdex next to the dex file (/data/user/0/com.google.android.gms/app_dg_cache/B3ED91DEC21F0EB5284BE10D982ABEAAC45F5C48/oat/x86_64/the.vdex) is kOatUpToDate with filter 'verify' executable 'false'
04-24 08:00:28.898  3310  3314 I artd    : GetBestInfo: /data/user_de/0/com.google.android.gms/app_chimera/m/0000000a/dl-TfliteDynamiteDynamite.integ_252130102100800.apk has no usable artifacts
04-24 08:00:28.900  3310  3314 I artd    : GetBestInfo: /data/user_de/0/com.google.android.gms/app_chimera/m/00000001/CronetDynamite.apk has no usable artifacts
04-24 08:00:28.903  3310  3314 I artd    : GetBestInfo: /data/user_de/0/com.google.android.gms/app_chimera/m/00000009/dl-VisionOcr.optional_253434100000.apk has no usable artifacts
04-24 08:00:28.904  3310  4797 I artd    : GetBestInfo: /data/user_de/0/com.google.android.gms/app_chimera/m/00000002/DynamiteLoader.apk has no usable artifacts
04-24 08:00:28.906  3310  3314 I artd    : GetBestInfo: /data/user_de/0/com.google.android.gms/app_chimera/m/0000000f/dl-PlayCloudSearch.optional_253434100000.apk has no usable artifacts
04-24 08:00:28.908  3310  3314 I artd    : GetBestInfo: /data/user_de/0/com.google.android.gms/app_chimera/m/0000000e/dl-Appsearch.optional_253434100800.apk has no usable artifacts
04-24 08:00:28.909  3310  4797 I artd    : GetBestInfo: /data/user_de/0/com.google.android.gms/app_chimera/m/00000005/GoogleCertificates.apk has no usable artifacts
04-24 08:00:28.912  3310  4797 I artd    : GetBestInfo: /data/user_de/0/com.google.android.gms/app_chimera/m/00000007/MeasurementDynamite.apk has no usable artifacts
04-24 08:00:29.108  1016  1016 I wpa_supplicant: wlan0: CTRL-EVENT-BEACON-LOSS 
04-24 08:00:30.044   753   922 I HalDevMgr: bestIfaceCreationProposal is null, requestIface=STA, existingIface=[name=wlan0 type=STA]
04-24 08:00:30.099   753   932 D InetDiagMessage: Destroyed 0 sockets, proto=IPPROTO_TCP, family=AF_INET, states=14
04-24 08:00:30.103   753   932 D InetDiagMessage: Destroyed 1 sockets, proto=IPPROTO_TCP, family=AF_INET6, states=14
04-24 08:00:30.108   753   932 D InetDiagMessage: Destroyed live tcp sockets for uids={10144} in 9ms
04-24 08:00:30.110   753   932 D InetDiagMessage: Destroyed 0 sockets, proto=IPPROTO_TCP, family=AF_INET, states=14
04-24 08:00:30.111   753   932 D InetDiagMessage: Destroyed 0 sockets, proto=IPPROTO_TCP, family=AF_INET6, states=14
04-24 08:00:30.112   753   932 D InetDiagMessage: Destroyed live tcp sockets for uids={20144} in 3ms
04-24 08:00:33.071   753   922 I HalDevMgr: bestIfaceCreationProposal is null, requestIface=STA, existingIface=[name=wlan0 type=STA]
04-24 08:00:33.704   602  7678 I adbd    : host-69: connection terminated: read failed
04-24 08:00:34.004  6688  6751 D [FlClash]: State.startService failed: runtime unavailable
04-24 08:00:34.027  6944  7028 D [FlClash]: Remote service backend start error: n5.n0: Timed out waiting for 15000 ms
04-24 08:00:34.027  6944  7028 D [FlClash]: Remote service backend did not start for com.follow.clash.service.VpnService
04-24 08:00:34.048  6944  7005 D [FlClash]: [ServiceDelegate] onServiceDisconnected: , waiting for rebind...
04-24 08:00:34.049  6944  7005 D [FlClash]: Background service disconnected: 
04-24 08:00:34.395  6688  6751 D [FlClash]: State.startService failed: runtime unavailable
04-24 08:00:35.092   753   867 D ActivityManager: freezing 2032 com.google.android.as.oss
04-24 08:00:35.101   753   932 D InetDiagMessage: Destroyed 0 sockets, proto=IPPROTO_TCP, family=AF_INET, states=14
04-24 08:00:35.101   753   932 D InetDiagMessage: Destroyed 0 sockets, proto=IPPROTO_TCP, family=AF_INET6, states=14
04-24 08:00:35.101   753   932 D InetDiagMessage: Destroyed live tcp sockets for uids={10144} in 1ms
04-24 08:00:35.555  1599  1697 D PickerSyncController: Attempting to enable cloud media queries.
04-24 08:00:35.555  1599  1697 D PickerSyncLockManager: Trying to acquire lock com.android.providers.media.photopicker.sync.CloseableReentrantLock@e98d6e1[Unlocked]. Lock Name = CLOUD_SYNC_LOCK. Threads that may be waiting to acquire this lock = [] with timeout.
04-24 08:00:35.555  1599  1697 D CloseableReentrantLock: Successfully acquired lock com.android.providers.media.photopicker.sync.CloseableReentrantLock@e98d6e1[Locked by thread com.android.providers.media.internal.modules.utils.BackgroundThread]. Lock Name = CLOUD_SYNC_LOCK. Threads that may be waiting to acquire this lock = []
04-24 08:00:35.555  1599  1697 D PickerSyncLockManager: Trying to acquire lock com.android.providers.media.photopicker.sync.CloseableReentrantLock@b1a3c25[Unlocked]. Lock Name = CLOUD_PROVIDER_LOCK. Threads that may be waiting to acquire this lock = [] with timeout.
04-24 08:00:35.556  1599  1697 D CloseableReentrantLock: Successfully acquired lock com.android.providers.media.photopicker.sync.CloseableReentrantLock@b1a3c25[Locked by thread com.android.providers.media.internal.modules.utils.BackgroundThread]. Lock Name = CLOUD_PROVIDER_LOCK. Threads that may be waiting to acquire this lock = []
04-24 08:00:35.556  1599  1697 D CloseableReentrantLock: Successfully released lock com.android.providers.media.photopicker.sync.CloseableReentrantLock@b1a3c25[Unlocked]. Lock Name = CLOUD_PROVIDER_LOCK. Threads that may be waiting to acquire this lock = []
04-24 08:00:35.556  1599  1697 D PickerSyncLockManager: Trying to acquire lock com.android.providers.media.photopicker.sync.CloseableReentrantLock@b1a3c25[Unlocked]. Lock Name = CLOUD_PROVIDER_LOCK. Threads that may be waiting to acquire this lock = [] with timeout.
04-24 08:00:35.557  1599  1697 D CloseableReentrantLock: Successfully acquired lock com.android.providers.media.photopicker.sync.CloseableReentrantLock@b1a3c25[Locked by thread com.android.providers.media.internal.modules.utils.BackgroundThread]. Lock Name = CLOUD_PROVIDER_LOCK. Threads that may be waiting to acquire this lock = []
04-24 08:00:35.557  1599  1697 D PickerSyncController: getSyncRequestParams() CLOUD, auth=com.google.android.apps.photos.cloudpicker
04-24 08:00:35.571   753  2128 D OomAdjuster: Not killing cached processes
04-24 08:00:35.575   753  2128 D ActivityManager: sync unfroze 3888 com.google.android.apps.photos for 7
04-24 08:00:35.587   753   981 D BackgroundInstallControlService: Package event received: 0
04-24 08:00:35.817  3888  3899 W libc    : Access denied finding property "ro.debuggable"
04-24 08:00:35.820  1599  1697 D PickerSyncController:    Latest ID/Gen=null/0
04-24 08:00:35.821  1599  1697 D PickerSyncController:    Cached ID/Gen=null/-1
04-24 08:00:35.821  1599  1697 D CloseableReentrantLock: Successfully released lock com.android.providers.media.photopicker.sync.CloseableReentrantLock@b1a3c25[Unlocked]. Lock Name = CLOUD_PROVIDER_LOCK. Threads that may be waiting to acquire this lock = []
04-24 08:00:35.821  1599  1697 D CloseableReentrantLock: Successfully released lock com.android.providers.media.photopicker.sync.CloseableReentrantLock@e98d6e1[Unlocked]. Lock Name = CLOUD_SYNC_LOCK. Threads that may be waiting to acquire this lock = []
04-24 08:00:35.821  1599  1697 D PickerSyncController: Error occurred, remaining retry count: 1
04-24 08:00:35.821  1599  1697 D PickerSyncController: java.lang.IllegalStateException: Unexpected Latest Media Collection Info: ID/Gen=null/0
04-24 08:00:35.821  1599  1697 D PickerSyncController: 	at com.android.providers.media.photopicker.PickerSyncController.getSyncRequestParamsLocked(PickerSyncController.java:1583)
04-24 08:00:35.821  1599  1697 D PickerSyncController: 	at com.android.providers.media.photopicker.PickerSyncController.getSyncRequestParams(PickerSyncController.java:1543)
04-24 08:00:35.821  1599  1697 D PickerSyncController: 	at com.android.providers.media.photopicker.PickerSyncController.maybeEnableCloudMediaQueries(PickerSyncController.java:356)
04-24 08:00:35.821  1599  1697 D PickerSyncController: 	at com.android.providers.media.photopicker.PickerSyncController.lambda$tryEnablingCloudMediaQueries$0(PickerSyncController.java:287)
04-24 08:00:35.821  1599  1697 D PickerSyncController: 	at com.android.providers.media.photopicker.PickerSyncController.$r8$lambda$igHbLHRBgFxI5G0Bp5TN28PcQJ4(PickerSyncController.java:0)
04-24 08:00:35.821  1599  1697 D PickerSyncController: 	at com.android.providers.media.photopicker.PickerSyncController$$ExternalSyntheticLambda1.run(R8$$SyntheticClass:0)
04-24 08:00:35.821  1599  1697 D PickerSyncController: 	at android.os.Handler.handleCallback(Handler.java:1070)
04-24 08:00:35.821  1599  1697 D PickerSyncController: 	at android.os.Handler.dispatchMessage(Handler.java:125)
04-24 08:00:35.821  1599  1697 D PickerSyncController: 	at android.os.Looper.dispatchMessage(Looper.java:333)
04-24 08:00:35.821  1599  1697 D PickerSyncController: 	at android.os.Looper.loopOnce(Looper.java:263)
04-24 08:00:35.821  1599  1697 D PickerSyncController: 	at android.os.Looper.loop(Looper.java:367)
04-24 08:00:35.821  1599  1697 D PickerSyncController: 	at android.os.HandlerThread.run(HandlerThread.java:139)
04-24 08:00:35.822  1599  1697 D PickerSyncController: Schedule enable cloud media query task.
04-24 08:00:35.950   602   602 I adbd    : adbd_auth: loading keys from /data/misc/adb/adb_keys
04-24 08:00:36.094   753   922 I HalDevMgr: bestIfaceCreationProposal is null, requestIface=STA, existingIface=[name=wlan0 type=STA]
04-24 08:00:37.052  1016  1016 I wpa_supplicant: wlan0: CTRL-EVENT-BEACON-LOSS 
04-24 08:00:37.656  1196  1354 D SatelliteController: iisInCarrierRoamingNbIotNtn: satellite is disabled
04-24 08:00:37.664  1196  1354 D SatelliteController: getCarrierRoamingNtnConnectType: Falling back to global carrier config connect type: 0
04-24 08:00:38.571   602   602 I adbd    : adbd_auth: loading keys from /data/misc/adb/adb_keys
04-24 08:00:38.641  7722  7722 W libbinder.BackendUnifiedServiceManager: Thread Pool max thread count is 0. Cannot cache binder as linkToDeath cannot be implemented. serviceName: activity
04-24 08:00:38.957   602  7716 I adbd    : host-69: connection terminated: read failed
04-24 08:00:39.038  6688  6751 D [FlClash]: [ServicePlugin] handleStart() completed, started=false, runTime=0
04-24 08:00:39.054  6688  6688 I flutter : [APP] [Controller] handleUnexpectedStop() message="已断开", currentStatus=CoreStatus.connected
04-24 08:00:39.056  6688  6688 I flutter : [APP] [CoreLib] shutdown() called, completer.isCompleted=true
04-24 08:00:39.068  6688  6688 I flutter : [APP] message: 已断开
04-24 08:00:39.081  6944  6944 D [FlClash]: Remote service destroy
04-24 08:00:39.083  6944  7132 D [FlClash]: Remote service backend start error: n5.W: Job was cancelled; job=k0{Cancelling}@a7fb635
04-24 08:00:39.083  6944  7132 D [FlClash]: Remote service backend did not start for com.follow.clash.service.VpnService
04-24 08:00:39.126   753   922 I HalDevMgr: bestIfaceCreationProposal is null, requestIface=STA, existingIface=[name=wlan0 type=STA]
04-24 08:00:39.305   753   981 D BackgroundInstallControlService: Package event received: 0
04-24 08:00:39.621  6688  7003 D [FlClash]: [ServicePlugin] handleStart() completed, started=false, runTime=0
04-24 08:00:41.119   602   602 I adbd    : adbd_auth: loading keys from /data/misc/adb/adb_keys
04-24 08:00:41.757   753   788 D OomAdjuster: Not killing cached processes
04-24 08:00:42.150   753   922 I HalDevMgr: bestIfaceCreationProposal is null, requestIface=STA, existingIface=[name=wlan0 type=STA]
04-24 08:00:43.386   602   602 I adbd    : adbd_auth: loading keys from /data/misc/adb/adb_keys
04-24 08:00:44.028  7753  7753 W libbinder.BackendUnifiedServiceManager: Thread Pool max thread count is 0. Cannot cache binder as linkToDeath cannot be implemented. serviceName: package
04-24 08:00:44.673  3310  4797 I artd    : GetBestInfo: odex next to the dex file (/data/app/~~RghKpCGWsmkPNMtqjhlKcQ==/com.google.android.gms-TUL0yIEABMSvkP75GRcj3g==/oat/x86_64/PrebuiltGmsCore.odex) is kOatUpToDate with filter 'speed' executable 'false'
04-24 08:00:44.676  3310  3314 I artd    : GetBestInfo: odex next to the dex file (/data/app/~~RghKpCGWsmkPNMtqjhlKcQ==/com.google.android.gms-TUL0yIEABMSvkP75GRcj3g==/oat/x86_64/split_AdsDynamite_installtime.odex) is kOatUpToDate with filter 'speed' executable 'false'
04-24 08:00:44.678  3310  3314 I artd    : GetBestInfo: odex next to the dex file (/data/app/~~RghKpCGWsmkPNMtqjhlKcQ==/com.google.android.gms-TUL0yIEABMSvkP75GRcj3g==/oat/x86_64/split_CronetDynamite_installtime.odex) is kOatUpToDate with filter 'speed' executable 'false'
04-24 08:00:44.684  3310  3314 I artd    : GetBestInfo: odex next to the dex file (/data/app/~~RghKpCGWsmkPNMtqjhlKcQ==/com.google.android.gms-TUL0yIEABMSvkP75GRcj3g==/oat/x86_64/split_DynamiteLoader_installtime.odex) is kOatUpToDate with filter 'speed' executable 'false'
04-24 08:00:44.688  3310  3314 I artd    : GetBestInfo: odex next to the dex file (/data/app/~~RghKpCGWsmkPNMtqjhlKcQ==/com.google.android.gms-TUL0yIEABMSvkP75GRcj3g==/oat/x86_64/split_DynamiteModulesA_installtime.odex) is kOatUpToDate with filter 'speed' executable 'false'
04-24 08:00:44.691  3310  3314 I artd    : GetBestInfo: odex next to the dex file (/data/app/~~RghKpCGWsmkPNMtqjhlKcQ==/com.google.android.gms-TUL0yIEABMSvkP75GRcj3g==/oat/x86_64/split_DynamiteModulesC_installtime.odex) is kOatUpToDate with filter 'speed' executable 'false'
04-24 08:00:44.693  3310  4797 I artd    : GetBestInfo: odex next to the dex file (/data/app/~~RghKpCGWsmkPNMtqjhlKcQ==/com.google.android.gms-TUL0yIEABMSvkP75GRcj3g==/oat/x86_64/split_GoogleCertificates_installtime.odex) is kOatUpToDate with filter 'speed' executable 'false'
04-24 08:00:44.696  3310  3314 I artd    : GetBestInfo: odex next to the dex file (/data/app/~~RghKpCGWsmkPNMtqjhlKcQ==/com.google.android.gms-TUL0yIEABMSvkP75GRcj3g==/oat/x86_64/split_MapsDynamite_installtime.odex) is kOatUpToDate with filter 'speed' executable 'false'
04-24 08:00:44.698  3310  4797 I artd    : GetBestInfo: odex next to the dex file (/data/app/~~RghKpCGWsmkPNMtqjhlKcQ==/com.google.android.gms-TUL0yIEABMSvkP75GRcj3g==/oat/x86_64/split_MeasurementDynamite_installtime.odex) is kOatUpToDate with filter 'speed' executable 'false'
04-24 08:00:44.702  3310  3314 I artd    : GetBestInfo: /data/user_de/0/com.google.android.gms/app_chimera/m/00000008/dl-MlkitOcrCommon.optional_253434100800.apk has no usable artifacts
04-24 08:00:44.704  3310  3314 I artd    : GetBestInfo: /data/user_de/0/com.google.android.gms/app_chimera/m/0000000c/dl-MlkitBarcodeUi.optional_253434100800.apk has no usable artifacts
04-24 08:00:44.714  3310  3314 I artd    : GetBestInfo: vdex next to the dex file (/data/user/0/com.google.android.gms/app_dg_cache/B3ED91DEC21F0EB5284BE10D982ABEAAC45F5C48/oat/x86_64/the.vdex) is kOatUpToDate with filter 'verify' executable 'false'
04-24 08:00:44.716  3310  4797 I artd    : GetBestInfo: /data/user_de/0/com.google.android.gms/app_chimera/m/0000000a/dl-TfliteDynamiteDynamite.integ_252130102100800.apk has no usable artifacts
04-24 08:00:44.718  3310  4797 I artd    : GetBestInfo: /data/user_de/0/com.google.android.gms/app_chimera/m/00000001/CronetDynamite.apk has no usable artifacts
04-24 08:00:44.721  3310  4797 I artd    : GetBestInfo: /data/user_de/0/com.google.android.gms/app_chimera/m/00000009/dl-VisionOcr.optional_253434100000.apk has no usable artifacts
04-24 08:00:44.722  3310  3314 I artd    : GetBestInfo: /data/user_de/0/com.google.android.gms/app_chimera/m/00000002/DynamiteLoader.apk has no usable artifacts
04-24 08:00:44.725  3310  3314 I artd    : GetBestInfo: /data/user_de/0/com.google.android.gms/app_chimera/m/0000000f/dl-PlayCloudSearch.optional_253434100000.apk has no usable artifacts
04-24 08:00:44.728  3310  4797 I artd    : GetBestInfo: /data/user_de/0/com.google.android.gms/app_chimera/m/0000000e/dl-Appsearch.optional_253434100800.apk has no usable artifacts
04-24 08:00:44.729  3310  3314 I artd    : GetBestInfo: /data/user_de/0/com.google.android.gms/app_chimera/m/00000005/GoogleCertificates.apk has no usable artifacts
04-24 08:00:44.731  3310  3314 I artd    : GetBestInfo: /data/user_de/0/com.google.android.gms/app_chimera/m/00000007/MeasurementDynamite.apk has no usable artifacts
04-24 08:00:45.120   602  7750 I adbd    : host-69: connection terminated: read failed
04-24 08:00:45.178   753   922 I HalDevMgr: bestIfaceCreationProposal is null, requestIface=STA, existingIface=[name=wlan0 type=STA]
04-24 08:00:45.237  1016  1016 I wpa_supplicant: wlan0: CTRL-EVENT-BEACON-LOSS 
04-24 08:00:45.815   753   867 D ActivityManager: freezing 3915 com.google.android.settings.intelligence
04-24 08:00:45.818   753   867 D ActivityManager: freezing 1245 com.android.settings
04-24 08:00:45.821   753   867 D ActivityManager: freezing 5403 com.google.android.apps.wellbeing
04-24 08:00:45.828   753   932 D InetDiagMessage: Destroyed 0 sockets, proto=IPPROTO_TCP, family=AF_INET, states=14
04-24 08:00:45.829   753   932 D InetDiagMessage: Destroyed 0 sockets, proto=IPPROTO_TCP, family=AF_INET6, states=14
04-24 08:00:45.829   753   932 D InetDiagMessage: Destroyed live tcp sockets for uids={10157} in 2ms
04-24 08:00:46.083   753   932 D InetDiagMessage: Destroyed 0 sockets, proto=IPPROTO_TCP, family=AF_INET, states=14
04-24 08:00:46.084   753   932 D InetDiagMessage: Destroyed 0 sockets, proto=IPPROTO_TCP, family=AF_INET6, states=14
04-24 08:00:46.084   753   932 D InetDiagMessage: Destroyed live tcp sockets for uids={10159} in 2ms
04-24 08:00:46.844   753   932 D InetDiagMessage: Destroyed 0 sockets, proto=IPPROTO_TCP, family=AF_INET, states=14
04-24 08:00:46.849   753   932 D InetDiagMessage: Destroyed 0 sockets, proto=IPPROTO_TCP, family=AF_INET6, states=14
04-24 08:00:46.850   753   932 D InetDiagMessage: Destroyed live tcp sockets for uids={10170} in 5ms
04-24 08:00:46.850   753   932 D InetDiagMessage: Destroyed 0 sockets, proto=IPPROTO_TCP, family=AF_INET, states=14
04-24 08:00:46.852   753   932 D InetDiagMessage: Destroyed 0 sockets, proto=IPPROTO_TCP, family=AF_INET6, states=14
04-24 08:00:46.853   753   932 D InetDiagMessage: Destroyed live tcp sockets for uids={20170} in 2ms
04-24 08:00:47.323   602   602 I adbd    : adbd_auth: loading keys from /data/misc/adb/adb_keys
04-24 08:00:47.363  7763  7763 W libbinder.BackendUnifiedServiceManager: Thread Pool max thread count is 0. Cannot cache binder as linkToDeath cannot be implemented. serviceName: activity
04-24 08:00:47.667  1196  1354 D SatelliteController: iisInCarrierRoamingNbIotNtn: satellite is disabled
04-24 08:00:47.669  1196  1354 D SatelliteController: getCarrierRoamingNtnConnectType: Falling back to global carrier config connect type: 0
04-24 08:00:48.205   753   922 I HalDevMgr: bestIfaceCreationProposal is null, requestIface=STA, existingIface=[name=wlan0 type=STA]
04-24 08:00:48.490  7786  7786 W libbinder.BackendUnifiedServiceManager: Thread Pool max thread count is 0. Cannot cache binder as linkToDeath cannot be implemented. serviceName: package
04-24 08:00:48.860  3310  3314 I artd    : GetBestInfo: odex next to the dex file (/data/app/~~RghKpCGWsmkPNMtqjhlKcQ==/com.google.android.gms-TUL0yIEABMSvkP75GRcj3g==/oat/x86_64/PrebuiltGmsCore.odex) is kOatUpToDate with filter 'speed' executable 'false'
04-24 08:00:48.874  3310  4797 I artd    : GetBestInfo: odex next to the dex file (/data/app/~~RghKpCGWsmkPNMtqjhlKcQ==/com.google.android.gms-TUL0yIEABMSvkP75GRcj3g==/oat/x86_64/split_AdsDynamite_installtime.odex) is kOatUpToDate with filter 'speed' executable 'false'
04-24 08:00:48.876  3310  3314 I artd    : GetBestInfo: odex next to the dex file (/data/app/~~RghKpCGWsmkPNMtqjhlKcQ==/com.google.android.gms-TUL0yIEABMSvkP75GRcj3g==/oat/x86_64/split_CronetDynamite_installtime.odex) is kOatUpToDate with filter 'speed' executable 'false'
04-24 08:00:48.885  3310  3314 I artd    : GetBestInfo: odex next to the dex file (/data/app/~~RghKpCGWsmkPNMtqjhlKcQ==/com.google.android.gms-TUL0yIEABMSvkP75GRcj3g==/oat/x86_64/split_DynamiteLoader_installtime.odex) is kOatUpToDate with filter 'speed' executable 'false'
04-24 08:00:48.887  3310  3314 I artd    : GetBestInfo: odex next to the dex file (/data/app/~~RghKpCGWsmkPNMtqjhlKcQ==/com.google.android.gms-TUL0yIEABMSvkP75GRcj3g==/oat/x86_64/split_DynamiteModulesA_installtime.odex) is kOatUpToDate with filter 'speed' executable 'false'
04-24 08:00:48.890  3310  4797 I artd    : GetBestInfo: odex next to the dex file (/data/app/~~RghKpCGWsmkPNMtqjhlKcQ==/com.google.android.gms-TUL0yIEABMSvkP75GRcj3g==/oat/x86_64/split_DynamiteModulesC_installtime.odex) is kOatUpToDate with filter 'speed' executable 'false'
04-24 08:00:48.892  3310  3314 I artd    : GetBestInfo: odex next to the dex file (/data/app/~~RghKpCGWsmkPNMtqjhlKcQ==/com.google.android.gms-TUL0yIEABMSvkP75GRcj3g==/oat/x86_64/split_GoogleCertificates_installtime.odex) is kOatUpToDate with filter 'speed' executable 'false'
04-24 08:00:48.898  3310  3314 I artd    : GetBestInfo: odex next to the dex file (/data/app/~~RghKpCGWsmkPNMtqjhlKcQ==/com.google.android.gms-TUL0yIEABMSvkP75GRcj3g==/oat/x86_64/split_MapsDynamite_installtime.odex) is kOatUpToDate with filter 'speed' executable 'false'
04-24 08:00:48.901  3310  3314 I artd    : GetBestInfo: odex next to the dex file (/data/app/~~RghKpCGWsmkPNMtqjhlKcQ==/com.google.android.gms-TUL0yIEABMSvkP75GRcj3g==/oat/x86_64/split_MeasurementDynamite_installtime.odex) is kOatUpToDate with filter 'speed' executable 'false'
04-24 08:00:48.903  3310  4797 I artd    : GetBestInfo: /data/user_de/0/com.google.android.gms/app_chimera/m/00000008/dl-MlkitOcrCommon.optional_253434100800.apk has no usable artifacts
04-24 08:00:48.905  3310  3314 I artd    : GetBestInfo: /data/user_de/0/com.google.android.gms/app_chimera/m/0000000c/dl-MlkitBarcodeUi.optional_253434100800.apk has no usable artifacts
04-24 08:00:48.908  3310  3314 I artd    : GetBestInfo: vdex next to the dex file (/data/user/0/com.google.android.gms/app_dg_cache/B3ED91DEC21F0EB5284BE10D982ABEAAC45F5C48/oat/x86_64/the.vdex) is kOatUpToDate with filter 'verify' executable 'false'
04-24 08:00:48.912  3310  3314 I artd    : GetBestInfo: /data/user_de/0/com.google.android.gms/app_chimera/m/0000000a/dl-TfliteDynamiteDynamite.integ_252130102100800.apk has no usable artifacts
04-24 08:00:48.913  3310  3314 I artd    : GetBestInfo: /data/user_de/0/com.google.android.gms/app_chimera/m/00000001/CronetDynamite.apk has no usable artifacts
04-24 08:00:48.916  3310  3314 I artd    : GetBestInfo: /data/user_de/0/com.google.android.gms/app_chimera/m/00000009/dl-VisionOcr.optional_253434100000.apk has no usable artifacts
04-24 08:00:48.917  3310  3314 I artd    : GetBestInfo: /data/user_de/0/com.google.android.gms/app_chimera/m/00000002/DynamiteLoader.apk has no usable artifacts
04-24 08:00:48.920  3310  3314 I artd    : GetBestInfo: /data/user_de/0/com.google.android.gms/app_chimera/m/0000000f/dl-PlayCloudSearch.optional_253434100000.apk has no usable artifacts
04-24 08:00:48.922  3310  3314 I artd    : GetBestInfo: /data/user_de/0/com.google.android.gms/app_chimera/m/0000000e/dl-Appsearch.optional_253434100800.apk has no usable artifacts
04-24 08:00:48.923  3310  3314 I artd    : GetBestInfo: /data/user_de/0/com.google.android.gms/app_chimera/m/00000005/GoogleCertificates.apk has no usable artifacts
04-24 08:00:48.924  3310  3314 I artd    : GetBestInfo: /data/user_de/0/com.google.android.gms/app_chimera/m/00000007/MeasurementDynamite.apk has no usable artifacts
04-24 08:00:49.075  6688  6688 I flutter : [APP] Invoke pre getProxies timeout TimeoutException after 0:00:10.000000: Future not completed
04-24 08:00:49.632  6688  6688 I flutter : [APP] Invoke pre stopListener timeout TimeoutException after 0:00:10.000000: Future not completed
04-24 08:00:51.233   753   922 I HalDevMgr: bestIfaceCreationProposal is null, requestIface=STA, existingIface=[name=wlan0 type=STA]
04-24 08:00:53.172  1016  1016 I wpa_supplicant: wlan0: CTRL-EVENT-BEACON-LOSS 
04-24 08:00:54.260   753   922 I HalDevMgr: bestIfaceCreationProposal is null, requestIface=STA, existingIface=[name=wlan0 type=STA]
04-24 08:00:57.299   753   922 I HalDevMgr: bestIfaceCreationProposal is null, requestIface=STA, existingIface=[name=wlan0 type=STA]
04-24 08:00:57.656  1196  1354 D SatelliteController: iisInCarrierRoamingNbIotNtn: satellite is disabled
04-24 08:00:57.656  1196  1354 D SatelliteController: getCarrierRoamingNtnConnectType: Falling back to global carrier config connect type: 0
04-24 08:00:58.455   602  7757 I adbd    : host-71: connection terminated: read failed
04-24 08:00:59.598  6688  6688 I flutter : [APP] Invoke pre getProxies timeout TimeoutException after 0:00:10.000000: Future not completed
04-24 08:00:59.638  6688  6688 I flutter : [APP] Invoke pre getProxies timeout TimeoutException after 0:00:10.000000: Future not completed
04-24 08:01:00.330   753   922 I HalDevMgr: bestIfaceCreationProposal is null, requestIface=STA, existingIface=[name=wlan0 type=STA]
04-24 08:01:00.734   602   602 I adbd    : adbd_auth: loading keys from /data/misc/adb/adb_keys
04-24 08:01:01.108  1016  1016 I wpa_supplicant: wlan0: CTRL-EVENT-BEACON-LOSS 
04-24 08:01:01.833   753   789 D OomAdjuster: Not killing cached processes
04-24 08:01:03.350   602   602 I adbd    : adbd_auth: loading keys from /data/misc/adb/adb_keys
04-24 08:01:03.368   753   922 I HalDevMgr: bestIfaceCreationProposal is null, requestIface=STA, existingIface=[name=wlan0 type=STA]
04-24 08:01:03.394  7806  7806 W libbinder.BackendUnifiedServiceManager: Thread Pool max thread count is 0. Cannot cache binder as linkToDeath cannot be implemented. serviceName: activity
04-24 08:01:03.604   602  7800 I adbd    : host-71: connection terminated: read failed
04-24 08:01:05.760   602   602 I adbd    : adbd_auth: loading keys from /data/misc/adb/adb_keys
04-24 08:01:06.397   753   922 I HalDevMgr: bestIfaceCreationProposal is null, requestIface=STA, existingIface=[name=wlan0 type=STA]
04-24 08:01:07.659  1196  1354 D SatelliteController: iisInCarrierRoamingNbIotNtn: satellite is disabled
04-24 08:01:07.660  1196  1354 D SatelliteController: getCarrierRoamingNtnConnectType: Falling back to global carrier config connect type: 0
04-24 08:01:08.027   602   602 I adbd    : adbd_auth: loading keys from /data/misc/adb/adb_keys
04-24 08:01:08.492  7833  7833 W libbinder.BackendUnifiedServiceManager: Thread Pool max thread count is 0. Cannot cache binder as linkToDeath cannot be implemented. serviceName: package
04-24 08:01:08.683   602  7831 I adbd    : host-71: connection terminated: read failed
04-24 08:01:08.691   753  1730 W FastPrintWriter: Write failure
04-24 08:01:08.691   753  1730 W FastPrintWriter: java.io.IOException: write failed: EPIPE (Broken pipe)
04-24 08:01:08.691   753  1730 W FastPrintWriter: 	at libcore.io.IoBridge.write(IoBridge.java:651)
04-24 08:01:08.691   753  1730 W FastPrintWriter: 	at java.io.FileOutputStream.write(FileOutputStream.java:436)
04-24 08:01:08.691   753  1730 W FastPrintWriter: 	at com.android.internal.util.FastPrintWriter.flushBytesLocked(FastPrintWriter.java:355)
04-24 08:01:08.691   753  1730 W FastPrintWriter: 	at com.android.internal.util.FastPrintWriter.flushLocked(FastPrintWriter.java:378)
04-24 08:01:08.691   753  1730 W FastPrintWriter: 	at com.android.internal.util.FastPrintWriter.appendLocked(FastPrintWriter.java:323)
04-24 08:01:08.691   753  1730 W FastPrintWriter: 	at com.android.internal.util.FastPrintWriter.print(FastPrintWriter.java:500)
04-24 08:01:08.691   753  1730 W FastPrintWriter: 	at java.io.PrintWriter.println(PrintWriter.java:822)
04-24 08:01:08.691   753  1730 W FastPrintWriter: 	at android.util.PrintWriterPrinter.println(PrintWriterPrinter.java:39)
04-24 08:01:08.691   753  1730 W FastPrintWriter: 	at android.content.IntentFilter.dump(IntentFilter.java:2822)
04-24 08:01:08.691   753  1730 W FastPrintWriter: 	at com.android.server.IntentResolver.dumpMap(IntentResolver.java:251)
04-24 08:01:08.691   753  1730 W FastPrintWriter: 	at com.android.server.IntentResolver.dump(IntentResolver.java:305)
04-24 08:01:08.691   753  1730 W FastPrintWriter: 	at com.android.server.pm.resolution.ComponentResolverBase.dumpReceiverResolvers(ComponentResolverBase.java:339)
04-24 08:01:08.691   753  1730 W FastPrintWriter: 	at com.android.server.pm.DumpHelper.doDump(DumpHelper.java:416)
04-24 08:01:08.691   753  1730 W FastPrintWriter: 	at com.android.server.pm.PackageManagerService$IPackageManagerImpl.dump(PackageManagerService.java:6759)
04-24 08:01:08.691   753  1730 W FastPrintWriter: 	at android.os.Binder.doDump(Binder.java:1104)
04-24 08:01:08.691   753  1730 W FastPrintWriter: 	at android.os.Binder.dump(Binder.java:1094)
04-24 08:01:08.691   753  1730 W FastPrintWriter: 	at android.os.Binder.onTransact(Binder.java:940)
04-24 08:01:08.691   753  1730 W FastPrintWriter: 	at android.content.pm.IPackageManager$Stub.onTransact(IPackageManager.java:4666)
04-24 08:01:08.691   753  1730 W FastPrintWriter: 	at com.android.server.pm.PackageManagerService$IPackageManagerImpl.onTransact(PackageManagerService.java:6705)
04-24 08:01:08.691   753  1730 W FastPrintWriter: 	at android.os.Binder.execTransactInternal(Binder.java:1478)
04-24 08:01:08.691   753  1730 W FastPrintWriter: 	at android.os.Binder.execTransact(Binder.java:1418)
04-24 08:01:08.691   753  1730 W FastPrintWriter: Caused by: android.system.ErrnoException: write failed: EPIPE (Broken pipe)
04-24 08:01:08.691   753  1730 W FastPrintWriter: 	at libcore.io.Linux.writeBytes(Native Method)
04-24 08:01:08.691   753  1730 W FastPrintWriter: 	at libcore.io.Linux.write(Linux.java:338)
04-24 08:01:08.691   753  1730 W FastPrintWriter: 	at libcore.io.ForwardingOs.write(ForwardingOs.java:954)
04-24 08:01:08.691   753  1730 W FastPrintWriter: 	at libcore.io.BlockGuardOs.write(BlockGuardOs.java:448)
04-24 08:01:08.691   753  1730 W FastPrintWriter: 	at libcore.io.IoBridge.write(IoBridge.java:646)
04-24 08:01:08.691   753  1730 W FastPrintWriter: 	... 20 more
04-24 08:01:08.716  3310  4797 I artd    : GetBestInfo: odex next to the dex file (/data/app/~~RghKpCGWsmkPNMtqjhlKcQ==/com.google.android.gms-TUL0yIEABMSvkP75GRcj3g==/oat/x86_64/PrebuiltGmsCore.odex) is kOatUpToDate with filter 'speed' executable 'false'
04-24 08:01:08.719  3310  3314 I artd    : GetBestInfo: odex next to the dex file (/data/app/~~RghKpCGWsmkPNMtqjhlKcQ==/com.google.android.gms-TUL0yIEABMSvkP75GRcj3g==/oat/x86_64/split_AdsDynamite_installtime.odex) is kOatUpToDate with filter 'speed' executable 'false'
04-24 08:01:08.721  3310  3314 I artd    : GetBestInfo: odex next to the dex file (/data/app/~~RghKpCGWsmkPNMtqjhlKcQ==/com.google.android.gms-TUL0yIEABMSvkP75GRcj3g==/oat/x86_64/split_CronetDynamite_installtime.odex) is kOatUpToDate with filter 'speed' executable 'false'
04-24 08:01:08.722  3310  3314 I artd    : GetBestInfo: odex next to the dex file (/data/app/~~RghKpCGWsmkPNMtqjhlKcQ==/com.google.android.gms-TUL0yIEABMSvkP75GRcj3g==/oat/x86_64/split_DynamiteLoader_installtime.odex) is kOatUpToDate with filter 'speed' executable 'false'
04-24 08:01:08.725  3310  4797 I artd    : GetBestInfo: odex next to the dex file (/data/app/~~RghKpCGWsmkPNMtqjhlKcQ==/com.google.android.gms-TUL0yIEABMSvkP75GRcj3g==/oat/x86_64/split_DynamiteModulesA_installtime.odex) is kOatUpToDate with filter 'speed' executable 'false'
04-24 08:01:08.728  3310  3314 I artd    : GetBestInfo: odex next to the dex file (/data/app/~~RghKpCGWsmkPNMtqjhlKcQ==/com.google.android.gms-TUL0yIEABMSvkP75GRcj3g==/oat/x86_64/split_DynamiteModulesC_installtime.odex) is kOatUpToDate with filter 'speed' executable 'false'
04-24 08:01:08.730  3310  4797 I artd    : GetBestInfo: odex next to the dex file (/data/app/~~RghKpCGWsmkPNMtqjhlKcQ==/com.google.android.gms-TUL0yIEABMSvkP75GRcj3g==/oat/x86_64/split_GoogleCertificates_installtime.odex) is kOatUpToDate with filter 'speed' executable 'false'
04-24 08:01:08.732  3310  4797 I artd    : GetBestInfo: odex next to the dex file (/data/app/~~RghKpCGWsmkPNMtqjhlKcQ==/com.google.android.gms-TUL0yIEABMSvkP75GRcj3g==/oat/x86_64/split_MapsDynamite_installtime.odex) is kOatUpToDate with filter 'speed' executable 'false'
04-24 08:01:08.735  3310  4797 I artd    : GetBestInfo: odex next to the dex file (/data/app/~~RghKpCGWsmkPNMtqjhlKcQ==/com.google.android.gms-TUL0yIEABMSvkP75GRcj3g==/oat/x86_64/split_MeasurementDynamite_installtime.odex) is kOatUpToDate with filter 'speed' executable 'false'
04-24 08:01:08.737  3310  3314 I artd    : GetBestInfo: /data/user_de/0/com.google.android.gms/app_chimera/m/00000008/dl-MlkitOcrCommon.optional_253434100800.apk has no usable artifacts
04-24 08:01:08.740  3310  3314 I artd    : GetBestInfo: /data/user_de/0/com.google.android.gms/app_chimera/m/0000000c/dl-MlkitBarcodeUi.optional_253434100800.apk has no usable artifacts
04-24 08:01:08.742  3310  3314 I artd    : GetBestInfo: vdex next to the dex file (/data/user/0/com.google.android.gms/app_dg_cache/B3ED91DEC21F0EB5284BE10D982ABEAAC45F5C48/oat/x86_64/the.vdex) is kOatUpToDate with filter 'verify' executable 'false'
