04-24 08:01:47.501  1092  7960 D android.hardware.gnss-service.ranchu: GnssHwListener:consume:87 sz=64
04-24 08:01:47.501  1092  7960 D android.hardware.gnss-service.ranchu: Gnss:onGnssLocationCb:311
04-24 08:01:47.501  1092  7960 D android.hardware.gnss-service.ranchu: Gnss:onGnssLocationCb:337
04-24 08:01:47.501  1092  7960 D android.hardware.gnss-service.ranchu: GnssHwListener:consume:87 sz=64
04-24 08:01:47.501  1092  7960 D android.hardware.gnss-service.ranchu: GnssHwListener:consume:87 sz=64
04-24 08:01:47.502  1092  7960 D android.hardware.gnss-service.ranchu: Gnss:onGnssLocationCb:311
04-24 08:01:47.502  1092  7960 D android.hardware.gnss-service.ranchu: Gnss:onGnssLocationCb:337
04-24 08:01:47.502  1092  7960 D android.hardware.gnss-service.ranchu: GnssHwListener:consume:87 sz=64
04-24 08:01:47.503  1092  7960 D android.hardware.gnss-service.ranchu: GnssHwListener:consume:87 sz=64
04-24 08:01:47.504  1092  7960 D android.hardware.gnss-service.ranchu: Gnss:onGnssLocationCb:311
04-24 08:01:47.504  1092  7960 D android.hardware.gnss-service.ranchu: Gnss:onGnssLocationCb:337
04-24 08:01:47.504  1092  7960 D android.hardware.gnss-service.ranchu: GnssHwListener:consume:87 sz=64
04-24 08:01:47.504  1092  7960 D android.hardware.gnss-service.ranchu: GnssHwListener:consume:87 sz=64
04-24 08:01:47.505  1092  7960 D android.hardware.gnss-service.ranchu: Gnss:onGnssLocationCb:311
04-24 08:01:47.505  1092  7960 D android.hardware.gnss-service.ranchu: Gnss:onGnssLocationCb:337
04-24 08:01:47.505  1092  7960 D android.hardware.gnss-service.ranchu: GnssHwListener:consume:87 sz=64
04-24 08:01:47.505  1092  7960 D android.hardware.gnss-service.ranchu: GnssHwListener:consume:87 sz=64
04-24 08:01:47.505  1092  7960 D android.hardware.gnss-service.ranchu: Gnss:onGnssLocationCb:311
04-24 08:01:47.505  1092  7960 D android.hardware.gnss-service.ranchu: Gnss:onGnssLocationCb:337
04-24 08:01:47.508  1092  7960 D android.hardware.gnss-service.ranchu: GnssHwListener:consume:87 sz=64
04-24 08:01:47.508  1092  7960 D android.hardware.gnss-service.ranchu: GnssHwListener:consume:87 sz=64
04-24 08:01:47.509  1092  7960 D android.hardware.gnss-service.ranchu: Gnss:onGnssLocationCb:311
04-24 08:01:47.509  1092  7960 D android.hardware.gnss-service.ranchu: Gnss:onGnssLocationCb:337
04-24 08:01:47.509  1092  7960 D android.hardware.gnss-service.ranchu: GnssHwListener:consume:87 sz=64
04-24 08:01:47.511  1092  7960 D android.hardware.gnss-service.ranchu: GnssHwListener:consume:87 sz=64
04-24 08:01:47.512  1092  7960 D android.hardware.gnss-service.ranchu: Gnss:onGnssLocationCb:311
04-24 08:01:47.512  1092  7960 D android.hardware.gnss-service.ranchu: Gnss:onGnssLocationCb:337
04-24 08:01:47.512  1092  7960 D android.hardware.gnss-service.ranchu: GnssHwListener:consume:87 sz=64
04-24 08:01:47.512  1092  7960 D android.hardware.gnss-service.ranchu: GnssHwListener:consume:87 sz=64
04-24 08:01:47.512  1092  7960 D android.hardware.gnss-service.ranchu: Gnss:onGnssLocationCb:311
04-24 08:01:47.513  1092  7960 D android.hardware.gnss-service.ranchu: Gnss:onGnssLocationCb:337
04-24 08:01:47.513  1092  7960 D android.hardware.gnss-service.ranchu: GnssHwListener:consume:87 sz=64
04-24 08:01:47.513  1092  7960 D android.hardware.gnss-service.ranchu: GnssHwListener:consume:87 sz=64
04-24 08:01:47.513  1092  7960 D android.hardware.gnss-service.ranchu: Gnss:onGnssLocationCb:311
04-24 08:01:47.513  1092  7960 D android.hardware.gnss-service.ranchu: Gnss:onGnssLocationCb:337
04-24 08:01:47.513  1092  7960 D android.hardware.gnss-service.ranchu: GnssHwListener:consume:87 sz=64
04-24 08:01:47.514  1092  7960 D android.hardware.gnss-service.ranchu: GnssHwListener:consume:87 sz=64
04-24 08:01:47.514  1092  7960 D android.hardware.gnss-service.ranchu: Gnss:onGnssLocationCb:311
04-24 08:01:47.514  1092  7960 D android.hardware.gnss-service.ranchu: Gnss:onGnssLocationCb:337
04-24 08:01:47.514  1092  7960 D android.hardware.gnss-service.ranchu: GnssHwListener:consume:87 sz=64
04-24 08:01:47.515  1092  7960 D android.hardware.gnss-service.ranchu: GnssHwListener:consume:87 sz=64
04-24 08:01:47.515  1092  7960 D android.hardware.gnss-service.ranchu: Gnss:onGnssLocationCb:311
04-24 08:01:47.515  1092  7960 D android.hardware.gnss-service.ranchu: Gnss:onGnssLocationCb:337
04-24 08:01:47.515  1092  7960 D android.hardware.gnss-service.ranchu: GnssHwListener:consume:87 sz=64
04-24 08:01:47.516  1092  7960 D android.hardware.gnss-service.ranchu: GnssHwListener:consume:87 sz=64
04-24 08:01:47.516  1092  7960 D android.hardware.gnss-service.ranchu: Gnss:onGnssLocationCb:311
04-24 08:01:47.517  1092  7960 D android.hardware.gnss-service.ranchu: Gnss:onGnssLocationCb:337
04-24 08:01:47.517  1092  7960 D android.hardware.gnss-service.ranchu: GnssHwListener:consume:87 sz=64
04-24 08:01:47.517  1092  7960 D android.hardware.gnss-service.ranchu: GnssHwListener:consume:87 sz=64
04-24 08:01:47.517  1092  7960 D android.hardware.gnss-service.ranchu: Gnss:onGnssLocationCb:311
04-24 08:01:47.518  1092  7960 D android.hardware.gnss-service.ranchu: Gnss:onGnssLocationCb:337
04-24 08:01:47.518  1092  7960 D android.hardware.gnss-service.ranchu: GnssHwListener:consume:87 sz=64
04-24 08:01:47.522  4869  4920 I FusedLocation: (REDACTED) location delivery to %s blocked - too fast
04-24 08:01:47.522  1092  7960 D android.hardware.gnss-service.ranchu: GnssHwListener:consume:87 sz=64
04-24 08:01:47.523  1092  7960 D android.hardware.gnss-service.ranchu: Gnss:onGnssLocationCb:311
04-24 08:01:47.523  1092  7960 D android.hardware.gnss-service.ranchu: Gnss:onGnssLocationCb:337
04-24 08:01:47.523  1092  7960 D android.hardware.gnss-service.ranchu: GnssHwListener:consume:87 sz=64
04-24 08:01:47.524  1092  7960 D android.hardware.gnss-service.ranchu: GnssHwListener:consume:87 sz=64
04-24 08:01:47.525  1092  7960 D android.hardware.gnss-service.ranchu: Gnss:onGnssLocationCb:311
04-24 08:01:47.525  1092  7960 D android.hardware.gnss-service.ranchu: Gnss:onGnssLocationCb:337
04-24 08:01:47.525  1092  7960 D android.hardware.gnss-service.ranchu: GnssHwListener:consume:87 sz=64
04-24 08:01:47.525  1092  7960 D android.hardware.gnss-service.ranchu: GnssHwListener:consume:87 sz=64
04-24 08:01:47.526  1092  7960 D android.hardware.gnss-service.ranchu: Gnss:onGnssLocationCb:311
04-24 08:01:47.527  1092  7960 D android.hardware.gnss-service.ranchu: Gnss:onGnssLocationCb:337
04-24 08:01:47.528  1092  7960 D android.hardware.gnss-service.ranchu: GnssHwListener:consume:87 sz=64
04-24 08:01:47.528  1092  7960 D android.hardware.gnss-service.ranchu: GnssHwListener:consume:87 sz=64
04-24 08:01:47.529  1092  7960 D android.hardware.gnss-service.ranchu: Gnss:onGnssLocationCb:311
04-24 08:01:47.529  1092  7960 D android.hardware.gnss-service.ranchu: Gnss:onGnssLocationCb:337
04-24 08:01:47.529  1092  7960 D android.hardware.gnss-service.ranchu: GnssHwListener:consume:87 sz=64
04-24 08:01:47.529  1092  7960 D android.hardware.gnss-service.ranchu: GnssHwListener:consume:87 sz=64
04-24 08:01:47.529  1092  7960 D android.hardware.gnss-service.ranchu: Gnss:onGnssLocationCb:311
04-24 08:01:47.530  1092  7960 D android.hardware.gnss-service.ranchu: Gnss:onGnssLocationCb:337
04-24 08:01:47.530  1092  7960 D android.hardware.gnss-service.ranchu: GnssHwListener:consume:87 sz=64
04-24 08:01:47.530  1092  7960 D android.hardware.gnss-service.ranchu: GnssHwListener:consume:87 sz=64
04-24 08:01:47.530  1092  7960 D android.hardware.gnss-service.ranchu: Gnss:onGnssLocationCb:311
04-24 08:01:47.531  1092  7960 D android.hardware.gnss-service.ranchu: Gnss:onGnssLocationCb:337
04-24 08:01:47.531  1092  7960 D android.hardware.gnss-service.ranchu: GnssHwListener:consume:87 sz=64
04-24 08:01:47.531  1092  7960 D android.hardware.gnss-service.ranchu: GnssHwListener:consume:87 sz=64
04-24 08:01:47.531  4869  4920 I FusedLocation: (REDACTED) location delivery to %s blocked - too fast
04-24 08:01:47.532  1092  7960 D android.hardware.gnss-service.ranchu: Gnss:onGnssLocationCb:311
04-24 08:01:47.532  1092  7960 D android.hardware.gnss-service.ranchu: Gnss:onGnssLocationCb:337
04-24 08:01:47.532  4869  4920 I FusedLocation: (REDACTED) location delivery to %s blocked - too fast
04-24 08:01:47.532  1092  7960 D android.hardware.gnss-service.ranchu: GnssHwListener:consume:87 sz=64
04-24 08:01:47.533  1092  7960 D android.hardware.gnss-service.ranchu: GnssHwListener:consume:87 sz=64
04-24 08:01:47.533  1092  7960 D android.hardware.gnss-service.ranchu: Gnss:onGnssLocationCb:311
04-24 08:01:47.533  1092  7960 D android.hardware.gnss-service.ranchu: Gnss:onGnssLocationCb:337
04-24 08:01:47.533  1092  7960 D android.hardware.gnss-service.ranchu: GnssHwListener:consume:87 sz=64
04-24 08:01:47.534  1092  7960 D android.hardware.gnss-service.ranchu: GnssHwListener:consume:87 sz=64
04-24 08:01:47.535  1092  7960 D android.hardware.gnss-service.ranchu: Gnss:onGnssLocationCb:311
04-24 08:01:47.535  1092  7960 D android.hardware.gnss-service.ranchu: Gnss:onGnssLocationCb:337
04-24 08:01:47.535  1092  7960 D android.hardware.gnss-service.ranchu: GnssHwListener:consume:87 sz=64
04-24 08:01:47.536  1092  7960 D android.hardware.gnss-service.ranchu: GnssHwListener:consume:87 sz=64
04-24 08:01:47.536  1092  7960 D android.hardware.gnss-service.ranchu: Gnss:onGnssLocationCb:311
04-24 08:01:47.537  1092  7960 D android.hardware.gnss-service.ranchu: Gnss:onGnssLocationCb:337
04-24 08:01:47.537  1092  7960 D android.hardware.gnss-service.ranchu: GnssHwListener:consume:87 sz=64
04-24 08:01:47.537  1092  7960 D android.hardware.gnss-service.ranchu: GnssHwListener:consume:87 sz=64
04-24 08:01:47.537  1092  7960 D android.hardware.gnss-service.ranchu: Gnss:onGnssLocationCb:311
04-24 08:01:47.537  1092  7960 D android.hardware.gnss-service.ranchu: Gnss:onGnssLocationCb:337
04-24 08:01:47.538  1092  7960 D android.hardware.gnss-service.ranchu: GnssHwListener:consume:87 sz=64
04-24 08:01:47.538  1092  7960 D android.hardware.gnss-service.ranchu: GnssHwListener:consume:87 sz=64
04-24 08:01:47.538  1092  7960 D android.hardware.gnss-service.ranchu: Gnss:onGnssLocationCb:311
04-24 08:01:47.538  1092  7960 D android.hardware.gnss-service.ranchu: Gnss:onGnssLocationCb:337
04-24 08:01:47.538  1092  7960 D android.hardware.gnss-service.ranchu: GnssHwListener:consume:87 sz=64
04-24 08:01:47.538  1092  7960 D android.hardware.gnss-service.ranchu: GnssHwListener:consume:87 sz=64
04-24 08:01:47.539  1092  7960 D android.hardware.gnss-service.ranchu: Gnss:onGnssLocationCb:311
04-24 08:01:47.539  1092  7960 D android.hardware.gnss-service.ranchu: Gnss:onGnssLocationCb:337
04-24 08:01:47.539  1092  7960 D android.hardware.gnss-service.ranchu: GnssHwListener:consume:87 sz=64
04-24 08:01:47.539  1092  7960 D android.hardware.gnss-service.ranchu: GnssHwListener:consume:87 sz=64
04-24 08:01:47.540  1092  7960 D android.hardware.gnss-service.ranchu: Gnss:onGnssLocationCb:311
04-24 08:01:47.540  1092  7960 D android.hardware.gnss-service.ranchu: Gnss:onGnssLocationCb:337
04-24 08:01:47.540  1092  7960 D android.hardware.gnss-service.ranchu: GnssHwListener:consume:87 sz=64
04-24 08:01:47.541  1092  7960 D android.hardware.gnss-service.ranchu: GnssHwListener:consume:87 sz=64
04-24 08:01:47.541  1092  7960 D android.hardware.gnss-service.ranchu: Gnss:onGnssLocationCb:311
04-24 08:01:47.541  1092  7960 D android.hardware.gnss-service.ranchu: Gnss:onGnssLocationCb:337
04-24 08:01:47.542  1092  7960 D android.hardware.gnss-service.ranchu: GnssHwListener:consume:87 sz=64
04-24 08:01:47.542  1092  7960 D android.hardware.gnss-service.ranchu: GnssHwListener:consume:87 sz=64
04-24 08:01:47.542  1092  7960 D android.hardware.gnss-service.ranchu: Gnss:onGnssLocationCb:311
04-24 08:01:47.542  1092  7960 D android.hardware.gnss-service.ranchu: Gnss:onGnssLocationCb:337
04-24 08:01:47.542  1092  7960 D android.hardware.gnss-service.ranchu: GnssHwListener:consume:87 sz=64
04-24 08:01:47.543  1092  7960 D android.hardware.gnss-service.ranchu: GnssHwListener:consume:87 sz=64
04-24 08:01:47.543  1092  7960 D android.hardware.gnss-service.ranchu: Gnss:onGnssLocationCb:311
04-24 08:01:47.543  1092  7960 D android.hardware.gnss-service.ranchu: Gnss:onGnssLocationCb:337
04-24 08:01:47.545  1092  7960 D android.hardware.gnss-service.ranchu: GnssHwListener:consume:87 sz=64
04-24 08:01:47.545  1092  7960 D android.hardware.gnss-service.ranchu: GnssHwListener:consume:87 sz=64
04-24 08:01:47.546  1092  7960 D android.hardware.gnss-service.ranchu: Gnss:onGnssLocationCb:311
04-24 08:01:47.546  1092  7960 D android.hardware.gnss-service.ranchu: Gnss:onGnssLocationCb:337
04-24 08:01:47.546  1092  7960 D android.hardware.gnss-service.ranchu: GnssHwListener:consume:87 sz=64
04-24 08:01:47.547  1092  7960 D android.hardware.gnss-service.ranchu: GnssHwListener:consume:87 sz=64
04-24 08:01:47.547  1092  7960 D android.hardware.gnss-service.ranchu: Gnss:onGnssLocationCb:311
04-24 08:01:47.547  1092  7960 D android.hardware.gnss-service.ranchu: Gnss:onGnssLocationCb:337
04-24 08:01:47.547  1092  7960 D android.hardware.gnss-service.ranchu: GnssHwListener:consume:87 sz=64
04-24 08:01:47.548  1092  7960 D android.hardware.gnss-service.ranchu: GnssHwListener:consume:87 sz=64
04-24 08:01:47.548  1092  7960 D android.hardware.gnss-service.ranchu: Gnss:onGnssLocationCb:311
04-24 08:01:47.548  1092  7960 D android.hardware.gnss-service.ranchu: Gnss:onGnssLocationCb:337
04-24 08:01:47.551  1092  7960 D android.hardware.gnss-service.ranchu: GnssHwListener:consume:87 sz=64
04-24 08:01:47.551  1092  7960 D android.hardware.gnss-service.ranchu: GnssHwListener:consume:87 sz=64
04-24 08:01:47.551  1092  7960 D android.hardware.gnss-service.ranchu: Gnss:onGnssLocationCb:311
04-24 08:01:47.551  1092  7960 D android.hardware.gnss-service.ranchu: Gnss:onGnssLocationCb:337
04-24 08:01:47.551  1092  7960 D android.hardware.gnss-service.ranchu: GnssHwListener:consume:87 sz=64
04-24 08:01:47.552  1092  7960 D android.hardware.gnss-service.ranchu: GnssHwListener:consume:87 sz=64
04-24 08:01:47.552  1092  7960 D android.hardware.gnss-service.ranchu: Gnss:onGnssLocationCb:311
04-24 08:01:47.552  1092  7960 D android.hardware.gnss-service.ranchu: Gnss:onGnssLocationCb:337
04-24 08:01:47.552  1092  7960 D android.hardware.gnss-service.ranchu: GnssHwListener:consume:87 sz=64
04-24 08:01:47.553  1092  7960 D android.hardware.gnss-service.ranchu: GnssHwListener:consume:87 sz=64
04-24 08:01:47.553  1092  7960 D android.hardware.gnss-service.ranchu: Gnss:onGnssLocationCb:311
04-24 08:01:47.553  1092  7960 D android.hardware.gnss-service.ranchu: Gnss:onGnssLocationCb:337
04-24 08:01:47.553  1092  7960 D android.hardware.gnss-service.ranchu: GnssHwListener:consume:87 sz=64
04-24 08:01:47.556  1092  7960 D android.hardware.gnss-service.ranchu: GnssHwListener:consume:87 sz=64
04-24 08:01:47.556  1092  7960 D android.hardware.gnss-service.ranchu: Gnss:onGnssLocationCb:311
04-24 08:01:47.556  1092  7960 D android.hardware.gnss-service.ranchu: Gnss:onGnssLocationCb:337
04-24 08:01:47.556  1092  7960 D android.hardware.gnss-service.ranchu: GnssHwListener:consume:87 sz=64
04-24 08:01:47.557  1092  7960 D android.hardware.gnss-service.ranchu: GnssHwListener:consume:87 sz=64
04-24 08:01:47.557  1092  7960 D android.hardware.gnss-service.ranchu: Gnss:onGnssLocationCb:311
04-24 08:01:47.558  1092  7960 D android.hardware.gnss-service.ranchu: Gnss:onGnssLocationCb:337
04-24 08:01:47.562  1092  7960 D android.hardware.gnss-service.ranchu: GnssHwListener:consume:87 sz=64
04-24 08:01:47.562  1092  7960 D android.hardware.gnss-service.ranchu: GnssHwListener:consume:87 sz=64
04-24 08:01:47.562  1092  7960 D android.hardware.gnss-service.ranchu: Gnss:onGnssLocationCb:311
04-24 08:01:47.563  1092  7960 D android.hardware.gnss-service.ranchu: Gnss:onGnssLocationCb:337
04-24 08:01:47.563  1092  7960 D android.hardware.gnss-service.ranchu: GnssHwListener:consume:87 sz=64
04-24 08:01:47.563  1092  7960 D android.hardware.gnss-service.ranchu: GnssHwListener:consume:87 sz=64
04-24 08:01:47.563  1092  7960 D android.hardware.gnss-service.ranchu: Gnss:onGnssLocationCb:311
04-24 08:01:47.564  1092  7960 D android.hardware.gnss-service.ranchu: Gnss:onGnssLocationCb:337
04-24 08:01:47.564  1092  7960 D android.hardware.gnss-service.ranchu: GnssHwListener:consume:87 sz=64
04-24 08:01:47.564  1092  7960 D android.hardware.gnss-service.ranchu: GnssHwListener:consume:87 sz=64
04-24 08:01:47.564  1092  7960 D android.hardware.gnss-service.ranchu: Gnss:onGnssLocationCb:311
04-24 08:01:47.565  1092  7960 D android.hardware.gnss-service.ranchu: Gnss:onGnssLocationCb:337
04-24 08:01:47.565  1092  7960 D android.hardware.gnss-service.ranchu: GnssHwListener:consume:87 sz=64
04-24 08:01:47.565  1092  7960 D android.hardware.gnss-service.ranchu: GnssHwListener:consume:87 sz=64
04-24 08:01:47.566  1092  7960 D android.hardware.gnss-service.ranchu: Gnss:onGnssLocationCb:311
04-24 08:01:47.566  1092  7960 D android.hardware.gnss-service.ranchu: Gnss:onGnssLocationCb:337
04-24 08:01:47.566  1092  7960 D android.hardware.gnss-service.ranchu: GnssHwListener:consume:87 sz=64
04-24 08:01:47.567  1092  7960 D android.hardware.gnss-service.ranchu: GnssHwListener:consume:87 sz=64
04-24 08:01:47.567  1092  7960 D android.hardware.gnss-service.ranchu: Gnss:onGnssLocationCb:311
04-24 08:01:47.567  1092  7960 D android.hardware.gnss-service.ranchu: Gnss:onGnssLocationCb:337
04-24 08:01:47.567  1092  7960 D android.hardware.gnss-service.ranchu: GnssHwListener:consume:87 sz=64
04-24 08:01:47.568  1092  7960 D android.hardware.gnss-service.ranchu: GnssHwListener:consume:87 sz=64
04-24 08:01:47.568  1092  7960 D android.hardware.gnss-service.ranchu: Gnss:onGnssLocationCb:311
04-24 08:01:47.568  1092  7960 D android.hardware.gnss-service.ranchu: Gnss:onGnssLocationCb:337
04-24 08:01:47.569  1092  7960 D android.hardware.gnss-service.ranchu: GnssHwListener:consume:87 sz=64
04-24 08:01:47.569  4869  4920 I FusedLocation: (REDACTED) location delivery to %s blocked - too fast
04-24 08:01:47.569  1092  7960 D android.hardware.gnss-service.ranchu: GnssHwListener:consume:87 sz=64
04-24 08:01:47.569  4869  4920 I FusedLocation: (REDACTED) location delivery to %s blocked - too fast
04-24 08:01:47.570  1092  7960 D android.hardware.gnss-service.ranchu: Gnss:onGnssLocationCb:311
04-24 08:01:47.570  1092  7960 D android.hardware.gnss-service.ranchu: Gnss:onGnssLocationCb:337
04-24 08:01:47.570  1092  7960 D android.hardware.gnss-service.ranchu: GnssHwListener:consume:87 sz=64
04-24 08:01:47.571  1092  7960 D android.hardware.gnss-service.ranchu: GnssHwListener:consume:87 sz=64
04-24 08:01:47.571  1092  7960 D android.hardware.gnss-service.ranchu: Gnss:onGnssLocationCb:311
04-24 08:01:47.571  1092  7960 D android.hardware.gnss-service.ranchu: Gnss:onGnssLocationCb:337
04-24 08:01:47.571  1092  7960 D android.hardware.gnss-service.ranchu: GnssHwListener:consume:87 sz=64
04-24 08:01:47.572  1092  7960 D android.hardware.gnss-service.ranchu: GnssHwListener:consume:87 sz=64
04-24 08:01:47.572  1092  7960 D android.hardware.gnss-service.ranchu: Gnss:onGnssLocationCb:311
04-24 08:01:47.572  1092  7960 D android.hardware.gnss-service.ranchu: Gnss:onGnssLocationCb:337
04-24 08:01:47.572  1092  7960 D android.hardware.gnss-service.ranchu: GnssHwListener:consume:87 sz=64
04-24 08:01:47.573  1092  7960 D android.hardware.gnss-service.ranchu: GnssHwListener:consume:87 sz=64
04-24 08:01:47.573  1092  7960 D android.hardware.gnss-service.ranchu: Gnss:onGnssLocationCb:311
04-24 08:01:47.573  1092  7960 D android.hardware.gnss-service.ranchu: Gnss:onGnssLocationCb:337
04-24 08:01:47.574  1092  7960 D android.hardware.gnss-service.ranchu: GnssHwListener:consume:87 sz=64
04-24 08:01:47.574  1092  7960 D android.hardware.gnss-service.ranchu: GnssHwListener:consume:87 sz=64
04-24 08:01:47.574  1092  7960 D android.hardware.gnss-service.ranchu: Gnss:onGnssLocationCb:311
04-24 08:01:47.575  1092  7960 D android.hardware.gnss-service.ranchu: Gnss:onGnssLocationCb:337
04-24 08:01:47.575  1092  7960 D android.hardware.gnss-service.ranchu: GnssHwListener:consume:87 sz=64
04-24 08:01:47.576  1092  7960 D android.hardware.gnss-service.ranchu: GnssHwListener:consume:87 sz=64
04-24 08:01:47.576  1092  7960 D android.hardware.gnss-service.ranchu: Gnss:onGnssLocationCb:311
04-24 08:01:47.576  1092  7960 D android.hardware.gnss-service.ranchu: Gnss:onGnssLocationCb:337
04-24 08:01:47.577  1092  7960 D android.hardware.gnss-service.ranchu: GnssHwListener:consume:87 sz=64
04-24 08:01:47.577  1092  7960 D android.hardware.gnss-service.ranchu: GnssHwListener:consume:87 sz=64
04-24 08:01:47.577  1092  7960 D android.hardware.gnss-service.ranchu: Gnss:onGnssLocationCb:311
04-24 08:01:47.577  1092  7960 D android.hardware.gnss-service.ranchu: Gnss:onGnssLocationCb:337
04-24 08:01:47.577  1092  7960 D android.hardware.gnss-service.ranchu: GnssHwListener:consume:87 sz=64
04-24 08:01:47.578  1092  7960 D android.hardware.gnss-service.ranchu: GnssHwListener:consume:87 sz=64
04-24 08:01:47.578  1092  7960 D android.hardware.gnss-service.ranchu: Gnss:onGnssLocationCb:311
04-24 08:01:47.578  1092  7960 D android.hardware.gnss-service.ranchu: Gnss:onGnssLocationCb:337
04-24 08:01:47.579  1092  7960 D android.hardware.gnss-service.ranchu: GnssHwListener:consume:87 sz=64
04-24 08:01:47.579  1092  7960 D android.hardware.gnss-service.ranchu: GnssHwListener:consume:87 sz=64
04-24 08:01:47.579  1092  7960 D android.hardware.gnss-service.ranchu: Gnss:onGnssLocationCb:311
04-24 08:01:47.580  1092  7960 D android.hardware.gnss-service.ranchu: Gnss:onGnssLocationCb:337
04-24 08:01:47.580  1092  7960 D android.hardware.gnss-service.ranchu: GnssHwListener:consume:87 sz=64
04-24 08:01:47.580  1092  7960 D android.hardware.gnss-service.ranchu: GnssHwListener:consume:87 sz=64
04-24 08:01:47.581  1092  7960 D android.hardware.gnss-service.ranchu: Gnss:onGnssLocationCb:311
04-24 08:01:47.581  1092  7960 D android.hardware.gnss-service.ranchu: Gnss:onGnssLocationCb:337
04-24 08:01:47.581  1092  7960 D android.hardware.gnss-service.ranchu: GnssHwListener:consume:87 sz=64
04-24 08:01:47.581  1092  7960 D android.hardware.gnss-service.ranchu: GnssHwListener:consume:87 sz=64
04-24 08:01:47.581  1092  7960 D android.hardware.gnss-service.ranchu: Gnss:onGnssLocationCb:311
04-24 08:01:47.582  1092  7960 D android.hardware.gnss-service.ranchu: Gnss:onGnssLocationCb:337
04-24 08:01:47.582  1092  7960 D android.hardware.gnss-service.ranchu: GnssHwListener:consume:87 sz=64
04-24 08:01:47.583  1092  7960 D android.hardware.gnss-service.ranchu: GnssHwListener:consume:87 sz=64
04-24 08:01:47.583  1092  7960 D android.hardware.gnss-service.ranchu: Gnss:onGnssLocationCb:311
04-24 08:01:47.583  1092  7960 D android.hardware.gnss-service.ranchu: Gnss:onGnssLocationCb:337
04-24 08:01:47.583  1092  7960 D android.hardware.gnss-service.ranchu: GnssHwListener:consume:87 sz=64
04-24 08:01:47.584  1092  7960 D android.hardware.gnss-service.ranchu: GnssHwListener:consume:87 sz=64
04-24 08:01:47.584  1092  7960 D android.hardware.gnss-service.ranchu: Gnss:onGnssLocationCb:311
04-24 08:01:47.584  1092  7960 D android.hardware.gnss-service.ranchu: Gnss:onGnssLocationCb:337
04-24 08:01:47.584  1092  7960 D android.hardware.gnss-service.ranchu: GnssHwListener:consume:87 sz=64
04-24 08:01:47.585  1092  7960 D android.hardware.gnss-service.ranchu: GnssHwListener:consume:87 sz=64
04-24 08:01:47.585  1092  7960 D android.hardware.gnss-service.ranchu: Gnss:onGnssLocationCb:311
04-24 08:01:47.585  1092  7960 D android.hardware.gnss-service.ranchu: Gnss:onGnssLocationCb:337
04-24 08:01:47.585  1092  7960 D android.hardware.gnss-service.ranchu: GnssHwListener:consume:87 sz=64
04-24 08:01:47.585  4869  4920 I FusedLocation: (REDACTED) location delivery to %s blocked - too fast
04-24 08:01:47.585  1092  7960 D android.hardware.gnss-service.ranchu: GnssHwListener:consume:87 sz=64
04-24 08:01:47.586  1092  7960 D android.hardware.gnss-service.ranchu: Gnss:onGnssLocationCb:311
04-24 08:01:47.586  1092  7960 D android.hardware.gnss-service.ranchu: Gnss:onGnssLocationCb:337
04-24 08:01:47.587  1092  7960 D android.hardware.gnss-service.ranchu: GnssHwListener:consume:87 sz=64
04-24 08:01:47.587  1092  7960 D android.hardware.gnss-service.ranchu: GnssHwListener:consume:87 sz=64
04-24 08:01:47.587  1092  7960 D android.hardware.gnss-service.ranchu: Gnss:onGnssLocationCb:311
04-24 08:01:47.587  1092  7960 D android.hardware.gnss-service.ranchu: Gnss:onGnssLocationCb:337
04-24 08:01:47.588  1092  7960 D android.hardware.gnss-service.ranchu: GnssHwListener:consume:87 sz=64
04-24 08:01:47.588  1092  7960 D android.hardware.gnss-service.ranchu: GnssHwListener:consume:87 sz=64
04-24 08:01:47.588  1092  7960 D android.hardware.gnss-service.ranchu: Gnss:onGnssLocationCb:311
04-24 08:01:47.588  1092  7960 D android.hardware.gnss-service.ranchu: Gnss:onGnssLocationCb:337
04-24 08:01:47.588  1092  7960 D android.hardware.gnss-service.ranchu: GnssHwListener:consume:87 sz=64
04-24 08:01:47.589  1092  7960 D android.hardware.gnss-service.ranchu: GnssHwListener:consume:87 sz=64
04-24 08:01:47.589  1092  7960 D android.hardware.gnss-service.ranchu: Gnss:onGnssLocationCb:311
04-24 08:01:47.589  1092  7960 D android.hardware.gnss-service.ranchu: Gnss:onGnssLocationCb:337
04-24 08:01:47.589  1092  7960 D android.hardware.gnss-service.ranchu: GnssHwListener:consume:87 sz=64
04-24 08:01:47.590  1092  7960 D android.hardware.gnss-service.ranchu: GnssHwListener:consume:87 sz=64
04-24 08:01:47.590  1092  7960 D android.hardware.gnss-service.ranchu: Gnss:onGnssLocationCb:311
04-24 08:01:47.591  1092  7960 D android.hardware.gnss-service.ranchu: Gnss:onGnssLocationCb:337
04-24 08:01:47.592  1092  7960 D android.hardware.gnss-service.ranchu: GnssHwListener:consume:87 sz=64
04-24 08:01:47.592  1092  7960 D android.hardware.gnss-service.ranchu: GnssHwListener:consume:87 sz=64
04-24 08:01:47.592  1092  7960 D android.hardware.gnss-service.ranchu: Gnss:onGnssLocationCb:311
04-24 08:01:47.593  1092  7960 D android.hardware.gnss-service.ranchu: Gnss:onGnssLocationCb:337
04-24 08:01:47.593  1092  7960 D android.hardware.gnss-service.ranchu: GnssHwListener:consume:87 sz=64
04-24 08:01:47.593  1092  7960 D android.hardware.gnss-service.ranchu: GnssHwListener:consume:87 sz=64
04-24 08:01:47.594  1092  7960 D android.hardware.gnss-service.ranchu: Gnss:onGnssLocationCb:311
04-24 08:01:47.594  1092  7960 D android.hardware.gnss-service.ranchu: Gnss:onGnssLocationCb:337
04-24 08:01:47.594  1092  7960 D android.hardware.gnss-service.ranchu: GnssHwListener:consume:87 sz=64
04-24 08:01:47.594  1092  7960 D android.hardware.gnss-service.ranchu: GnssHwListener:consume:87 sz=64
04-24 08:01:47.594  1092  7960 D android.hardware.gnss-service.ranchu: Gnss:onGnssLocationCb:311
04-24 08:01:47.595  1092  7960 D android.hardware.gnss-service.ranchu: Gnss:onGnssLocationCb:337
04-24 08:01:47.595  1092  7960 D android.hardware.gnss-service.ranchu: GnssHwListener:consume:87 sz=64
04-24 08:01:47.595  1092  7960 D android.hardware.gnss-service.ranchu: GnssHwListener:consume:87 sz=64
04-24 08:01:47.595  1092  7960 D android.hardware.gnss-service.ranchu: Gnss:onGnssLocationCb:311
04-24 08:01:47.596  1092  7960 D android.hardware.gnss-service.ranchu: Gnss:onGnssLocationCb:337
04-24 08:01:47.596  1092  7960 D android.hardware.gnss-service.ranchu: GnssHwListener:consume:87 sz=64
04-24 08:01:47.596  1092  7960 D android.hardware.gnss-service.ranchu: GnssHwListener:consume:87 sz=64
04-24 08:01:47.596  1092  7960 D android.hardware.gnss-service.ranchu: Gnss:onGnssLocationCb:311
04-24 08:01:47.597  1092  7960 D android.hardware.gnss-service.ranchu: Gnss:onGnssLocationCb:337
04-24 08:01:47.597  1092  7960 D android.hardware.gnss-service.ranchu: GnssHwListener:consume:87 sz=64
04-24 08:01:47.597  1092  7960 D android.hardware.gnss-service.ranchu: GnssHwListener:consume:87 sz=64
04-24 08:01:47.597  1092  7960 D android.hardware.gnss-service.ranchu: Gnss:onGnssLocationCb:311
04-24 08:01:47.597  1092  7960 D android.hardware.gnss-service.ranchu: Gnss:onGnssLocationCb:337
04-24 08:01:47.598  1092  7960 D android.hardware.gnss-service.ranchu: GnssHwListener:consume:87 sz=64
04-24 08:01:47.598  1092  7960 D android.hardware.gnss-service.ranchu: GnssHwListener:consume:87 sz=64
04-24 08:01:47.598  1092  7960 D android.hardware.gnss-service.ranchu: Gnss:onGnssLocationCb:311
04-24 08:01:47.599  1092  7960 D android.hardware.gnss-service.ranchu: Gnss:onGnssLocationCb:337
04-24 08:01:47.599  1092  7960 D android.hardware.gnss-service.ranchu: GnssHwListener:consume:87 sz=64
04-24 08:01:47.599  1092  7960 D android.hardware.gnss-service.ranchu: GnssHwListener:consume:87 sz=64
04-24 08:01:47.600  1092  7960 D android.hardware.gnss-service.ranchu: Gnss:onGnssLocationCb:311
04-24 08:01:47.600  1092  7960 D android.hardware.gnss-service.ranchu: Gnss:onGnssLocationCb:337
04-24 08:01:47.600  1092  7960 D android.hardware.gnss-service.ranchu: GnssHwListener:consume:87 sz=64
04-24 08:01:47.600  1092  7960 D android.hardware.gnss-service.ranchu: GnssHwListener:consume:87 sz=64
04-24 08:01:47.601  1092  7960 D android.hardware.gnss-service.ranchu: Gnss:onGnssLocationCb:311
04-24 08:01:47.601  1092  7960 D android.hardware.gnss-service.ranchu: Gnss:onGnssLocationCb:337
04-24 08:01:47.601  1092  7960 D android.hardware.gnss-service.ranchu: GnssHwListener:consume:87 sz=64
04-24 08:01:47.602  1092  7960 D android.hardware.gnss-service.ranchu: GnssHwListener:consume:87 sz=64
04-24 08:01:47.603  1092  7960 D android.hardware.gnss-service.ranchu: Gnss:onGnssLocationCb:311
04-24 08:01:47.603  1092  7960 D android.hardware.gnss-service.ranchu: Gnss:onGnssLocationCb:337
04-24 08:01:47.604  1092  7960 D android.hardware.gnss-service.ranchu: GnssHwListener:consume:87 sz=64
04-24 08:01:47.604  1092  7960 D android.hardware.gnss-service.ranchu: GnssHwListener:consume:87 sz=64
04-24 08:01:47.604  1092  7960 D android.hardware.gnss-service.ranchu: Gnss:onGnssLocationCb:311
04-24 08:01:47.604  1092  7960 D android.hardware.gnss-service.ranchu: Gnss:onGnssLocationCb:337
04-24 08:01:47.604  1092  7960 D android.hardware.gnss-service.ranchu: GnssHwListener:consume:87 sz=64
04-24 08:01:47.604  1092  7960 D android.hardware.gnss-service.ranchu: GnssHwListener:consume:87 sz=64
04-24 08:01:47.605  1092  7960 D android.hardware.gnss-service.ranchu: Gnss:onGnssLocationCb:311
04-24 08:01:47.605  1092  7960 D android.hardware.gnss-service.ranchu: Gnss:onGnssLocationCb:337
04-24 08:01:47.605  1092  7960 D android.hardware.gnss-service.ranchu: GnssHwListener:consume:87 sz=64
04-24 08:01:47.605  1092  7960 D android.hardware.gnss-service.ranchu: GnssHwListener:consume:87 sz=64
04-24 08:01:47.605  1092  7960 D android.hardware.gnss-service.ranchu: Gnss:onGnssLocationCb:311
04-24 08:01:47.606  1092  7960 D android.hardware.gnss-service.ranchu: Gnss:onGnssLocationCb:337
04-24 08:01:47.606  1092  7960 D android.hardware.gnss-service.ranchu: GnssHwListener:consume:87 sz=64
04-24 08:01:47.606  4869  4920 I FusedLocation: (REDACTED) location delivery to %s blocked - too fast
04-24 08:01:47.606  1092  7960 D android.hardware.gnss-service.ranchu: GnssHwListener:consume:87 sz=64
04-24 08:01:47.607  4869  4920 I FusedLocation: (REDACTED) location delivery to %s blocked - too fast
04-24 08:01:47.607  1092  7960 D android.hardware.gnss-service.ranchu: Gnss:onGnssLocationCb:311
04-24 08:01:47.607  1092  7960 D android.hardware.gnss-service.ranchu: Gnss:onGnssLocationCb:337
04-24 08:01:47.608  1092  7960 D android.hardware.gnss-service.ranchu: GnssHwListener:consume:87 sz=64
04-24 08:01:47.608  1092  7960 D android.hardware.gnss-service.ranchu: GnssHwListener:consume:87 sz=64
04-24 08:01:47.608  4869  4920 I FusedLocation: (REDACTED) location delivery to %s blocked - too fast
04-24 08:01:47.608  1092  7960 D android.hardware.gnss-service.ranchu: Gnss:onGnssLocationCb:311
04-24 08:01:47.608  1092  7960 D android.hardware.gnss-service.ranchu: Gnss:onGnssLocationCb:337
04-24 08:01:47.608  1092  7960 D android.hardware.gnss-service.ranchu: GnssHwListener:consume:87 sz=64
04-24 08:01:47.609  1092  7960 D android.hardware.gnss-service.ranchu: GnssHwListener:consume:87 sz=64
04-24 08:01:47.609  1092  7960 D android.hardware.gnss-service.ranchu: Gnss:onGnssLocationCb:311
04-24 08:01:47.612  1092  7960 D android.hardware.gnss-service.ranchu: Gnss:onGnssLocationCb:337
04-24 08:01:47.612  1092  7960 D android.hardware.gnss-service.ranchu: GnssHwListener:consume:87 sz=64
04-24 08:01:47.612  1092  7960 D android.hardware.gnss-service.ranchu: GnssHwListener:consume:87 sz=64
04-24 08:01:47.613  1092  7960 D android.hardware.gnss-service.ranchu: Gnss:onGnssLocationCb:311
04-24 08:01:47.613  1092  7960 D android.hardware.gnss-service.ranchu: Gnss:onGnssLocationCb:337
04-24 08:01:47.613  1092  7960 D android.hardware.gnss-service.ranchu: GnssHwListener:consume:87 sz=64
04-24 08:01:47.613  1092  7960 D android.hardware.gnss-service.ranchu: GnssHwListener:consume:87 sz=64
04-24 08:01:47.613  1092  7960 D android.hardware.gnss-service.ranchu: Gnss:onGnssLocationCb:311
04-24 08:01:47.614  1092  7960 D android.hardware.gnss-service.ranchu: Gnss:onGnssLocationCb:337
04-24 08:01:47.619  1092  7960 D android.hardware.gnss-service.ranchu: GnssHwListener:consume:87 sz=64
04-24 08:01:47.619  1092  7960 D android.hardware.gnss-service.ranchu: GnssHwListener:consume:87 sz=64
04-24 08:01:47.619  1092  7960 D android.hardware.gnss-service.ranchu: Gnss:onGnssLocationCb:311
04-24 08:01:47.620  1092  7960 D android.hardware.gnss-service.ranchu: Gnss:onGnssLocationCb:337
04-24 08:01:47.620  1092  7960 D android.hardware.gnss-service.ranchu: GnssHwListener:consume:87 sz=64
04-24 08:01:47.621  1092  7960 D android.hardware.gnss-service.ranchu: GnssHwListener:consume:87 sz=64
04-24 08:01:47.622  1092  7960 D android.hardware.gnss-service.ranchu: Gnss:onGnssLocationCb:311
04-24 08:01:47.622  1092  7960 D android.hardware.gnss-service.ranchu: Gnss:onGnssLocationCb:337
04-24 08:01:47.623  1092  7960 D android.hardware.gnss-service.ranchu: GnssHwListener:consume:87 sz=64
04-24 08:01:47.623  1092  7960 D android.hardware.gnss-service.ranchu: GnssHwListener:consume:87 sz=64
04-24 08:01:47.623  1092  7960 D android.hardware.gnss-service.ranchu: Gnss:onGnssLocationCb:311
04-24 08:01:47.623  1092  7960 D android.hardware.gnss-service.ranchu: Gnss:onGnssLocationCb:337
04-24 08:01:47.624  1092  7960 D android.hardware.gnss-service.ranchu: GnssHwListener:consume:87 sz=64
04-24 08:01:47.624  1092  7960 D android.hardware.gnss-service.ranchu: GnssHwListener:consume:87 sz=64
04-24 08:01:47.624  1092  7960 D android.hardware.gnss-service.ranchu: Gnss:onGnssLocationCb:311
04-24 08:01:47.625  1092  7960 D android.hardware.gnss-service.ranchu: Gnss:onGnssLocationCb:337
04-24 08:01:47.625  1092  7960 D android.hardware.gnss-service.ranchu: GnssHwListener:consume:87 sz=64
04-24 08:01:47.625  1092  7960 D android.hardware.gnss-service.ranchu: GnssHwListener:consume:87 sz=64
04-24 08:01:47.626  1092  7960 D android.hardware.gnss-service.ranchu: Gnss:onGnssLocationCb:311
04-24 08:01:47.628  1092  7960 D android.hardware.gnss-service.ranchu: Gnss:onGnssLocationCb:337
04-24 08:01:47.628  1092  7960 D android.hardware.gnss-service.ranchu: GnssHwListener:consume:87 sz=64
04-24 08:01:47.628  1092  7960 D android.hardware.gnss-service.ranchu: GnssHwListener:consume:87 sz=64
04-24 08:01:47.629  1092  7960 D android.hardware.gnss-service.ranchu: Gnss:onGnssLocationCb:311
04-24 08:01:47.629  1092  7960 D android.hardware.gnss-service.ranchu: Gnss:onGnssLocationCb:337
04-24 08:01:47.629  1092  7960 D android.hardware.gnss-service.ranchu: GnssHwListener:consume:87 sz=64
04-24 08:01:47.629  1092  7960 D android.hardware.gnss-service.ranchu: GnssHwListener:consume:87 sz=64
04-24 08:01:47.630  1092  7960 D android.hardware.gnss-service.ranchu: Gnss:onGnssLocationCb:311
04-24 08:01:47.630  1092  7960 D android.hardware.gnss-service.ranchu: Gnss:onGnssLocationCb:337
04-24 08:01:47.630  1092  7960 D android.hardware.gnss-service.ranchu: GnssHwListener:consume:87 sz=64
04-24 08:01:47.630  1092  7960 D android.hardware.gnss-service.ranchu: GnssHwListener:consume:87 sz=64
04-24 08:01:47.630  1092  7960 D android.hardware.gnss-service.ranchu: Gnss:onGnssLocationCb:311
04-24 08:01:47.630  1092  7960 D android.hardware.gnss-service.ranchu: Gnss:onGnssLocationCb:337
04-24 08:01:47.630  1092  7960 D android.hardware.gnss-service.ranchu: GnssHwListener:consume:87 sz=64
04-24 08:01:47.631  1092  7960 D android.hardware.gnss-service.ranchu: GnssHwListener:consume:87 sz=64
04-24 08:01:47.631  1092  7960 D android.hardware.gnss-service.ranchu: Gnss:onGnssLocationCb:311
04-24 08:01:47.631  1092  7960 D android.hardware.gnss-service.ranchu: Gnss:onGnssLocationCb:337
04-24 08:01:47.631  1092  7960 D android.hardware.gnss-service.ranchu: GnssHwListener:consume:87 sz=64
04-24 08:01:47.632  1092  7960 D android.hardware.gnss-service.ranchu: GnssHwListener:consume:87 sz=64
04-24 08:01:47.632  1092  7960 D android.hardware.gnss-service.ranchu: Gnss:onGnssLocationCb:311
04-24 08:01:47.632  1092  7960 D android.hardware.gnss-service.ranchu: Gnss:onGnssLocationCb:337
04-24 08:01:47.632  1092  7960 D android.hardware.gnss-service.ranchu: GnssHwListener:consume:87 sz=64
04-24 08:01:47.632  4869  4920 I FusedLocation: (REDACTED) location delivery to %s blocked - too fast
04-24 08:01:47.633  4869  4920 I FusedLocation: (REDACTED) location delivery to %s blocked - too fast
04-24 08:01:47.633  1092  7960 D android.hardware.gnss-service.ranchu: GnssHwListener:consume:87 sz=64
04-24 08:01:47.634  4869  4920 I FusedLocation: (REDACTED) location delivery to %s blocked - too fast
04-24 08:01:47.634  1092  7960 D android.hardware.gnss-service.ranchu: Gnss:onGnssLocationCb:311
04-24 08:01:47.634  1092  7960 D android.hardware.gnss-service.ranchu: Gnss:onGnssLocationCb:337
04-24 08:01:47.635  1092  7960 D android.hardware.gnss-service.ranchu: GnssHwConn:workerThread:119
04-24 08:01:47.641   753   779 W AlarmManager: Unrecognized alarm listener com.android.server.location.gnss.GnssLocationProvider$$ExternalSyntheticLambda14@f5b64cf
04-24 08:01:47.641   753   779 W AlarmManager: Unrecognized alarm listener com.android.server.location.gnss.GnssLocationProvider$$ExternalSyntheticLambda13@9bb2e5c
04-24 08:01:47.643   753   779 W Looper  : Slow dispatch took 327ms android.fg app=system_server main=false group=FOREGROUND h=android.os.Handler c=com.android.server.location.provider.AbstractLocationProvider$Controller$$ExternalSyntheticLambda1@cde82ec m=0
04-24 08:01:47.673  4869  4920 I FusedLocation: (REDACTED) location delivery to %s blocked - too fast
04-24 08:01:47.673  4869  4920 I FusedLocation: (REDACTED) location delivery to %s blocked - too fast
04-24 08:01:47.679  1196  1354 D SatelliteController: iisInCarrierRoamingNbIotNtn: satellite is disabled
04-24 08:01:47.688  1196  1354 D SatelliteController: getCarrierRoamingNtnConnectType: Falling back to global carrier config connect type: 0
04-24 08:01:47.689  4869  4920 I FusedLocation: (REDACTED) location delivery to %s blocked - too fast
04-24 08:01:47.692  4869  4920 I FusedLocation: (REDACTED) location delivery to %s blocked - too fast
04-24 08:01:47.692  4869  4920 I FusedLocation: (REDACTED) location delivery to %s blocked - too fast
04-24 08:01:47.693  4869  4920 I FusedLocation: (REDACTED) location delivery to %s blocked - too fast
04-24 08:01:47.747  4869  4920 I FusedLocation: (REDACTED) location delivery to %s blocked - too fast
04-24 08:01:47.748  4869  4920 I FusedLocation: (REDACTED) location delivery to %s blocked - too fast
04-24 08:01:47.748  4869  4920 I FusedLocation: (REDACTED) location delivery to %s blocked - too fast
04-24 08:01:47.764  4869  4920 I FusedLocation: (REDACTED) location delivery to %s blocked - too fast
04-24 08:01:47.765  4869  4920 I FusedLocation: (REDACTED) location delivery to %s blocked - too fast
04-24 08:01:47.766  4869  4920 I FusedLocation: (REDACTED) location delivery to %s blocked - too fast
04-24 08:01:47.779  4869  4920 I FusedLocation: (REDACTED) location delivery to %s blocked - too fast
04-24 08:01:47.780  4869  4920 I FusedLocation: (REDACTED) location delivery to %s blocked - too fast
04-24 08:01:47.780  4869  4920 I FusedLocation: (REDACTED) location delivery to %s blocked - too fast
04-24 08:01:47.782  4869  4920 I FusedLocation: (REDACTED) location delivery to %s blocked - too fast
04-24 08:01:47.783  4869  4920 I FusedLocation: (REDACTED) location delivery to %s blocked - too fast
04-24 08:01:47.794  4869  4920 I FusedLocation: (REDACTED) location delivery to %s blocked - too fast
04-24 08:01:47.809  4869  4920 I FusedLocation: (REDACTED) location delivery to %s blocked - too fast
04-24 08:01:47.811  4869  4920 I FusedLocation: (REDACTED) location delivery to %s blocked - too fast
04-24 08:01:47.816  4869  4920 I FusedLocation: (REDACTED) location delivery to %s blocked - too fast
04-24 08:01:47.828  4869  4920 I FusedLocation: (REDACTED) location delivery to %s blocked - too fast
04-24 08:01:47.829  4869  4920 I FusedLocation: (REDACTED) location delivery to %s blocked - too fast
04-24 08:01:47.830  4869  4920 I FusedLocation: (REDACTED) location delivery to %s blocked - too fast
04-24 08:01:47.833  4869  4920 I FusedLocation: (REDACTED) location delivery to %s blocked - too fast
04-24 08:01:47.834  4869  4920 I FusedLocation: (REDACTED) location delivery to %s blocked - too fast
04-24 08:01:47.837  4869  4920 I FusedLocation: (REDACTED) location delivery to %s blocked - too fast
04-24 08:01:47.847  4869  4920 I FusedLocation: (REDACTED) location delivery to %s blocked - too fast
04-24 08:01:47.847  4869  4920 I FusedLocation: (REDACTED) location delivery to %s blocked - too fast
04-24 08:01:47.848  4869  4920 I FusedLocation: (REDACTED) location delivery to %s blocked - too fast
04-24 08:01:47.855  4869  4920 I FusedLocation: (REDACTED) location delivery to %s blocked - too fast
04-24 08:01:47.857  4869  4920 I FusedLocation: (REDACTED) location delivery to %s blocked - too fast
04-24 08:01:47.859  4869  4920 I FusedLocation: (REDACTED) location delivery to %s blocked - too fast
04-24 08:01:47.866  5111  5121 W libc    : Access denied finding property "persist.adb.tls_server.enable"
04-24 08:01:47.866  4869  4920 I FusedLocation: (REDACTED) location delivery to %s blocked - too fast
04-24 08:01:47.867  4869  4920 I FusedLocation: (REDACTED) location delivery to %s blocked - too fast
04-24 08:01:47.867  4869  4920 I FusedLocation: (REDACTED) location delivery to %s blocked - too fast
04-24 08:01:47.870  4869  4920 I FusedLocation: (REDACTED) location delivery to %s blocked - too fast
04-24 08:01:47.878  4869  4920 I FusedLocation: (REDACTED) location delivery to %s blocked - too fast
04-24 08:01:47.879  4869  4920 I FusedLocation: (REDACTED) location delivery to %s blocked - too fast
04-24 08:01:47.882  4869  4920 I FusedLocation: (REDACTED) location delivery to %s blocked - too fast
04-24 08:01:47.883  4869  4920 I FusedLocation: (REDACTED) location delivery to %s blocked - too fast
04-24 08:01:47.884  4869  4920 I FusedLocation: (REDACTED) location delivery to %s blocked - too fast
04-24 08:01:47.886  4869  4920 I FusedLocation: (REDACTED) location delivery to %s blocked - too fast
04-24 08:01:47.887  4869  4920 I FusedLocation: (REDACTED) location delivery to %s blocked - too fast
04-24 08:01:47.888  4869  4920 I FusedLocation: (REDACTED) location delivery to %s blocked - too fast
04-24 08:01:47.890  4869  4920 I FusedLocation: (REDACTED) location delivery to %s blocked - too fast
04-24 08:01:47.893  4869  4920 I FusedLocation: (REDACTED) location delivery to %s blocked - too fast
04-24 08:01:47.894  4869  4920 I FusedLocation: (REDACTED) location delivery to %s blocked - too fast
04-24 08:01:47.864  5111  5111 W binder:5111_3: type=1400 audit(0.0:30): avc:  denied  { read } for  name="u:object_r:adbd_prop:s0" dev="tmpfs" ino=59 scontext=u:r:gmscore_app:s0:c512,c768 tcontext=u:object_r:adbd_prop:s0 tclass=file permissive=0 app=com.google.android.gms
04-24 08:01:47.896  5111  5121 W libc    : Access denied finding property "service.adb.tls.port"
04-24 08:01:47.900  4869  4920 I FusedLocation: (REDACTED) location delivery to %s blocked - too fast
04-24 08:01:47.900  4869  4920 I FusedLocation: (REDACTED) location delivery to %s blocked - too fast
04-24 08:01:47.903  4869  4920 I FusedLocation: (REDACTED) location delivery to %s blocked - too fast
04-24 08:01:47.905  4869  4920 I FusedLocation: (REDACTED) location delivery to %s blocked - too fast
04-24 08:01:47.905  4869  4920 I FusedLocation: (REDACTED) location delivery to %s blocked - too fast
04-24 08:01:47.906  4869  4920 I FusedLocation: (REDACTED) location delivery to %s blocked - too fast
04-24 08:01:47.910  4869  4920 I FusedLocation: (REDACTED) location delivery to %s blocked - too fast
04-24 08:01:47.919  4869  4920 I FusedLocation: (REDACTED) location delivery to %s blocked - too fast
04-24 08:01:47.919  4869  4920 I FusedLocation: (REDACTED) location delivery to %s blocked - too fast
04-24 08:01:47.923  4869  4920 I FusedLocation: (REDACTED) location delivery to %s blocked - too fast
04-24 08:01:47.924  4869  4920 I FusedLocation: (REDACTED) location delivery to %s blocked - too fast
04-24 08:01:47.924  4869  4920 I FusedLocation: (REDACTED) location delivery to %s blocked - too fast
04-24 08:01:47.928  4869  4920 I FusedLocation: (REDACTED) location delivery to %s blocked - too fast
04-24 08:01:47.929  4869  4920 I FusedLocation: (REDACTED) location delivery to %s blocked - too fast
04-24 08:01:47.931  4869  4920 I FusedLocation: (REDACTED) location delivery to %s blocked - too fast
04-24 08:01:47.934  4869  4920 I FusedLocation: (REDACTED) location delivery to %s blocked - too fast
04-24 08:01:47.935  4869  4920 I FusedLocation: (REDACTED) location delivery to %s blocked - too fast
04-24 08:01:47.938  4869  4920 I FusedLocation: (REDACTED) location delivery to %s blocked - too fast
04-24 08:01:47.942  4869  4920 I FusedLocation: (REDACTED) location delivery to %s blocked - too fast
04-24 08:01:47.945  4869  4920 I FusedLocation: (REDACTED) location delivery to %s blocked - too fast
04-24 08:01:47.949  4869  4920 I FusedLocation: (REDACTED) location delivery to %s blocked - too fast
04-24 08:01:47.954  4869  4920 I FusedLocation: (REDACTED) location delivery to %s blocked - too fast
04-24 08:01:47.955  4869  4920 I FusedLocation: (REDACTED) location delivery to %s blocked - too fast
04-24 08:01:47.956  4869  4920 I FusedLocation: (REDACTED) location delivery to %s blocked - too fast
04-24 08:01:47.958  4869  4920 I FusedLocation: (REDACTED) location delivery to %s blocked - too fast
04-24 08:01:47.963   753  1155 D FileUtils: Rounded bytes from 4104818688 to 8000000000
04-24 08:01:47.967  4869  4920 I FusedLocation: (REDACTED) location delivery to %s blocked - too fast
04-24 08:01:47.968  4869  4920 I FusedLocation: (REDACTED) location delivery to %s blocked - too fast
04-24 08:01:47.973  4869  4920 I FusedLocation: (REDACTED) location delivery to %s blocked - too fast
04-24 08:01:47.973  4869  4920 I FusedLocation: (REDACTED) location delivery to %s blocked - too fast
04-24 08:01:47.983  4869  4920 I FusedLocation: (REDACTED) location delivery to %s blocked - too fast
04-24 08:01:47.993  4869  4920 I FusedLocation: (REDACTED) location delivery to %s blocked - too fast
04-24 08:01:47.994  4869  4920 I FusedLocation: (REDACTED) location delivery to %s blocked - too fast
04-24 08:01:47.998  4869  4920 I FusedLocation: (REDACTED) location delivery to %s blocked - too fast
04-24 08:01:48.005  4869  4920 I FusedLocation: (REDACTED) location delivery to %s blocked - too fast
04-24 08:01:48.006  4869  4920 I FusedLocation: (REDACTED) location delivery to %s blocked - too fast
04-24 08:01:48.007  4869  4920 I FusedLocation: (REDACTED) location delivery to %s blocked - too fast
04-24 08:01:48.012  4869  4920 I FusedLocation: (REDACTED) location delivery to %s blocked - too fast
04-24 08:01:48.012  4869  4920 I FusedLocation: (REDACTED) location delivery to %s blocked - too fast
04-24 08:01:48.014  4869  4920 I FusedLocation: (REDACTED) location delivery to %s blocked - too fast
04-24 08:01:48.023  4869  4920 I FusedLocation: (REDACTED) location delivery to %s blocked - too fast
04-24 08:01:48.024  4869  4920 I FusedLocation: (REDACTED) location delivery to %s blocked - too fast
04-24 08:01:48.025  4869  4920 I FusedLocation: (REDACTED) location delivery to %s blocked - too fast
04-24 08:01:48.029  4869  4920 I FusedLocation: (REDACTED) location delivery to %s blocked - too fast
04-24 08:01:48.029  4869  4920 I FusedLocation: (REDACTED) location delivery to %s blocked - too fast
04-24 08:01:48.029  4869  4920 I FusedLocation: (REDACTED) location delivery to %s blocked - too fast
04-24 08:01:48.034  4869  4920 I FusedLocation: (REDACTED) location delivery to %s blocked - too fast
04-24 08:01:48.034  4869  4920 I FusedLocation: (REDACTED) location delivery to %s blocked - too fast
04-24 08:01:48.037  4869  4920 I FusedLocation: (REDACTED) location delivery to %s blocked - too fast
04-24 08:01:48.039  4869  4920 I FusedLocation: (REDACTED) location delivery to %s blocked - too fast
04-24 08:01:48.040  4869  4920 I FusedLocation: (REDACTED) location delivery to %s blocked - too fast
04-24 08:01:48.057  4869  4920 I FusedLocation: (REDACTED) location delivery to %s blocked - too fast
04-24 08:01:48.070  4869  4920 I FusedLocation: (REDACTED) location delivery to %s blocked - too fast
04-24 08:01:48.076  4869  4920 I FusedLocation: (REDACTED) location delivery to %s blocked - too fast
04-24 08:01:48.077  4869  4920 I FusedLocation: (REDACTED) location delivery to %s blocked - too fast
04-24 08:01:48.082  4869  4920 I FusedLocation: (REDACTED) location delivery to %s blocked - too fast
