04-24 08:01:48.083  4869  4920 I FusedLocation: (REDACTED) location delivery to %s blocked - too fast
04-24 08:01:48.083  4869  4920 I FusedLocation: (REDACTED) location delivery to %s blocked - too fast
04-24 08:01:48.087  4869  4920 I FusedLocation: (REDACTED) location delivery to %s blocked - too fast
04-24 08:01:48.088  4869  4920 I FusedLocation: (REDACTED) location delivery to %s blocked - too fast
04-24 08:01:48.089  4869  4920 I FusedLocation: (REDACTED) location delivery to %s blocked - too fast
04-24 08:01:48.099  4869  4920 I FusedLocation: (REDACTED) location delivery to %s blocked - too fast
04-24 08:01:48.100  4869  4920 I FusedLocation: (REDACTED) location delivery to %s blocked - too fast
04-24 08:01:48.108  4869  4920 I FusedLocation: (REDACTED) location delivery to %s blocked - too fast
04-24 08:01:48.112  4869  4920 I FusedLocation: (REDACTED) location delivery to %s blocked - too fast
04-24 08:01:48.112  4869  4920 I FusedLocation: (REDACTED) location delivery to %s blocked - too fast
04-24 08:01:48.113  4869  4920 I FusedLocation: (REDACTED) location delivery to %s blocked - too fast
04-24 08:01:48.120  4869  4920 I FusedLocation: (REDACTED) location delivery to %s blocked - too fast
04-24 08:01:48.124  4869  4920 I FusedLocation: (REDACTED) location delivery to %s blocked - too fast
04-24 08:01:48.128  4869  4920 I FusedLocation: (REDACTED) location delivery to %s blocked - too fast
04-24 08:01:48.137  4869  4920 I FusedLocation: (REDACTED) location delivery to %s blocked - too fast
04-24 08:01:48.139  4869  4920 I FusedLocation: (REDACTED) location delivery to %s blocked - too fast
04-24 08:01:48.145  4869  4920 I FusedLocation: (REDACTED) location delivery to %s blocked - too fast
04-24 08:01:48.156  4869  4920 I FusedLocation: (REDACTED) location delivery to %s blocked - too fast
04-24 08:01:48.157  4869  4920 I FusedLocation: (REDACTED) location delivery to %s blocked - too fast
04-24 08:01:48.158  4869  4920 I FusedLocation: (REDACTED) location delivery to %s blocked - too fast
04-24 08:01:48.170  4869  4920 I FusedLocation: (REDACTED) location delivery to %s blocked - too fast
04-24 08:01:48.176  4869  4920 I FusedLocation: (REDACTED) location delivery to %s blocked - too fast
04-24 08:01:48.176  4869  4920 I FusedLocation: (REDACTED) location delivery to %s blocked - too fast
04-24 08:01:48.180  4869  4920 I FusedLocation: (REDACTED) location delivery to %s blocked - too fast
04-24 08:01:48.180  4869  4920 I FusedLocation: (REDACTED) location delivery to %s blocked - too fast
04-24 08:01:48.189  4869  4920 I FusedLocation: (REDACTED) location delivery to %s blocked - too fast
04-24 08:01:48.196  4869  4920 I FusedLocation: (REDACTED) location delivery to %s blocked - too fast
04-24 08:01:48.197  4869  4920 I FusedLocation: (REDACTED) location delivery to %s blocked - too fast
04-24 08:01:48.198  4869  4920 I FusedLocation: (REDACTED) location delivery to %s blocked - too fast
04-24 08:01:48.220  4869  4877 W GmsUrlRequestImpl: [https://android.googleapis.com/auth/devicekey] Content-Type header is overwritten.
04-24 08:01:48.324  4869  4877 W GLSUser : [AppCertManager] Exception while requesting key: 
04-24 08:01:48.324  4869  4877 W GLSUser : java.util.concurrent.ExecutionException: ckxs: Parse Proto Exception with response code 400
04-24 08:01:48.324  4869  4877 W GLSUser : 	at glsx.j(:com.google.android.gms@253434038@25.34.34 (260800-800653487):21)
04-24 08:01:48.324  4869  4877 W GLSUser : 	at gltg.u(:com.google.android.gms@253434038@25.34.34 (260800-800653487):71)
04-24 08:01:48.324  4869  4877 W GLSUser : 	at aidq.b(:com.google.android.gms@253434038@25.34.34 (260800-800653487):439)
04-24 08:01:48.324  4869  4877 W GLSUser : 	at aido.a(:com.google.android.gms@253434038@25.34.34 (260800-800653487):67)
04-24 08:01:48.324  4869  4877 W GLSUser : 	at aido.fj(:com.google.android.gms@253434038@25.34.34 (260800-800653487):16)
04-24 08:01:48.324  4869  4877 W GLSUser : 	at vzp.onTransact(:com.google.android.gms@253434038@25.34.34 (260800-800653487):97)
04-24 08:01:48.324  4869  4877 W GLSUser : 	at android.os.Binder.transact(Binder.java:1325)
04-24 08:01:48.324  4869  4877 W GLSUser : 	at ccfe.onTransact(:com.google.android.gms@253434038@25.34.34 (260800-800653487):10)
04-24 08:01:48.324  4869  4877 W GLSUser : 	at android.os.Binder.transact(Binder.java:1325)
04-24 08:01:48.324  4869  4877 W GLSUser : 	at brwf.onTransact(:com.google.android.gms@253434038@25.34.34 (260800-800653487):157)
04-24 08:01:48.324  4869  4877 W GLSUser : 	at android.os.Binder.execTransactInternal(Binder.java:1473)
04-24 08:01:48.324  4869  4877 W GLSUser : 	at android.os.Binder.execTransact(Binder.java:1418)
04-24 08:01:48.324  4869  4877 W GLSUser : Caused by: ckxs: Parse Proto Exception with response code 400
04-24 08:01:48.324  4869  4877 W GLSUser : 	at ckyv.b(:com.google.android.gms@253434038@25.34.34 (260800-800653487):71)
04-24 08:01:48.324  4869  4877 W GLSUser : 	at clbl.d(:com.google.android.gms@253434038@25.34.34 (260800-800653487):18)
04-24 08:01:48.324  4869  4877 W GLSUser : 	at clcc.onSucceeded(:com.google.android.gms@253434038@25.34.34 (260800-800653487):9)
04-24 08:01:48.324  4869  4877 W GLSUser : 	at m1.my.onSucceeded(:com.google.android.gms.dynamite_cronetdynamite@253434038@25.34.34 (260800-0):3)
04-24 08:01:48.324  4869  4877 W GLSUser : 	at m1.lu.run(:com.google.android.gms.dynamite_cronetdynamite@253434038@25.34.34 (260800-0):21)
04-24 08:01:48.324  4869  4877 W GLSUser : 	at m1.lo.run(:com.google.android.gms.dynamite_cronetdynamite@253434038@25.34.34 (260800-0):31)
04-24 08:01:48.324  4869  4877 W GLSUser : 	at bbiq.c(:com.google.android.gms@253434038@25.34.34 (260800-800653487):50)
04-24 08:01:48.324  4869  4877 W GLSUser : 	at bbiq.run(:com.google.android.gms@253434038@25.34.34 (260800-800653487):89)
04-24 08:01:48.324  4869  4877 W GLSUser : 	at java.util.concurrent.ThreadPoolExecutor.runWorker(ThreadPoolExecutor.java:1154)
04-24 08:01:48.324  4869  4877 W GLSUser : 	at java.util.concurrent.ThreadPoolExecutor$Worker.run(ThreadPoolExecutor.java:652)
04-24 08:01:48.324  4869  4877 W GLSUser : 	at bboi.run(:com.google.android.gms@253434038@25.34.34 (260800-800653487):8)
04-24 08:01:48.324  4869  4877 W GLSUser : 	at java.lang.Thread.run(Thread.java:1563)
04-24 08:01:48.324  4869  4877 W GLSUser : Caused by: hfov: Protocol message contained an invalid tag (zero).
04-24 08:01:48.324  4869  4877 W GLSUser : 	at hflt.k(:com.google.android.gms@253434038@25.34.34 (260800-800653487):43)
04-24 08:01:48.324  4869  4877 W GLSUser : 	at hfpt.c(:com.google.android.gms@253434038@25.34.34 (260800-800653487):399)
04-24 08:01:48.324  4869  4877 W GLSUser : 	at hfpt.i(:com.google.android.gms@253434038@25.34.34 (260800-800653487):8)
04-24 08:01:48.324  4869  4877 W GLSUser : 	at hfnz.y(:com.google.android.gms@253434038@25.34.34 (260800-800653487):23)
04-24 08:01:48.324  4869  4877 W GLSUser : 	at hfnu.g(:com.google.android.gms@253434038@25.34.34 (260800-800653487):3)
04-24 08:01:48.324  4869  4877 W GLSUser : 	at hflp.e(:com.google.android.gms@253434038@25.34.34 (260800-800653487):1)
04-24 08:01:48.324  4869  4877 W GLSUser : 	at hflp.d(:com.google.android.gms@253434038@25.34.34 (260800-800653487):3)
04-24 08:01:48.324  4869  4877 W GLSUser : 	at hflp.p(:com.google.android.gms@253434038@25.34.34 (260800-800653487):1)
04-24 08:01:48.324  4869  4877 W GLSUser : 	at ckyv.g(:com.google.android.gms@253434038@25.34.34 (260800-800653487):69)
04-24 08:01:48.324  4869  4877 W GLSUser : 	at ckyv.b(:com.google.android.gms@253434038@25.34.34 (260800-800653487):11)
04-24 08:01:48.324  4869  4877 W GLSUser : 	... 11 more
04-24 08:01:48.328  4869  4877 W GLSUser : [DeviceKeyStore] Cannot load key: Device key file not found.
04-24 08:01:48.341  4869  4877 W libbinder.Binder: Binder transaction to com.google.android.gms.auth.appcert.IAppCertService code 2 took 1002ms. Data bytes: 172 Reply bytes: 188 Flags: 18
04-24 08:01:48.620  4869  5107 I NearbyDiscovery: FastPair: isDestroyable: Scanner is alive. [CONTEXT service_id=265 ]
04-24 08:01:48.620  4869  5107 I NearbyDiscovery: DiscoveryService: Skip stopSelf(), fast pair controller is not destroyable. [CONTEXT service_id=265 ]
04-24 08:01:48.639   602   602 I adbd    : adbd_auth: loading keys from /data/misc/adb/adb_keys
04-24 08:01:48.715  8015  8015 W libbinder.BackendUnifiedServiceManager: Thread Pool max thread count is 0. Cannot cache binder as linkToDeath cannot be implemented. serviceName: activity
04-24 08:01:48.926   602  8006 I adbd    : host-76: connection terminated: read failed
04-24 08:01:48.946   753   922 I HalDevMgr: bestIfaceCreationProposal is null, requestIface=STA, existingIface=[name=wlan0 type=STA]
04-24 08:01:49.236  1016  1016 I wpa_supplicant: wlan0: CTRL-EVENT-BEACON-LOSS 
04-24 08:01:49.763  1173  1368 W ScanManager: Moving filtered scan to downgraded scan for ScanClient(scannerId=1, scanModeApp=SCAN_MODE_BALANCED, scanModeUsed=SCAN_MODE_BALANCED, appScanStats.appName=com.google.android.gms)
04-24 08:01:49.779   753  2128 W AS.PlaybackActivityMon: No piid assigned for invalid/internal port id 15
04-24 08:01:49.789  1173  1368 I bt_shim_scanner: system/main/shim/le_scanning_manager.cc:150 Scan: in shim layer stopped
04-24 08:01:49.790  1173  1343 I bluetooth: system/gd/hci/le_address_manager.cc:277 unregister_client: Client unregistered
04-24 08:01:49.790  1173  1343 I bluetooth: system/gd/hci/le_address_manager.cc:292 unregister_client: Cancelled address rotation alarm
04-24 08:01:49.793   590   687 D AudioFlinger: mixer(0x7aaa87e5e790) throttle end: throttle time(28)
04-24 08:01:49.798  1173  1368 I bt_shim_scanner: system/main/shim/le_scanning_manager.cc:319 SetScanParameters: in shim layer, scannerId1m=1, scannerIdCoded=0
04-24 08:01:49.801  1173  1368 I bt_shim_scanner: system/main/shim/le_scanning_manager.cc:150 Scan: in shim layer started
04-24 08:01:49.802  1173  1343 I bluetooth: system/gd/hci/le_scanning_manager_impl.cc:623 stop_scan: Scanning already stopped, return!
04-24 08:01:49.804  1173  1343 I bluetooth: system/gd/hci/le_address_manager.cc:581 GetNextPrivateAddressIntervalRange: client=LeAddressManager, nonwake=7m47s, wake=13m55s
04-24 08:01:49.805  1173  1343 I bluetooth: system/gd/hci/le_address_manager.cc:258 register_client: Scheduled address rotation for first client registered
04-24 08:01:49.805  1173  1343 I bluetooth: system/gd/hci/le_address_manager.cc:262 register_client: Client registered
04-24 08:01:49.943  4869  5161 I cn_CronetUrlRequestContext: destroyNativeStreamLocked org.chromium.net.impl.CronetBidirectionalStream@b1b1eb3
04-24 08:01:49.950  4869  7791 W fofm    : Primes not initialized, returning default (no-op) Primes instance which will ignore all calls. Please call Primes.initialize(...) before using any Primes API.
04-24 08:01:49.973   753  1015 D UwbCountryCode: Set location country code to: US
04-24 08:01:49.974   753  1015 I UwbCountryCode: Ignoring already set country code: US
04-24 08:01:50.038  6688  6688 I flutter : [APP] [Controller] tryStartCore() isCompleted=false
04-24 08:01:50.038  6688  6688 I flutter : [APP] [Controller] restartCore() start, start=true
04-24 08:01:50.040  6688  6688 I flutter : [APP] [CoreLib] shutdown() called, completer.isCompleted=false
04-24 08:01:50.041  6688  6688 I flutter : [APP] [Controller] _connectCore() start
04-24 08:01:50.041  6688  6688 I flutter : [APP] [CoreLib] preload() start
04-24 08:01:50.042  6688  6688 I flutter : [APP] [CoreLib] preload() calling service.init()...
04-24 08:01:50.045  6688  6688 D [FlClash]: [ServicePlugin] handleInit() start
04-24 08:01:50.051  6688  7003 D [FlClash]: [ServicePlugin] handleInit() attempt 1
04-24 08:01:50.052  6944  7051 D [FlClash]: RemoveEventListener false
04-24 08:01:50.053  6688  7003 D [FlClash]: [ServicePlugin] handleInit() SUCCESS on attempt 1
04-24 08:01:50.056  6688  6688 I flutter : [APP] [CoreLib] preload() init result: ""
04-24 08:01:50.056  6688  6688 I flutter : [APP] [CoreLib] preload() completer completed
04-24 08:01:50.057  6688  6688 I flutter : [APP] [CoreLib] preload() calling syncState...
04-24 08:01:50.074  6688  6688 I flutter : [APP] [CoreLib] preload() syncState result: ""
04-24 08:01:50.121  6688  6688 I flutter : [APP] [Controller] restartCore() done
04-24 08:01:50.128  6688  6688 I flutter : [APP] [Controller] restartCore() done
04-24 08:01:50.163  6688  6693 I ollow.clash.dev: Background concurrent mark compact GC freed 1273KB AllocSpace bytes, 67(1992KB) LOS objects, 49% free, 3620KB/7240KB, paused 12.574ms,3.904ms total 67.119ms
04-24 08:01:50.349  6688  6688 I flutter : [APP] [Controller] _connectCore() preload result: ""
04-24 08:01:50.350  6688  6688 I flutter : [APP] [Controller] _connectCore() SUCCESS, setting connected
04-24 08:01:50.401  6688  6688 I flutter : [APP] setup ===>
04-24 08:01:50.520  6944  7051 D [FlClash]: remote startService
04-24 08:01:50.563  6944  7005 D [FlClash]: [ServiceDelegate] onServiceDisconnected: , waiting for rebind...
04-24 08:01:50.573  6944  7005 D [FlClash]: Background service disconnected: 
04-24 08:01:50.578  6944  7004 D addAddress: address: /172.19.0.1 prefixLength:30
04-24 08:01:50.655  6944  7004 D [FlClash]: Open http proxy
04-24 08:01:50.688   753  1702 D VpnJni  : Address added on tun0: 172.19.0.1/30
04-24 08:01:50.702   753   779 W Looper  : Drained
04-24 08:01:50.711   753  1702 D Vpn     : setting state=CONNECTING, reason=establish
04-24 08:01:50.722   753   922 D NetdWrapper: NetdWrapper interface add, iface= tun0
04-24 08:01:50.724   753   932 D InetDiagMessage: Destroyed 0 sockets, proto=IPPROTO_TCP, family=AF_INET, states=14
04-24 08:01:50.732   753   932 D InetDiagMessage: Destroyed 0 sockets, proto=IPPROTO_TCP, family=AF_INET6, states=14
04-24 08:01:50.749   753   932 D InetDiagMessage: Destroyed live tcp sockets for local address /172.19.0.1, netIdRanges[[0, 99]], uidRanges:null in 51ms
04-24 08:01:50.824   753  1702 D Vpn     : setting state=CONNECTING, reason=agentConnect
04-24 08:01:50.852   753  1702 I ConnectivityService: Update score for net 102 : +IS_UNMETERED+IS_VPN
04-24 08:01:50.866   753   838 I ActivityManager: Background started FGS: Allowed [callingPackage: com.follow.clash.dev; callingUid: 10227; uidState: TOP ; uidBFSL: [BFSL]; intent: Intent { cmp=com.follow.clash.dev/com.follow.clash.service.VpnService }; code:PROC_STATE_TOP; tempAllowListReason:<null>; allowWiu:12; targetSdkVersion:36; callerTargetSdkVersion:36; startForegroundCount:0; bindFromPackage:null: isBindService:false]; startForegroundDelayMs:119912
04-24 08:01:50.872   753   932 D ConnectivityService: NetReassign [no changes] [c 5] [a 8] [i 5]
04-24 08:01:50.873   753  1702 D ConnectivityService: registerNetworkAgent NetworkAgentInfo{network{102}  handle{441492361229}  ni{VPN CONNECTING extra: VPN:com.follow.clash.dev} created=2026-04-24T08:01:50.873Z Score(Policies : IS_UNMETERED&IS_VPN ; KeepConnected : 0)   lp{{InterfaceName: tun0 LinkAddresses: [ 172.19.0.1/30 ] DnsAddresses: [ /172.19.0.2 ] Domains:  MTU: 1400 Routes: [ 0.0.0.0/0 -> 0.0.0.0 tun0 mtu 0,::/0 unreachable mtu 0 ] HttpProxy: [127.0.0.1] 7890 xl=*zhihu.com,*zhimg.com,*jd.com,100ime-iat-api.xfyun.cn,*360buyimg.com,localhost,*.local,127.*,10.*,172.16.*,172.17.*,172.18.*,172.19.*,172.2*,172.30.*,172.31.*,192.168.*}}  nc{[ Transports: VPN Capabilities: NOT_METERED&INTERNET&NOT_RESTRICTED&TRUSTED&NOT_VCN_MANAGED&NOT_BANDWIDTH_CONSTRAINED TransportInfo: <VpnTransportInfo{type=1, sessionId=FlClash, bypassable=true longLivedTcpConnectionsExpensive=false}> Uids: <{0-99999}> OwnerUid: 10227 AdminUids: [10227] UnderlyingNetworks: Null]}  factorySerialNumber=4}
04-24 08:01:50.887   753   838 W ForegroundServiceTypeLoggerModule: Foreground service start for UID: 10227 does not have any types
04-24 08:01:50.912   753  1702 D Vpn     : setting state=CONNECTED, reason=agentConnect
04-24 08:01:50.914   753  1702 I Vpn     : Established by com.follow.clash.dev on tun0
04-24 08:01:50.920   753   932 D ConnectivityService: Message EVENT_NETWORK_INFO_CHANGED enqueued for agent with netId 102
04-24 08:01:50.947   753   981 D BackgroundInstallControlService: Package event received: 0
04-24 08:01:51.076   602   602 I adbd    : adbd_auth: loading keys from /data/misc/adb/adb_keys
04-24 08:01:51.080   753   932 D ConnectivityService: [102 WIFI|VPN] EVENT_NETWORK_INFO_CHANGED, going from CONNECTING to CONNECTING
04-24 08:01:51.121   753   932 D ConnectivityService: Adding iface tun0 to network 102
04-24 08:01:51.190  1142  8050 D NetworkMonitor/102: checkAndRenewResourceConfig: update captive portal https urls to [https://www.google.com/generate_204]
04-24 08:01:51.197  1142  8050 D NetworkMonitor/102: checkAndRenewResourceConfig: update captive portal http urls to [http://connectivitycheck.gstatic.com/generate_204]
04-24 08:01:51.200  1142  8050 D NetworkMonitor/102: checkAndRenewResourceConfig: update captive portal fallback urls to[http://www.google.com/gen_204, http://play.googleapis.com/generate_204]
04-24 08:01:51.207  1142  8050 D NetworkMonitor: Starting on network 102 with capport HTTPS URL [https://www.google.com/generate_204] and HTTP URL [http://connectivitycheck.gstatic.com/generate_204]
04-24 08:01:51.363   753   932 D ConnectivityService: Setting DNS servers for network 102 to [/172.19.0.2]
04-24 08:01:51.363   753   932 D DnsManager: sendDnsConfigurationForNetwork(ResolverParamsParcel{netId: 102, sampleValiditySeconds: 1800, successThreshold: 25, minSamples: 8, maxSamples: 64, baseTimeoutMsec: 0, retryCount: 0, servers: [172.19.0.2], domains: [], tlsName: , tlsServers: [], tlsFingerprints: [], caCertificate: , tlsConnectTimeoutMs: 0, resolverOptions: null, transportTypes: [1, 4], meteredNetwork: false, dohParams: null, interfaceNames: [tun0]})
04-24 08:01:51.376   753   753 V NotificationHistory: Attempted to add notif for locked/gone/disabled user 0
04-24 08:01:51.386  1613  2147 W AiAiEcho: LyftNotificationParser Ridesharing ETA not enabled
04-24 08:01:51.387  1613  2147 I AiAiEcho: SmartspaceNotificationPredictor no parser can handle this notification or notification is invalid
04-24 08:01:51.397   753   981 D BackgroundInstallControlService: Package event received: 0
04-24 08:01:51.460  6688  6752 D [FlClash]: [ServicePlugin] handleStart() completed, started=true, runTime=1777017711179
04-24 08:01:51.490   753   932 D ConnectivityService: [102 WIFI|VPN] EVENT_NETWORK_INFO_CHANGED, going from CONNECTING to CONNECTED
04-24 08:01:51.494   753   932 W DnsManager: updatePrivateDns(102, PrivateDnsConfig{opportunistic:/[], dohName=, dohIps=[], dohPath=, dohPort=-1})
04-24 08:01:51.497   753   932 D ConnectivityService: Setting DNS servers for network 102 to [/172.19.0.2]
04-24 08:01:51.501   753   932 D DnsManager: sendDnsConfigurationForNetwork(ResolverParamsParcel{netId: 102, sampleValiditySeconds: 1800, successThreshold: 25, minSamples: 8, maxSamples: 64, baseTimeoutMsec: 0, retryCount: 0, servers: [172.19.0.2], domains: [], tlsName: , tlsServers: [172.19.0.2], tlsFingerprints: [], caCertificate: , tlsConnectTimeoutMs: 0, resolverOptions: null, transportTypes: [1, 4], meteredNetwork: false, dohParams: null, interfaceNames: [tun0]})
04-24 08:01:51.506   523  8057 W resolv  : Validating DnsTlsServer {172.19.0.2/} with mark 0xf0066
04-24 08:01:51.516   753   932 D ProxyTracker: sending Proxy Broadcast for [] 0 xl=
04-24 08:01:51.542  1142  8050 D NetworkMonitor/102: Network would not satisfy default request, resolving private DNS
04-24 08:01:51.571   753   932 W libbinder.IPCThreadState: Sending oneway calls to frozen process.
04-24 08:01:51.596  1653  2227 I BugleRcsEngine: handleMessage processing message:[NOTIFY_UPTIME_IGNORE_STATE_CHANGED] with [non-null]:RcsEngineImpl reference [CONTEXT log_prefix="RcsEngineImpl[DUAL_REG]:[ea0084b2-8d5a]>Handler" thread_id=62 ]
04-24 08:01:51.613  1653  1894 I BugleRcsEngine: Connected state: [1], networkType: [WIFI] [CONTEXT thread_id=57 ]
04-24 08:01:51.627  6688  6688 I flutter : [APP] [Controller] restartCore() done
04-24 08:01:51.647  1613  2147 W AiAiEcho: LyftNotificationParser Ridesharing ETA not enabled
04-24 08:01:51.652  6944  7166 F lash.dev:remote: java_vm_ext.cc:620] JNI DETECTED ERROR IN APPLICATION: obj == null
04-24 08:01:51.652  6944  7166 F lash.dev:remote: java_vm_ext.cc:620]     in call to CallObjectMethodV
04-24 08:01:51.654  1613  2147 I AiAiEcho: SmartspaceNotificationPredictor no parser can handle this notification or notification is invalid
04-24 08:01:51.660   753   920 D NetworkStatsObservers: Registering observer for RequestInfo from pid/uid:753/1000(android) for DataUsageRequest [ requestId=12, networkTemplate=NetworkTemplate: matchRule=MOBILE, matchSubscriberIds=[310260...], matchWifiNetworkKeys=[], metered=YES, defaultNetwork=NO, thresholdInBytes=3505014 ] accessLevel:3
04-24 08:01:51.662   753  1030 D NetworkStatsObservers: Unregistering RequestInfo from pid/uid:753/1000(android) for DataUsageRequest [ requestId=11, networkTemplate=NetworkTemplate: matchRule=MOBILE, matchSubscriberIds=[310260...], matchWifiNetworkKeys=[], metered=YES, defaultNetwork=NO, thresholdInBytes=3506977 ] accessLevel:3
04-24 08:01:51.665  1653  1894 I BugleRcsEngine: Connected state: [1], networkType: [WIFI] [CONTEXT thread_id=57 ]
04-24 08:01:51.682   753  1728 E AppOps  : Bad call made by uid 1001. Package "com.android.phone" does not belong to uid 10155.
04-24 08:01:51.694   753  1728 E AppOps  : Cannot noteOperation
04-24 08:01:51.694   753  1728 E AppOps  : java.lang.SecurityException: Specified package "com.android.phone" under uid 10155 but it is not
04-24 08:01:51.694   753  1728 E AppOps  : 	at com.android.server.appop.AppOpsService.verifyAndGetBypass(AppOpsService.java:5033)
04-24 08:01:51.694   753  1728 E AppOps  : 	at com.android.server.appop.AppOpsService.verifyAndGetBypass(AppOpsService.java:4894)
04-24 08:01:51.694   753  1728 E AppOps  : 	at com.android.server.appop.AppOpsService.noteOperationUnchecked(AppOpsService.java:3409)
04-24 08:01:51.694   753  1728 E AppOps  : 	at com.android.server.appop.AppOpsService.noteOperationImpl(AppOpsService.java:3396)
04-24 08:01:51.694   753  1728 E AppOps  : 	at com.android.server.appop.AppOpsService.-$$Nest$mnoteOperationImpl(AppOpsService.java:0)
04-24 08:01:51.694   753  1728 E AppOps  : 	at com.android.server.appop.AppOpsService$CheckOpsDelegateDispatcher.$r8$lambda$eTKLGbByFLiOzK62QHhpSvtx4do(AppOpsService.java:0)
04-24 08:01:51.694   753  1728 E AppOps  : 	at com.android.server.appop.AppOpsService$CheckOpsDelegateDispatcher$$ExternalSyntheticLambda5.apply(R8$$SyntheticClass:0)
04-24 08:01:51.694   753  1728 E AppOps  : 	at com.android.server.policy.AppOpsPolicy.noteOperation(AppOpsPolicy.java:254)
04-24 08:01:51.694   753  1728 E AppOps  : 	at com.android.server.appop.AppOpsService$CheckOpsDelegateDispatcher.noteOperation(AppOpsService.java:7918)
04-24 08:01:51.694   753  1728 E AppOps  : 	at com.android.server.appop.AppOpsService.noteOperation(AppOpsService.java:3343)
04-24 08:01:51.694   753  1728 E AppOps  : 	at com.android.internal.app.IAppOpsService$Stub.onTransact(IAppOpsService.java:585)
04-24 08:01:51.694   753  1728 E AppOps  : 	at android.os.Binder.execTransactInternal(Binder.java:1473)
04-24 08:01:51.694   753  1728 E AppOps  : 	at android.os.Binder.execTransact(Binder.java:1418)
04-24 08:01:51.710   753   932 W libbinder.IPCThreadState: Sending oneway calls to frozen process.
04-24 08:01:51.716   753   932 W libbinder.IPCThreadState: Sending oneway calls to frozen process.
04-24 08:01:51.717   753   932 W libbinder.IPCThreadState: Sending oneway calls to frozen process.
04-24 08:01:51.729   753   965 D NetworkTimeUpdateService: New default network 102; checking time.
04-24 08:01:51.750  6688  6688 I flutter : [APP] connectivityChanged [ConnectivityResult.wifi, ConnectivityResult.vpn]
04-24 08:01:51.766   753   932 W libbinder.IPCThreadState: Sending oneway calls to frozen process.
04-24 08:01:51.797  6688  6688 I flutter : [APP] checkIp start
04-24 08:01:51.799  4869  4935 I NearbyMediums: WifiNetwork defaultNetworkCallback onAvailable netId:102
04-24 08:01:51.800  4869  6013 I NearbyMediums: [WifiNetworkV2] defaultNetworkCallback onCapabilitiesChanged network:102 [ WIFI VPN ] isNonBypassable:false
04-24 08:01:51.841  6688  6688 I flutter : [APP] find https://ipwho.is proxy:true
04-24 08:01:51.844  6688  6688 I flutter : [APP] find https://api.myip.com proxy:true
04-24 08:01:51.846  6688  6688 I flutter : [APP] find https://ipapi.co/json proxy:true
04-24 08:01:51.848  6688  6688 I flutter : [APP] find https://ident.me/json proxy:true
04-24 08:01:51.856  6688  6688 I flutter : [APP] find http://ip-api.com/json proxy:true
04-24 08:01:51.861  6688  6688 I flutter : [APP] find https://api.ip.sb/geoip proxy:true
04-24 08:01:51.866  6688  6688 I flutter : [APP] find https://ipinfo.io/json proxy:true
04-24 08:01:51.935   753  1814 D ActivityManager: sync unfroze 2375 com.google.android.apps.messaging for 7
04-24 08:01:51.949  6944  6949 W lash.dev:remote: Suspending all threads took: 52.244ms
04-24 08:01:51.985   753  1814 W ContentProviderHelper: Slow operation: 259ms so far, now at getContentProviderImpl: after updateOomAdj
04-24 08:01:51.988   753   932 W libbinder.IPCThreadState: Sending oneway calls to frozen process.
04-24 08:01:52.009   753   981 D BackgroundInstallControlService: Package event received: 0
04-24 08:01:52.021   753  1814 W ContentProviderHelper: Slow operation: 304ms so far, now at getContentProviderImpl: done!
04-24 08:01:52.031   753   920 D NetworkStatsObservers: Registering observer for RequestInfo from pid/uid:753/1000(android) for DataUsageRequest [ requestId=13, networkTemplate=NetworkTemplate: matchRule=MOBILE, matchSubscriberIds=[310260...], matchWifiNetworkKeys=[], metered=YES, defaultNetwork=NO, thresholdInBytes=3502247 ] accessLevel:3
04-24 08:01:52.042   753  1030 D NetworkStatsObservers: Unregistering RequestInfo from pid/uid:753/1000(android) for DataUsageRequest [ requestId=12, networkTemplate=NetworkTemplate: matchRule=MOBILE, matchSubscriberIds=[310260...], matchWifiNetworkKeys=[], metered=YES, defaultNetwork=NO, thresholdInBytes=3505014 ] accessLevel:3
04-24 08:01:52.092   753   932 D ConnectivityService: Sending CONNECTED broadcast for type 17 [102 WIFI|VPN] isDefaultNetwork=false
04-24 08:01:52.100  2375  3072 D WM-NetworkStateTracker: Network capabilities changed: [ Transports: WIFI|VPN Capabilities: NOT_METERED&INTERNET&NOT_RESTRICTED&TRUSTED&NOT_ROAMING&FOREGROUND&NOT_CONGESTED&NOT_SUSPENDED&NOT_VCN_MANAGED&NOT_BANDWIDTH_CONSTRAINED LinkUpBandwidth>=12000Kbps LinkDnBandwidth>=30000Kbps TransportInfo: <VpnTransportInfo{type=1, sessionId=null, bypassable=true longLivedTcpConnectionsExpensive=false}> UnderlyingNetworks: Null]
04-24 08:01:52.131   753   922 I HalDevMgr: bestIfaceCreationProposal is null, requestIface=STA, existingIface=[name=wlan0 type=STA]
04-24 08:01:52.136   753   932 W ContextImpl: Calling a method in the system process without a qualified user: android.app.ContextImpl.sendStickyBroadcast:1758 android.net.connectivity.com.android.server.ConnectivityService.sendStickyBroadcast:4373 android.net.connectivity.com.android.server.ConnectivityService.sendGeneralBroadcast:4343 android.net.connectivity.com.android.server.ConnectivityService.sendConnectedBroadcast:4316 android.net.connectivity.com.android.server.ConnectivityService.sendLegacyNetworkBroadcast:13209 
04-24 08:01:52.152   753   932 D ConnectivityService: NetReassign [19 : 100 → 102, 28 : 100 → 102, 252 : 100 → 102, 6 : 100 → 102, 174 : 100 → 102, 230 : 100 → 102, 232 : 100 → 102, 80 : 100 → 102, 224 : 100 → 102, 332 : 100 → 102, 247 : 100 → 102, 243 : 100 → 102, 64 : 100 → 102, 275 : 100 → 102, 30 : 100 → 102, 168 : 100 → 102, 278 : 100 → 102, 269 : 100 → 102, 23 : 100 → 102, 293 : 100 → 102, 355 : 100 → 102, 342 : 100 → 102, 35 : 100 → 102, 307 : 100 → 102, 337 : 100 → 102, 303 : 100 → 102, 48 : 100 → 102, 21 : 100 → 102, 172 : 100 → 102, 346 : 100 → 102, 33 : 100 → 102, 56 : 100 → 102, 130 : 100 → 102, 259 : 100 → 102, 58 : 100 → 102, 126 : 100 → 102, 263 : 100 → 102, 214 : 100 → 102, 44 : 100 → 102, 335 : 100 → 102, 146 : 100 → 102, 50 : 100 → 102, 295 : 100 → 102, 281 : 100 → 102, 62 : 100 → 102, 256 : 100 → 102, 78 : 100 → 102, 128 : 100 → 102, 38 : 100 → 102, 284 : 100 → 102, 226 : 100 → 102, 222 : 100 → 102, 166 : 100 → 102] [c 1] [a 617] [i 2]
04-24 08:01:52.163   753   932 I ConnectivityService: Update score for net 102 : +EVER_EVALUATED
04-24 08:01:52.163   753   932 D ConnectivityService: [102 WIFI|VPN] validation passed
04-24 08:01:52.164   753   932 I ConnectivityService: Update capabilities for net 102 : +VALIDATED
04-24 08:01:52.164   753   932 I ConnectivityService: Update score for net 102 : +EVER_VALIDATED+IS_VALIDATED
04-24 08:01:52.167   753   932 D ConnectivityService: NetReassign [no changes] [c 1] [a 0] [i 1]
04-24 08:01:52.183  2375  3072 D WM-NetworkStateTracker: Network capabilities changed: [ Transports: WIFI|VPN Capabilities: NOT_METERED&INTERNET&NOT_RESTRICTED&TRUSTED&VALIDATED&NOT_ROAMING&FOREGROUND&NOT_CONGESTED&NOT_SUSPENDED&NOT_VCN_MANAGED&NOT_BANDWIDTH_CONSTRAINED LinkUpBandwidth>=12000Kbps LinkDnBandwidth>=30000Kbps TransportInfo: <VpnTransportInfo{type=1, sessionId=null, bypassable=true longLivedTcpConnectionsExpensive=false}> UnderlyingNetworks: Null]
04-24 08:01:52.184   753   932 W libbinder.IPCThreadState: Sending oneway calls to frozen process.
04-24 08:01:52.184   753   932 W libbinder.IPCThreadState: Sending oneway calls to frozen process.
04-24 08:01:52.186   753   932 W libbinder.IPCThreadState: Sending oneway calls to frozen process.
04-24 08:01:52.188   753   932 W libbinder.IPCThreadState: Sending oneway calls to frozen process.
04-24 08:01:52.188   753   932 D ConnectivityService: Setting DNS servers for network 102 to [/172.19.0.2]
04-24 08:01:52.188   753   932 D DnsManager: sendDnsConfigurationForNetwork(ResolverParamsParcel{netId: 102, sampleValiditySeconds: 1800, successThreshold: 25, minSamples: 8, maxSamples: 64, baseTimeoutMsec: 0, retryCount: 0, servers: [172.19.0.2], domains: [], tlsName: , tlsServers: [172.19.0.2], tlsFingerprints: [], caCertificate: , tlsConnectTimeoutMs: 0, resolverOptions: null, transportTypes: [1, 4], meteredNetwork: false, dohParams: null, interfaceNames: [tun0]})
04-24 08:01:52.215  6944  8090 F lash.dev:remote: java_vm_ext.cc:620] JNI DETECTED ERROR IN APPLICATION: obj == null
04-24 08:01:52.215  6944  8090 F lash.dev:remote: java_vm_ext.cc:620]     in call to CallObjectMethodV
04-24 08:01:52.226  6944  6998 F lash.dev:remote: java_vm_ext.cc:620] JNI DETECTED ERROR IN APPLICATION: obj == null
04-24 08:01:52.226  6944  6998 F lash.dev:remote: java_vm_ext.cc:620]     in call to CallObjectMethodV
04-24 08:01:52.233  6944  6983 F lash.dev:remote: java_vm_ext.cc:620] JNI DETECTED ERROR IN APPLICATION: obj == null
04-24 08:01:52.233  6944  6983 F lash.dev:remote: java_vm_ext.cc:620]     in call to CallObjectMethodV
04-24 08:01:52.243  1653  1894 I BugleRcsEngine: Connected state: [1], networkType: [WIFI] [CONTEXT thread_id=57 ]
04-24 08:01:52.341  1653  2227 I BugleRcsEngine: No RCS Configuration was found in Bugle for simID: redacted-pii:sim_id[chars:20,last3:897] [CONTEXT log_prefix="ProvisioningEngineDataRetriever" thread_id=62 ]
04-24 08:01:52.350  1653  2227 I BugleRcsEngine: handleMessage processing message:[NOTIFY_UPTIME_IGNORE_STATE_CHANGED] with [non-null]:RcsEngineImpl reference [CONTEXT log_prefix="RcsEngineImpl[DUAL_REG]:[ea0084b2-8d5a]>Handler" thread_id=62 ]
04-24 08:01:52.393   753   779 I GnssNetworkConnectivityHandler: updateNetworkState, state=CLOSED, connected=true, network=102, capabilityFlags=3, availableNetworkCount: 3
04-24 08:01:52.407   753   779 W Looper  : Slow dispatch took 151ms android.fg app=system_server main=false group=FOREGROUND h=android.net.ConnectivityManager$CallbackHandler c=null m=2
04-24 08:01:52.454   753   779 W Looper  : Slow delivery took 249ms android.fg app=system_server main=false group=FOREGROUND h=android.net.ConnectivityManager$CallbackHandler c=null m=6
04-24 08:01:52.486  4869  6013 I NearbyMediums: [WifiNetworkV2] defaultNetworkCallback onCapabilitiesChanged network:102 [ WIFI VPN ] isNonBypassable:false
04-24 08:01:52.560  6944  6949 W lash.dev:remote: Suspending all threads took: 41.945ms
04-24 08:01:52.588   753  1030 D NetworkStatsObservers: Unregistering RequestInfo from pid/uid:753/1000(android) for DataUsageRequest [ requestId=13, networkTemplate=NetworkTemplate: matchRule=MOBILE, matchSubscriberIds=[310260...], matchWifiNetworkKeys=[], metered=YES, defaultNetwork=NO, thresholdInBytes=3502247 ] accessLevel:3
04-24 08:01:52.595  1653  2227 I BugleRcsEngine: No RCS Configuration was found in Bugle for simID: redacted-pii:sim_id[chars:20,last3:897] [CONTEXT log_prefix="ProvisioningEngineDataRetriever" thread_id=62 ]
04-24 08:01:52.597  1653  2227 I BugleRcsEngine: handleMessage processing message:[NOTIFY_UPTIME_IGNORE_STATE_CHANGED] with [non-null]:RcsEngineImpl reference [CONTEXT log_prefix="RcsEngineImpl[DUAL_REG]:[ea0084b2-8d5a]>Handler" thread_id=62 ]
04-24 08:01:52.598   753   920 D NetworkStatsObservers: Registering observer for RequestInfo from pid/uid:753/1000(android) for DataUsageRequest [ requestId=14, networkTemplate=NetworkTemplate: matchRule=MOBILE, matchSubscriberIds=[310260...], matchWifiNetworkKeys=[], metered=YES, defaultNetwork=NO, thresholdInBytes=3498793 ] accessLevel:3
04-24 08:01:52.725  5173  8112 I DeviceStatusMonitor: DeviceStatusMonitor.handleBroadcast():123 onReceive() : Action = android.net.conn.CONNECTIVITY_CHANGE
04-24 08:01:52.740  5173  8112 I DeviceStatusMonitor: DeviceStatusMonitor.notifyIfNetworkChanged():180 notifyIfNetworkChanged: newState = NON_METERED, airplaneModeOn = false, notifyAnyway = false
04-24 08:01:52.804  1653  2227 I BugleRcsEngine: No RCS Configuration was found in Bugle for simID: redacted-pii:sim_id[chars:20,last3:897] [CONTEXT log_prefix="ProvisioningEngineDataRetriever" thread_id=62 ]
04-24 08:01:52.835  4869  5107 I NearbyDiscovery: (REDACTED) FastPairHandler: Received action %s
04-24 08:01:52.845   533  4333 D android.hardware.audio@7.1-impl.ranchu: threadLoop: entering standby, frames: 4968896
04-24 08:01:52.845   533  4333 D android.hardware.audio@7.1-impl.ranchu: ~TinyalsaSink: joining consumeThread
04-24 08:01:52.857   533  8040 D android.hardware.audio@7.1-impl.ranchu: consumeThread: exiting
04-24 08:01:52.865   533  4333 D android.hardware.audio@7.1-impl.ranchu: ~TinyalsaSink: stopping PCM stream
04-24 08:01:52.888  4869  7791 W ctxmgr  : [NetworkStateProducer] No state change for network connection context [CONTEXT service_id=47 ]
04-24 08:01:52.900  1032  1139 I PluginActionManager[com.android.systemui.action.PLUGIN_NOTIFICATION_MENU_ROW]: Found 0 plugins
04-24 08:01:52.977   753   838 D OomAdjuster: Not killing cached processes
04-24 08:01:53.034  2375  8103 I BugleDataModel: ActionExecutorImpl: ACTION_EXECUTE_QUEUED_CountryCodeDetectorAction
04-24 08:01:53.041  2375  8101 I BugleDataModel: ExecuteActionRunnable: running action CountryCodeDetectorAction
04-24 08:01:53.050  2375  8101 I BugleDataModel: ActionExecutorImpl: ACTION_BACKGROUND_QUEUED_CountryCodeDetectorAction
04-24 08:01:53.096  2375  8102 I Bugle   : CountryCodeDetector: updateSmsNetworkCountry from default subscription network country. detected country: us
04-24 08:01:53.103  2375  8102 I BugleDataModel: ActionExecutorImpl: ACTION_RESPONSE_QUEUED_CountryCodeDetectorAction
04-24 08:01:53.140  6944  7166 F lash.dev:remote: runtime.cc:714] Runtime aborting...
04-24 08:01:53.140  6944  7166 F lash.dev:remote: runtime.cc:714] Dumping all threads without mutator lock held
04-24 08:01:53.140  6944  7166 F lash.dev:remote: runtime.cc:714] All threads:
04-24 08:01:53.140  6944  7166 F lash.dev:remote: runtime.cc:714] DALVIK THREADS (36):
04-24 08:01:53.140  6944  7166 F lash.dev:remote: runtime.cc:714] "main" prio=5 tid=1 Native
04-24 08:01:53.140  6944  7166 F lash.dev:remote: runtime.cc:714]   | group="" sCount=1 ucsCount=0 flags=1 obj=0x0 self=0x72691f00d010
04-24 08:01:53.140  6944  7166 F lash.dev:remote: runtime.cc:714]   | sysTid=6944 nice=0 cgrp=foreground sched=0/0 handle=0x726a7f2f0050
04-24 08:01:53.140  6944  7166 F lash.dev:remote: runtime.cc:714]   | state=S schedstat=( 70902630 20579221126 127 ) utm=1 stm=5 core=3 HZ=100
04-24 08:01:53.140  6944  7166 F lash.dev:remote: runtime.cc:714]   | stack=0x7ffed68aa000-0x7ffed68ac000 stackSize=8188KB
04-24 08:01:53.140  6944  7166 F lash.dev:remote: runtime.cc:714]   | held mutexes=
04-24 08:01:53.140  6944  7166 F lash.dev:remote: runtime.cc:714]   native: #00 pc 000e06da  /apex/com.android.runtime/lib64/bionic/libc.so (__epoll_pwait+10) (BuildId: 3f8afd2a8485f380e843af6d787a9af4)
04-24 08:01:53.140  6944  7166 F lash.dev:remote: runtime.cc:714]   native: #01 pc 0001b353  /system/lib64/libutils.so (android::Looper::pollOnce+371) (BuildId: b2be58561f9e57987c9cc36d40a54c15)
04-24 08:01:53.140  6944  7166 F lash.dev:remote: runtime.cc:714]   native: #02 pc 001bf296  /system/lib64/libandroid_runtime.so (android::android_os_MessageQueue_nativePollOnce+38) (BuildId: 14e015f8c02f7488e89f9924409b56fb)
04-24 08:01:53.140  6944  7166 F lash.dev:remote: runtime.cc:714]   at android.os.MessageQueue.nativePollOnce(Native method)
04-24 08:01:53.140  6944  7166 F lash.dev:remote: runtime.cc:714]   at android.os.MessageQueue.nextLegacy(MessageQueue.java:985)
04-24 08:01:53.140  6944  7166 F lash.dev:remote: runtime.cc:714]   at android.os.MessageQueue.next(MessageQueue.java:1094)
04-24 08:01:53.140  6944  7166 F lash.dev:remote: runtime.cc:714]   at android.os.Looper.loopOnce(Looper.java:197)
04-24 08:01:53.140  6944  7166 F lash.dev:remote: runtime.cc:714]   at android.os.Looper.loop(Looper.java:367)
04-24 08:01:53.140  6944  7166 F lash.dev:remote: runtime.cc:714]   at android.app.ActivityThread.main(ActivityThread.java:9287)
04-24 08:01:53.140  6944  7166 F lash.dev:remote: runtime.cc:714]   at java.lang.reflect.Method.invoke(Native method)
04-24 08:01:53.140  6944  7166 F lash.dev:remote: runtime.cc:714]   at com.android.internal.os.RuntimeInit$MethodAndArgsCaller.run(RuntimeInit.java:566)
04-24 08:01:53.140  6944  7166 F lash.dev:remote: runtime.cc:714]   at com.android.internal.os.ZygoteInit.main(ZygoteInit.java:929)
04-24 08:01:53.140  6944  7166 F lash.dev:remote: runtime.cc:714] 
04-24 08:01:53.140  6944  7166 F lash.dev:remote: runtime.cc:714] "ReferenceQueueDaemon" prio=5 tid=7 Waiting
04-24 08:01:53.140  6944  7166 F lash.dev:remote: runtime.cc:714]   | group="" sCount=1 ucsCount=0 flags=1 obj=0x0 self=0x72691f0176f0
04-24 08:01:53.140  6944  7166 F lash.dev:remote: runtime.cc:714]   | sysTid=6950 nice=4 cgrp=foreground sched=0/0 handle=0x72671ace8420
04-24 08:01:53.140  6944  7166 F lash.dev:remote: runtime.cc:714]   | state=S schedstat=( 15786220 161944933 71 ) utm=0 stm=1 core=3 HZ=100
04-24 08:01:53.140  6944  7166 F lash.dev:remote: runtime.cc:714]   | stack=0x72671abe5000-0x72671abe7000 stackSize=1037KB
04-24 08:01:53.140  6944  7166 F lash.dev:remote: runtime.cc:714]   | held mutexes=
04-24 08:01:53.140  6944  7166 F lash.dev:remote: runtime.cc:714]   native: #00 pc 00096476  /apex/com.android.runtime/lib64/bionic/libc.so (syscall+22) (BuildId: 3f8afd2a8485f380e843af6d787a9af4)
04-24 08:01:53.140  6944  7166 F lash.dev:remote: runtime.cc:714]   native: #01 pc 0047234f  /apex/com.android.art/lib64/libart.so (art::ConditionVariable::WaitHoldingLocks+111) (BuildId: 443d8619760adcc9570ec4eb148f8292)
04-24 08:01:53.140  6944  7166 F lash.dev:remote: runtime.cc:714]   native: #02 pc 007c4b9c  /apex/com.android.art/lib64/libart.so (art::Monitor::Wait+1644) (BuildId: 443d8619760adcc9570ec4eb148f8292)
04-24 08:01:53.140  6944  7166 F lash.dev:remote: runtime.cc:714]   at java.lang.Object.wait(Native method)
04-24 08:01:53.140  6944  7166 F lash.dev:remote: runtime.cc:714]   - waiting on <0x00e7d334> (a java.lang.Class<java.lang.ref.ReferenceQueue>)
04-24 08:01:53.140  6944  7166 F lash.dev:remote: runtime.cc:714]   at java.lang.Object.wait(Object.java:405)
04-24 08:01:53.140  6944  7166 F lash.dev:remote: runtime.cc:714]   at java.lang.Object.wait(Object.java:543)
04-24 08:01:53.140  6944  7166 F lash.dev:remote: runtime.cc:714]   at java.lang.Daemons$ReferenceQueueDaemon.runInternal(Daemons.java:262)
04-24 08:01:53.140  6944  7166 F lash.dev:remote: runtime.cc:714]   - locked <0x00e7d334> (a java.lang.Class<java.lang.ref.ReferenceQueue>)
04-24 08:01:53.140  6944  7166 F lash.dev:remote: runtime.cc:714]   at java.lang.Daemons$Daemon.run(Daemons.java:135)
04-24 08:01:53.140  6944  7166 F lash.dev:remote: runtime.cc:714]   at java.lang.Thread.run(Thread.java:1563)
04-24 08:01:53.140  6944  7166 F lash.dev:remote: runtime.cc:714] 
04-24 08:01:53.140  6944  7166 F lash.dev:remote: runtime.cc:714] "FinalizerDaemon" prio=5 tid=8 Waiting
04-24 08:01:53.140  6944  7166 F lash.dev:remote: runtime.cc:714]   | group="" sCount=1 ucsCount=0 flags=1 obj=0x0 self=0x72691f0192c0
04-24 08:01:53.140  6944  7166 F lash.dev:remote: runtime.cc:714]   | sysTid=6951 nice=4 cgrp=foreground sched=0/0 handle=0x72671abd8420
04-24 08:01:53.140  6944  7166 F lash.dev:remote: runtime.cc:714]   | state=S schedstat=( 6274381 105733762 23 ) utm=0 stm=0 core=0 HZ=100
04-24 08:01:53.140  6944  7166 F lash.dev:remote: runtime.cc:714]   | stack=0x72671aad5000-0x72671aad7000 stackSize=1037KB
04-24 08:01:53.140  6944  7166 F lash.dev:remote: runtime.cc:714]   | held mutexes=
04-24 08:01:53.140  6944  7166 F lash.dev:remote: runtime.cc:714]   native: #00 pc 00096478  /apex/com.android.runtime/lib64/bionic/libc.so (syscall+24) (BuildId: 3f8afd2a8485f380e843af6d787a9af4)
04-24 08:01:53.140  6944  7166 F lash.dev:remote: runtime.cc:714]   native: #01 pc 0047234f  /apex/com.android.art/lib64/libart.so (art::ConditionVariable::WaitHoldingLocks+111) (BuildId: 443d8619760adcc9570ec4eb148f8292)
04-24 08:01:53.141  6944  7166 F lash.dev:remote: runtime.cc:714]   native: #02 pc 007c4b9c  /apex/com.android.art/lib64/libart.so (art::Monitor::Wait+1644) (BuildId: 443d8619760adcc9570ec4eb148f8292)
04-24 08:01:53.141  6944  7166 F lash.dev:remote: runtime.cc:714]   at java.lang.Object.wait(Native method)
04-24 08:01:53.141  6944  7166 F lash.dev:remote: runtime.cc:714]   - waiting on <0x0346f55d> (a java.lang.Object)
04-24 08:01:53.141  6944  7166 F lash.dev:remote: runtime.cc:714]   at java.lang.Object.wait(Object.java:405)
04-24 08:01:53.141  6944  7166 F lash.dev:remote: runtime.cc:714]   at java.lang.ref.ReferenceQueue.remove(ReferenceQueue.java:207)
04-24 08:01:53.141  6944  7166 F lash.dev:remote: runtime.cc:714]   - locked <0x0346f55d> (a java.lang.Object)
04-24 08:01:53.141  6944  7166 F lash.dev:remote: runtime.cc:714]   at java.lang.ref.ReferenceQueue.remove(ReferenceQueue.java:228)
04-24 08:01:53.141  6944  7166 F lash.dev:remote: runtime.cc:714]   at java.lang.Daemons$FinalizerDaemon.runInternal(Daemons.java:350)
04-24 08:01:53.141  6944  7166 F lash.dev:remote: runtime.cc:714]   at java.lang.Daemons$Daemon.run(Daemons.java:135)
04-24 08:01:53.141  6944  7166 F lash.dev:remote: runtime.cc:714]   at java.lang.Thread.run(Thread.java:1563)
04-24 08:01:53.141  6944  7166 F lash.dev:remote: runtime.cc:714] 
04-24 08:01:53.141  6944  7166 F lash.dev:remote: runtime.cc:714] "FinalizerWatchdogDaemon" prio=5 tid=10 Sleeping
04-24 08:01:53.141  6944  7166 F lash.dev:remote: runtime.cc:714]   | group="" sCount=1 ucsCount=0 flags=1 obj=0x0 self=0x72691f02e080
04-24 08:01:53.141  6944  7166 F lash.dev:remote: runtime.cc:714]   | sysTid=6952 nice=4 cgrp=foreground sched=0/0 handle=0x72671aac8420
04-24 08:01:53.141  6944  7166 F lash.dev:remote: runtime.cc:714]   | state=S schedstat=( 4418383 92916663 13 ) utm=0 stm=0 core=0 HZ=100
04-24 08:01:53.141  6944  7166 F lash.dev:remote: runtime.cc:714]   | stack=0x72671a9c5000-0x72671a9c7000 stackSize=1037KB
04-24 08:01:53.141  6944  7166 F lash.dev:remote: runtime.cc:714]   | held mutexes=
04-24 08:01:53.141  6944  7166 F lash.dev:remote: runtime.cc:714]   native: #00 pc 00096478  /apex/com.android.runtime/lib64/bionic/libc.so (syscall+24) (BuildId: 3f8afd2a8485f380e843af6d787a9af4)
04-24 08:01:53.141  6944  7166 F lash.dev:remote: runtime.cc:714]   native: #01 pc 00472787  /apex/com.android.art/lib64/libart.so (art::ConditionVariable::TimedWait+151) (BuildId: 443d8619760adcc9570ec4eb148f8292)
04-24 08:01:53.141  6944  7166 F lash.dev:remote: runtime.cc:714]   native: #02 pc 007c4bac  /apex/com.android.art/lib64/libart.so (art::Monitor::Wait+1660) (BuildId: 443d8619760adcc9570ec4eb148f8292)
04-24 08:01:53.141  6944  7166 F lash.dev:remote: runtime.cc:714]   at java.lang.Thread.sleep(Native method)
04-24 08:01:53.141  6944  7166 F lash.dev:remote: runtime.cc:714]   - sleeping on <0x06e6fed2> (a java.lang.Object)
04-24 08:01:53.141  6944  7166 F lash.dev:remote: runtime.cc:714]   at java.lang.Thread.sleep0(Thread.java:681)
04-24 08:01:53.141  6944  7166 F lash.dev:remote: runtime.cc:714]   - locked <0x06e6fed2> (a java.lang.Object)
04-24 08:01:53.141  6944  7166 F lash.dev:remote: runtime.cc:714]   at java.lang.Thread.sleep(Thread.java:659)
04-24 08:01:53.141  6944  7166 F lash.dev:remote: runtime.cc:714]   at java.lang.Thread.sleep(Thread.java:572)
04-24 08:01:53.141  6944  7166 F lash.dev:remote: runtime.cc:714]   at java.lang.Daemons$FinalizerWatchdogDaemon.sleepForNanos(Daemons.java:536)
04-24 08:01:53.141  6944  7166 F lash.dev:remote: runtime.cc:714]   at java.lang.Daemons$FinalizerWatchdogDaemon.waitForProgress(Daemons.java:595)
04-24 08:01:53.141  6944  7166 F lash.dev:remote: runtime.cc:714]   at java.lang.Daemons$FinalizerWatchdogDaemon.runInternal(Daemons.java:467)
04-24 08:01:53.141  6944  7166 F lash.dev:remote: runtime.cc:714]   at java.lang.Daemons$Daemon.run(Daemons.java:135)
04-24 08:01:53.141  6944  7166 F lash.dev:remote: runtime.cc:714]   at java.lang.Thread.run(Thread.java:1563)
04-24 08:01:53.141  6944  7166 F lash.dev:remote: runtime.cc:714] 
04-24 08:01:53.141  6944  7166 F lash.dev:remote: runtime.cc:714] "GmsDynamite" prio=1 tid=26 Waiting
04-24 08:01:53.141  6944  7166 F lash.dev:remote: runtime.cc:714]   | group="" sCount=1 ucsCount=0 flags=1 obj=0x0 self=0x72691f054460
04-24 08:01:53.141  6944  7166 F lash.dev:remote: runtime.cc:714]   | sysTid=7026 nice=19 cgrp=foreground sched=0/0 handle=0x726706fb4420
04-24 08:01:53.141  6944  7166 F lash.dev:remote: runtime.cc:714]   | state=S schedstat=( 74070 15347029 2 ) utm=0 stm=0 core=3 HZ=100
04-24 08:01:53.141  6944  7166 F lash.dev:remote: runtime.cc:714]   | stack=0x726706eb1000-0x726706eb3000 stackSize=1037KB
04-24 08:01:53.141  6944  7166 F lash.dev:remote: runtime.cc:714]   | held mutexes=
04-24 08:01:53.141  6944  7166 F lash.dev:remote: runtime.cc:714]   native: #00 pc 00096476  /apex/com.android.runtime/lib64/bionic/libc.so (syscall+22) (BuildId: 3f8afd2a8485f380e843af6d787a9af4)
04-24 08:01:53.141  6944  7166 F lash.dev:remote: runtime.cc:714]   native: #01 pc 0047234f  /apex/com.android.art/lib64/libart.so (art::ConditionVariable::WaitHoldingLocks+111) (BuildId: 443d8619760adcc9570ec4eb148f8292)
04-24 08:01:53.141  6944  7166 F lash.dev:remote: runtime.cc:714]   native: #02 pc 007c4b9c  /apex/com.android.art/lib64/libart.so (art::Monitor::Wait+1644) (BuildId: 443d8619760adcc9570ec4eb148f8292)
04-24 08:01:53.141  6944  7166 F lash.dev:remote: runtime.cc:714]   at java.lang.Object.wait(Native method)
04-24 08:01:53.141  6944  7166 F lash.dev:remote: runtime.cc:714]   - waiting on <0x0a6aaba3> (a l2.f)
04-24 08:01:53.141  6944  7166 F lash.dev:remote: runtime.cc:714]   at java.lang.Object.wait(Object.java:405)
04-24 08:01:53.141  6944  7166 F lash.dev:remote: runtime.cc:714]   at java.lang.Object.wait(Object.java:543)
04-24 08:01:53.141  6944  7166 F lash.dev:remote: runtime.cc:714]   at l2.f.run(r8-map-id-66ec0a0f30ca24f23f3c2eeaa89e210c92b311f789efcddadaf1169db633c197:7)
04-24 08:01:53.141  6944  7166 F lash.dev:remote: runtime.cc:714]   - locked <0x0a6aaba3> (a l2.f)
04-24 08:01:53.141  6944  7166 F lash.dev:remote: runtime.cc:714] 
04-24 08:01:53.141  6944  7166 F lash.dev:remote: runtime.cc:714] "Signal Catcher" prio=10 tid=2 WaitingInMainSignalCatcherLoop
04-24 08:01:53.141  6944  7166 F lash.dev:remote: runtime.cc:714]   | group="" sCount=1 ucsCount=0 flags=1 obj=0x0 self=0x72691f00ebe0
04-24 08:01:53.141  6944  7166 F lash.dev:remote: runtime.cc:714]   | sysTid=6946 nice=-20 cgrp=foreground sched=0/0 handle=0x7267714ac420
04-24 08:01:53.141  6944  7166 F lash.dev:remote: runtime.cc:714]   | state=S schedstat=( 225971 390432 1 ) utm=0 stm=0 core=2 HZ=100
04-24 08:01:53.141  6944  7166 F lash.dev:remote: runtime.cc:714]   | stack=0x7267713b5000-0x7267713b7000 stackSize=989KB
04-24 08:01:53.141  6944  7166 F lash.dev:remote: runtime.cc:714]   | held mutexes=
04-24 08:01:53.141  6944  7166 F lash.dev:remote: runtime.cc:714]   native: #00 pc 000e00ba  /apex/com.android.runtime/lib64/bionic/libc.so (__rt_sigtimedwait+10) (BuildId: 3f8afd2a8485f380e843af6d787a9af4)
04-24 08:01:53.141  6944  7166 F lash.dev:remote: runtime.cc:714]   native: #01 pc 00085f7e  /apex/com.android.runtime/lib64/bionic/libc.so (sigwaitinfo64+78) (BuildId: 3f8afd2a8485f380e843af6d787a9af4)
04-24 08:01:53.141  6944  7166 F lash.dev:remote: runtime.cc:714]   native: #02 pc 008ff912  /apex/com.android.art/lib64/libart.so (art::SignalCatcher::Run+1026) (BuildId: 443d8619760adcc9570ec4eb148f8292)
04-24 08:01:53.141  6944  7166 F lash.dev:remote: runtime.cc:714]   native: #03 pc 00080daf  /apex/com.android.runtime/lib64/bionic/libc.so (__pthread_start +63) (BuildId: 3f8afd2a8485f380e843af6d787a9af4)
04-24 08:01:53.141  6944  7166 F lash.dev:remote: runtime.cc:714]   native: #04 pc 000734fd  /apex/com.android.runtime/lib64/bionic/libc.so (__start_thread+61) (BuildId: 3f8afd2a8485f380e843af6d787a9af4)
